
Discarded input sections

 .text          0x00000000        0x0 build/os/tpl_os_kernel.c.o
 .data          0x00000000        0x0 build/os/tpl_os_kernel.c.o
 .bss           0x00000000        0x0 build/os/tpl_os_kernel.c.o
 .text          0x00000000        0x0 build/os/tpl_os_timeobj_kernel.c.o
 .data          0x00000000        0x0 build/os/tpl_os_timeobj_kernel.c.o
 .bss           0x00000000        0x0 build/os/tpl_os_timeobj_kernel.c.o
 .text          0x00000000        0x0 build/os/tpl_os_action.c.o
 .data          0x00000000        0x0 build/os/tpl_os_action.c.o
 .bss           0x00000000        0x0 build/os/tpl_os_action.c.o
 .osCode        0x00000000       0x42 build/os/tpl_os_action.c.o
 .debug_info    0x00000000      0x1e0 build/os/tpl_os_action.c.o
 .debug_abbrev  0x00000000       0xda build/os/tpl_os_action.c.o
 .debug_aranges
                0x00000000       0x28 build/os/tpl_os_action.c.o
 .debug_ranges  0x00000000       0x18 build/os/tpl_os_action.c.o
 .debug_line    0x00000000      0x10d build/os/tpl_os_action.c.o
 .debug_str     0x00000000      0x2e4 build/os/tpl_os_action.c.o
 .comment       0x00000000       0x4e build/os/tpl_os_action.c.o
 .debug_frame   0x00000000       0x58 build/os/tpl_os_action.c.o
 .ARM.attributes
                0x00000000       0x2e build/os/tpl_os_action.c.o
 .text          0x00000000        0x0 build/os/tpl_os_error.c.o
 .data          0x00000000        0x0 build/os/tpl_os_error.c.o
 .bss           0x00000000        0x0 build/os/tpl_os_error.c.o
 .debug_info    0x00000000       0x64 build/os/tpl_os_error.c.o
 .debug_abbrev  0x00000000       0x26 build/os/tpl_os_error.c.o
 .debug_aranges
                0x00000000       0x18 build/os/tpl_os_error.c.o
 .debug_line    0x00000000       0x1d build/os/tpl_os_error.c.o
 .debug_str     0x00000000      0x1b9 build/os/tpl_os_error.c.o
 .comment       0x00000000       0x4e build/os/tpl_os_error.c.o
 .ARM.attributes
                0x00000000       0x37 build/os/tpl_os_error.c.o
 .text          0x00000000        0x0 build/os/tpl_os_os_kernel.c.o
 .data          0x00000000        0x0 build/os/tpl_os_os_kernel.c.o
 .bss           0x00000000        0x0 build/os/tpl_os_os_kernel.c.o
 .text          0x00000000        0x0 build/os/tpl_os_os.c.o
 .data          0x00000000        0x0 build/os/tpl_os_os.c.o
 .bss           0x00000000        0x0 build/os/tpl_os_os.c.o
 .text          0x00000000        0x0 build/os/tpl_os_interrupt_kernel.c.o
 .data          0x00000000        0x0 build/os/tpl_os_interrupt_kernel.c.o
 .bss           0x00000000        0x0 build/os/tpl_os_interrupt_kernel.c.o
 .text          0x00000000        0x0 build/os/tpl_os_task_kernel.c.o
 .data          0x00000000        0x0 build/os/tpl_os_task_kernel.c.o
 .bss           0x00000000        0x0 build/os/tpl_os_task_kernel.c.o
 .text          0x00000000        0x0 build/os/tpl_os_resource_kernel.c.o
 .data          0x00000000        0x0 build/os/tpl_os_resource_kernel.c.o
 .bss           0x00000000        0x0 build/os/tpl_os_resource_kernel.c.o
 .osConst       0x00000000        0x2 build/os/tpl_os_resource_kernel.c.o
 .text          0x00000000        0x0 build/blink.c.o
 .data          0x00000000        0x0 build/blink.c.o
 .bss           0x00000000        0x0 build/blink.c.o
 .text          0x00000000        0x0 build/blink/tpl_app_config.c.o
 .data          0x00000000        0x0 build/blink/tpl_app_config.c.o
 .bss           0x00000000        0x0 build/blink/tpl_app_config.c.o
 .rodata.APPMODE_1
                0x00000000        0x1 build/blink/tpl_app_config.c.o
 .text          0x00000000        0x0 build/blink/tpl_dispatch_table.c.o
 .data          0x00000000        0x0 build/blink/tpl_dispatch_table.c.o
 .bss           0x00000000        0x0 build/blink/tpl_dispatch_table.c.o
 .text          0x00000000        0x0 build/blink/tpl_invoque.S.o
 .data          0x00000000        0x0 build/blink/tpl_invoque.S.o
 .bss           0x00000000        0x0 build/blink/tpl_invoque.S.o
 .text          0x00000000        0x0 build/blink/tpl_primary_irq.S.o
 .data          0x00000000        0x0 build/blink/tpl_primary_irq.S.o
 .bss           0x00000000        0x0 build/blink/tpl_primary_irq.S.o
 .osVar         0x00000000        0x0 build/blink/tpl_primary_irq.S.o
 .text          0x00000000        0x0 build/blink/tpl_vectors.c.o
 .data          0x00000000        0x0 build/blink/tpl_vectors.c.o
 .bss           0x00000000        0x0 build/blink/tpl_vectors.c.o
 .text          0x00000000        0x0 build/blink/tpl_external_interrupts.c.o
 .data          0x00000000        0x0 build/blink/tpl_external_interrupts.c.o
 .bss           0x00000000        0x0 build/blink/tpl_external_interrupts.c.o
 .text          0x00000000        0x0 build/blink/tpl_app_interrupts.c.o
 .data          0x00000000        0x0 build/blink/tpl_app_interrupts.c.o
 .bss           0x00000000        0x0 build/blink/tpl_app_interrupts.c.o
 .text          0x00000000        0x0 build/machines/cortex-m/tpl_machine_cortex.c.o
[...]
Memory Configuration

Name             Origin             Length             Attributes
VECTOR           0x08000000         0x00000188         xr
FLASH            0x08000188         0x0000fe78         xr
RAM              0x20000000         0x00020000         xrw
MEMORY_B1        0x60000000         0x00000000         xr
*default*        0x00000000         0xffffffff

Linker script and memory map

LOAD build/os/tpl_os_kernel.c.o
LOAD build/os/tpl_os_timeobj_kernel.c.o
LOAD build/os/tpl_os_action.c.o
LOAD build/os/tpl_os_error.c.o
LOAD build/os/tpl_os_os_kernel.c.o
LOAD build/os/tpl_os_os.c.o
LOAD build/os/tpl_os_interrupt_kernel.c.o
LOAD build/os/tpl_os_task_kernel.c.o
LOAD build/os/tpl_os_resource_kernel.c.o
LOAD build/blink.c.o
LOAD build/blink/tpl_app_config.c.o
LOAD build/blink/tpl_dispatch_table.c.o
LOAD build/blink/tpl_invoque.S.o
LOAD build/blink/tpl_primary_irq.S.o
LOAD build/blink/tpl_vectors.c.o
LOAD build/blink/tpl_external_interrupts.c.o
LOAD build/blink/tpl_app_interrupts.c.o
LOAD build/machines/cortex-m/tpl_machine_cortex.c.o
LOAD build/machines/cortex-m/tpl_sc_handler.S.o
LOAD build/machines/cortex-m/tpl_startup.S.o
LOAD build/machines/cortex-m/armv7em/tpl_ctx_switch.S.o
LOAD build/machines/cortex-m/armv7em/tpl_ctx_switch_under_it.S.o
LOAD build/machines/cortex-m/armv7em/tpl_interrupts.S.o
LOAD build/machines/cortex-m/armv7em/stm32f407/tpl_memory_protection.c.o
LOAD build/machines/cortex-m/armv7em/stm32f407/tpl_machine_stm32f407.c.o
LOAD build/machines/cortex-m/armv7em/stm32f407/startup_stm32f4xx.c.o
LOAD build/machines/cortex-m/armv7em/stm32f407/system_stm32f4xx.c.o
LOAD build/machines/cortex-m/armv7em/stm32f407/handlers_stm32f4xx.c.o
LOAD build/machines/cortex-m/armv7em/stm32f407/lib/pinAccess.c.o
LOAD build/machines/cortex-m/armv7em/stm32f407/STM32F4xx_StdPeriph_Driver/stm32f4xx_gpio.c.o
LOAD build/machines/cortex-m/armv7em/stm32f407/STM32F4xx_StdPeriph_Driver/stm32f4xx_rcc.c.o
LOAD build/machines/cortex-m/armv7em/stm32f407/STM32F4xx_StdPeriph_Driver/stm32f4xx_exti.c.o
LOAD build/machines/cortex-m/armv7em/stm32f407/STM32F4xx_StdPeriph_Driver/stm32f4xx_syscfg.c.o
LOAD build/machines/cortex-m/armv7em/stm32f407/STM32F4xx_StdPeriph_Driver/misc.c.o
LOAD build/machines/cortex-m/armv7em/stm32f407/stm32f4discovery/stm32f4_discovery.c.o
LOAD build/machines/cortex-m/armv7em/stm32f407/stm32f4discovery/tp.c.o
                0x20020000                _estack = 0x20020000
                0x00000000                _Min_Heap_Size = 0x0
                0x00000400                _Min_Stack_Size = 0x400

.isr_vector     0x08000000      0x188
                0x08000000                . = ALIGN (0x4)
 *(.isr_vector)
 .isr_vector    0x08000000      0x188 build/blink/tpl_vectors.c.o
                0x08000000                tpl_it_vectors
                0x08000188                . = ALIGN (0x4)
                0x08000188                . = ALIGN (0x4)

ostext          0x08000188     0x1ac8
 *(.SC_handler)
 *(.EI_handler)
 *(.osCode)
 .osCode        0x08000188      0x8e8 build/os/tpl_os_kernel.c.o
                0x08000188                tpl_begin_alarm_callback
                0x080001a0                tpl_end_alarm_callback
                0x080001b8                tpl_alarm_callback_running
                0x080001cc                tpl_current_os_state
                0x0800022c                tpl_schedule_from_running
                0x08000270                tpl_start_scheduling
                0x08000288                tpl_start
                0x08000300                tpl_run_elected
                0x0800038c                tpl_block
                0x080003c4                tpl_release
                0x08000400                tpl_front_proc
                0x0800042c                tpl_terminate
                0x08000470                tpl_init_proc
                0x080004a4                tpl_put_preempted_proc
                0x080004fc                tpl_put_new_proc
                0x08000580                tpl_init_os
                0x08000638                tpl_get_internal_resource
                0x080006c0                tpl_release_internal_resource
                0x08000710                tpl_call_terminate_task_service
                0x08000744                tpl_call_terminate_isr2_service
                0x0800078c                tpl_activate_task
                0x08000804                tpl_set_event
                0x08000824                tpl_compare_entries
                0x080008b4                tpl_bubble_up
                0x08000934                tpl_bubble_down
                0x080009e8                tpl_remove_front_proc
                0x08000a44                tpl_preempt
 .osCode        0x08000a70      0x2f0 build/os/tpl_os_timeobj_kernel.c.o
                0x08000a70                tpl_enable_counters
                0x08000a88                tpl_insert_time_obj
                0x08000b66                tpl_remove_time_obj
                0x08000bd8                tpl_counter_tick
 .osCode        0x08000d60       0xb4 build/os/tpl_os_os_kernel.c.o
                0x08000d60                tpl_get_active_application_mode_service
                0x08000d90                tpl_start_os_service
                0x08000ddc                tpl_call_shutdown_os
                0x08000dfa                tpl_shutdown_os_service
 .osCode        0x08000e14      0x1e0 build/os/tpl_os_interrupt_kernel.c.o
                0x08000e14                tpl_get_interrupt_lock_status
                0x08000e54                tpl_reset_interrupt_lock_status
                0x08000e90                tpl_terminate_isr2_service
                0x08000ed4                tpl_null_it
                0x08000ee6                tpl_enable_all_interrupts_service
                0x08000f04                tpl_disable_all_interrupts_service
                0x08000f34                tpl_resume_all_interrupts_service
                0x08000f6c                tpl_suspend_all_interrupts_service
                0x08000f94                tpl_resume_os_interrupts_service
                0x08000fcc                tpl_suspend_os_interrupts_service
 .osCode        0x08000ff4      0x2f0 build/os/tpl_os_task_kernel.c.o
                0x08000ff4                tpl_activate_task_service
                0x0800106c                tpl_terminate_task_service
                0x080010dc                tpl_chain_task_service
                0x0800118c                tpl_schedule_service
                0x08001208                tpl_get_task_id_service
                0x0800126c                tpl_get_task_state_service
 .osCode        0x080012e4      0x224 build/os/tpl_os_resource_kernel.c.o
                0x080012e4                tpl_release_all_resources
                0x08001344                tpl_get_resource_service
                0x08001444                tpl_release_resource_service
 .osCode        0x08001508       0x7c build/blink.c.o
                0x08001508                main
                0x08001528                assert_failed
                0x0800153c                PreTaskHook
                0x08001548                PostTaskHook
                0x08001554                ShutdownHook
 .osCode        0x08001584       0x40 build/blink/tpl_app_config.c.o
                0x08001584                tpl_tick_SysTick
                0x080015b8                SysTick_Handler
 .osCode        0x080015c4       0x30 build/blink/tpl_primary_irq.S.o
                0x080015c4                tpl_primary_irq_handler_SysTick
 .osCode        0x080015f4       0x20 build/blink/tpl_external_interrupts.c.o
                0x080015f4                tpl_init_external_interrupts
 .osCode        0x08001614       0x24 build/blink/tpl_app_interrupts.c.o
                0x08001614                tpl_init_it_priority
                0x08001620                tpl_disable_os_interrupts
                0x0800162c                tpl_enable_os_interrupts
 .osCode        0x08001638      0x164 build/machines/cortex-m/tpl_machine_cortex.c.o
                0x08001638                tpl_init_context
                0x08001724                tpl_init_machine
                0x08001734                tpl_shutdown
                0x0800173e                tpl_init_machine_generic
                0x0800174a                tpl_init_machine_specific
                0x08001780                tpl_check_stack_footprint
 .osCode        0x0800179c       0x6c build/machines/cortex-m/tpl_sc_handler.S.o
                0x0800179c                tpl_sc_handler
 .osCode        0x08001808       0x1c build/machines/cortex-m/tpl_startup.S.o
                0x08001808                tpl_reset_handler
 .osCode        0x08001824       0x4c build/machines/cortex-m/armv7em/tpl_ctx_switch.S.o
                0x08001824                tpl_save_context
                0x0800184a                tpl_load_context
 .osCode        0x08001870       0x44 build/machines/cortex-m/armv7em/tpl_ctx_switch_under_it.S.o
                0x08001870                tpl_save_context_under_it
                0x08001892                tpl_load_context_under_it
 .osCode        0x080018b4       0x2c build/machines/cortex-m/armv7em/tpl_interrupts.S.o
                0x080018b4                tpl_disable_interrupts
                0x080018c8                tpl_enable_interrupts
 .osCode        0x080018e0       0x7c build/machines/cortex-m/armv7em/stm32f407/tpl_machine_stm32f407.c.o
                0x08001930                tpl_set_systick_timer
 .osCode        0x0800195c      0x108 build/machines/cortex-m/armv7em/stm32f407/stm32f4discovery/tp.c.o
                0x0800195c                initBoard
                0x08001984                ledOn
                0x080019a4                ledOff
                0x080019c4                ledToggle
                0x080019e4                readButton
                0x08001a34                delay
 *(.osApiCode)
 .osApiCode     0x08001a64       0x2a build/os/tpl_os_os.c.o
                0x08001a64                StartOS
 .osApiCode     0x08001a8e      0x1c2 build/blink/tpl_invoque.S.o
                0x08001a8e                GetActiveApplicationMode
                0x08001aa4                tpl_start_os
                0x08001aba                ShutdownOS
                0x08001ad0                EnableAllInterrupts
                0x08001aea                DisableAllInterrupts
                0x08001b04                ResumeAllInterrupts
                0x08001b1e                SuspendAllInterrupts
                0x08001b38                ResumeOSInterrupts
                0x08001b52                SuspendOSInterrupts
                0x08001b6c                CallTerminateISR2
                0x08001b86                ActivateTask
                0x08001b9c                TerminateTask
                0x08001bb2                ChainTask
                0x08001bc8                Schedule
                0x08001bde                GetTaskID
                0x08001bf4                GetTaskState
                0x08001c0a                CallTerminateTask
                0x08001c24                GetResource
                0x08001c3a                ReleaseResource
 *(.appCommonCode)
                0x08001c50                . = ALIGN (0x4)

osconst         0x08001c50      0x118
 *(.osConst)
 .osConst       0x08001c50        0x2 build/os/tpl_os_kernel.c.o
                0x08001c50                INVALID_PROC
                0x08001c51                INVALID_TASK
 *fill*         0x08001c52        0x2 
 .osConst       0x08001c54       0xa4 build/blink/tpl_app_config.c.o
                0x08001c54                tpl_stat_proc_table
                0x08001c68                tpl_dyn_proc_table
                0x08001c7c                tpl_resource_table
                0x08001c80                IDLE_TASK_task_stat_desc
                0x08001c98                SWC1_Init_task_stat_desc
                0x08001cb0                SWC2_Init_task_stat_desc
                0x08001cc8                SWC3_Init_task_stat_desc
                0x08001ce0                SWC4_Init_task_stat_desc
 .osConst       0x08001cf8       0x4c build/blink/tpl_dispatch_table.c.o
                0x08001cf8                tpl_dispatch_table
 *(.osApiConst)
 .osApiConst    0x08001d44       0x24 build/blink/tpl_app_config.c.o
                0x08001d44                proc_name_table
                0x08001d58                SWC1_Init
                0x08001d59                SWC2_Init
                0x08001d5a                SWC3_Init
                0x08001d5b                SWC4_Init
                0x08001d5c                OSTICKSPERBASE
                0x08001d60                OSMAXALLOWEDVALUE
                0x08001d64                OSMINCYCLE
                0x08001d68                . = ALIGN (0x4)

apptext         0x08001d68       0x76
                0x08001d68                __PROGCONST_SECTION_START = .
                0x08001d68                __SEG_START_APP_CODE_CONST_RGN = .
                0x08001d68                . = ALIGN (0x4)
 *(.Task_SWC1_InitCode)
 .Task_SWC1_InitCode
                0x08001d68       0x20 build/blink.c.o
                0x08001d68                SWC1_Init_function
 *(.Task_SWC2_InitCode)
 .Task_SWC2_InitCode
                0x08001d88       0x20 build/blink.c.o
                0x08001d88                SWC2_Init_function
 *(.Task_SWC3_InitCode)
 .Task_SWC3_InitCode
                0x08001da8       0x20 build/blink.c.o
                0x08001da8                SWC3_Init_function
 *(.Task_SWC4_InitCode)
 .Task_SWC4_InitCode
                0x08001dc8       0x16 build/blink.c.o
                0x08001dc8                SWC4_Init_function
                0x08001de0                . = ALIGN (0x4)

appconst        0x08001de0      0x240
 *(.rodata)
 .rodata        0x08001de0       0x37 build/blink/tpl_app_config.c.o
 *fill*         0x08001e17        0x1 
 .rodata        0x08001e18       0x62 build/machines/cortex-m/armv7em/stm32f407/STM32F4xx_StdPeriph_Driver/stm32f4xx_gpio.c.o
 *fill*         0x08001e7a        0x2 
 .rodata        0x08001e7c       0x61 build/machines/cortex-m/armv7em/stm32f407/STM32F4xx_StdPeriph_Driver/stm32f4xx_rcc.c.o
 *fill*         0x08001edd        0x3 
 .rodata        0x08001ee0       0x62 build/machines/cortex-m/armv7em/stm32f407/STM32F4xx_StdPeriph_Driver/stm32f4xx_exti.c.o
 *fill*         0x08001f42        0x2 
 .rodata        0x08001f44       0x64 build/machines/cortex-m/armv7em/stm32f407/STM32F4xx_StdPeriph_Driver/stm32f4xx_syscfg.c.o
 .rodata        0x08001fa8       0x58 build/machines/cortex-m/armv7em/stm32f407/STM32F4xx_StdPeriph_Driver/misc.c.o
 *(.rodata*)
 .rodata.OSDEFAULTAPPMODE
                0x08002000        0x1 build/blink/tpl_app_config.c.o
                0x08002000                OSDEFAULTAPPMODE
 *fill*         0x08002001        0x3 
 .rodata.tpl_task_app_mode
                0x08002004        0x4 build/blink/tpl_app_config.c.o
                0x08002004                tpl_task_app_mode
 .rodata.GPIO_PIN
                0x08002008        0x8 build/machines/cortex-m/armv7em/stm32f407/stm32f4discovery/stm32f4_discovery.c.o
                0x08002008                GPIO_PIN
 .rodata.GPIO_CLK
                0x08002010       0x10 build/machines/cortex-m/armv7em/stm32f407/stm32f4discovery/stm32f4_discovery.c.o
                0x08002010                GPIO_CLK
                0x08002020                . = ALIGN (0x4)

procconst       0x08002020        0x0
 *(.Task_SWC1_Init_SEC_CONST_32BIT)
 *(.Task_SWC1_Init_SEC_CALIB_32BIT)
 *(.Task_SWC1_Init_SEC_CARTO_32BIT)
 *(.Task_SWC1_Init_SEC_CONFIG_DATA_32BIT)
 *(.Task_SWC1_Init_SEC_CONST_16BIT)
 *(.Task_SWC1_Init_SEC_CALIB_16BIT)
 *(.Task_SWC1_Init_SEC_CARTO_16BIT)
 *(.Task_SWC1_Init_SEC_CONFIG_DATA_16BIT)
 *(.Task_SWC1_Init_SEC_CONST_8BIT)
 *(.Task_SWC1_Init_SEC_CALIB_8BIT)
 *(.Task_SWC1_Init_SEC_CARTO_8BIT)
 *(.Task_SWC1_Init_SEC_CONFIG_DATA_8BIT)
 *(.Task_SWC1_Init_SEC_CONST_BOOLEAN)
 *(.Task_SWC1_Init_SEC_CALIB_BOOLEAN)
 *(.Task_SWC1_Init_SEC_CARTO_BOOLEAN)
 *(.Task_SWC1_Init_SEC_CONFIG_DATA_BOOLEAN)
 *(.Task_SWC1_Init_SEC_CONST_UNSPECIFIED)
 *(.Task_SWC1_Init_SEC_CALIB_UNSPECIFIED)
 *(.Task_SWC1_Init_SEC_CARTO_UNSPECIFIED)
 *(.Task_SWC1_Init_SEC_CONFIG_DATA_UNSPECIFIED)
 *(.Task_SWC2_Init_SEC_CONST_32BIT)
 *(.Task_SWC2_Init_SEC_CALIB_32BIT)
 *(.Task_SWC2_Init_SEC_CARTO_32BIT)
 *(.Task_SWC2_Init_SEC_CONFIG_DATA_32BIT)
 *(.Task_SWC2_Init_SEC_CONST_16BIT)
 *(.Task_SWC2_Init_SEC_CALIB_16BIT)
 *(.Task_SWC2_Init_SEC_CARTO_16BIT)
 *(.Task_SWC2_Init_SEC_CONFIG_DATA_16BIT)
 *(.Task_SWC2_Init_SEC_CONST_8BIT)
 *(.Task_SWC2_Init_SEC_CALIB_8BIT)
 *(.Task_SWC2_Init_SEC_CARTO_8BIT)
 *(.Task_SWC2_Init_SEC_CONFIG_DATA_8BIT)
 *(.Task_SWC2_Init_SEC_CONST_BOOLEAN)
 *(.Task_SWC2_Init_SEC_CALIB_BOOLEAN)
 *(.Task_SWC2_Init_SEC_CARTO_BOOLEAN)
 *(.Task_SWC2_Init_SEC_CONFIG_DATA_BOOLEAN)
 *(.Task_SWC2_Init_SEC_CONST_UNSPECIFIED)
 *(.Task_SWC2_Init_SEC_CALIB_UNSPECIFIED)
 *(.Task_SWC2_Init_SEC_CARTO_UNSPECIFIED)
 *(.Task_SWC2_Init_SEC_CONFIG_DATA_UNSPECIFIED)
 *(.Task_SWC3_Init_SEC_CONST_32BIT)
 *(.Task_SWC3_Init_SEC_CALIB_32BIT)
 *(.Task_SWC3_Init_SEC_CARTO_32BIT)
 *(.Task_SWC3_Init_SEC_CONFIG_DATA_32BIT)
 *(.Task_SWC3_Init_SEC_CONST_16BIT)
 *(.Task_SWC3_Init_SEC_CALIB_16BIT)
 *(.Task_SWC3_Init_SEC_CARTO_16BIT)
 *(.Task_SWC3_Init_SEC_CONFIG_DATA_16BIT)
 *(.Task_SWC3_Init_SEC_CONST_8BIT)
 *(.Task_SWC3_Init_SEC_CALIB_8BIT)
 *(.Task_SWC3_Init_SEC_CARTO_8BIT)
 *(.Task_SWC3_Init_SEC_CONFIG_DATA_8BIT)
 *(.Task_SWC3_Init_SEC_CONST_BOOLEAN)
 *(.Task_SWC3_Init_SEC_CALIB_BOOLEAN)
 *(.Task_SWC3_Init_SEC_CARTO_BOOLEAN)
 *(.Task_SWC3_Init_SEC_CONFIG_DATA_BOOLEAN)
 *(.Task_SWC3_Init_SEC_CONST_UNSPECIFIED)
 *(.Task_SWC3_Init_SEC_CALIB_UNSPECIFIED)
 *(.Task_SWC3_Init_SEC_CARTO_UNSPECIFIED)
 *(.Task_SWC3_Init_SEC_CONFIG_DATA_UNSPECIFIED)
 *(.Task_SWC4_Init_SEC_CONST_32BIT)
 *(.Task_SWC4_Init_SEC_CALIB_32BIT)
 *(.Task_SWC4_Init_SEC_CARTO_32BIT)
 *(.Task_SWC4_Init_SEC_CONFIG_DATA_32BIT)
 *(.Task_SWC4_Init_SEC_CONST_16BIT)
 *(.Task_SWC4_Init_SEC_CALIB_16BIT)
 *(.Task_SWC4_Init_SEC_CARTO_16BIT)
 *(.Task_SWC4_Init_SEC_CONFIG_DATA_16BIT)
 *(.Task_SWC4_Init_SEC_CONST_8BIT)
 *(.Task_SWC4_Init_SEC_CALIB_8BIT)
 *(.Task_SWC4_Init_SEC_CARTO_8BIT)
 *(.Task_SWC4_Init_SEC_CONFIG_DATA_8BIT)
 *(.Task_SWC4_Init_SEC_CONST_BOOLEAN)
 *(.Task_SWC4_Init_SEC_CALIB_BOOLEAN)
 *(.Task_SWC4_Init_SEC_CARTO_BOOLEAN)
 *(.Task_SWC4_Init_SEC_CONFIG_DATA_BOOLEAN)
 *(.Task_SWC4_Init_SEC_CONST_UNSPECIFIED)
 *(.Task_SWC4_Init_SEC_CALIB_UNSPECIFIED)
 *(.Task_SWC4_Init_SEC_CARTO_UNSPECIFIED)
 *(.Task_SWC4_Init_SEC_CONFIG_DATA_UNSPECIFIED)
                0x08002020                . = ALIGN (0x4)
                0x0800201f                __SEG_STOP_APP_CODE_CONST_RGN = (. - 0x1)
                0x0800201f                __PROGCONST_SECTION_STOP = (. - 0x1)

.text           0x08002020      0xdb8
                0x08002020                . = ALIGN (0x4)
 *(.text)
 *(.text*)
 .text.SWC1_Init_Internal
                0x08002020       0x34 build/blink.c.o
                0x08002020                SWC1_Init_Internal
 .text.SWC2_Init_Internal
                0x08002054       0x34 build/blink.c.o
                0x08002054                SWC2_Init_Internal
 .text.SWC3_Init_Internal
                0x08002088       0x34 build/blink.c.o
                0x08002088                SWC3_Init_Internal
 .text.SWC4_Init_Internal
                0x080020bc       0x34 build/blink.c.o
                0x080020bc                SWC4_Init_Internal
 .text.NVIC_SetPriority
                0x080020f0       0x54 build/machines/cortex-m/tpl_machine_cortex.c.o
 .text.idle_function
                0x08002144        0xa build/machines/cortex-m/tpl_machine_cortex.c.o
                0x08002144                idle_function
 *fill*         0x0800214e        0x2 
 .text.NVIC_SetPriority
                0x08002150       0x54 build/machines/cortex-m/armv7em/stm32f407/tpl_machine_stm32f407.c.o
 .text.__libc_init_array
                0x080021a4       0x70 build/machines/cortex-m/armv7em/stm32f407/startup_stm32f4xx.c.o
                0x080021a4                __libc_init_array
 .text.__libc_fini_array
                0x08002214       0x40 build/machines/cortex-m/armv7em/stm32f407/startup_stm32f4xx.c.o
                0x08002214                __libc_fini_array
 .text.SystemInit
                0x08002254       0x5c build/machines/cortex-m/armv7em/stm32f407/system_stm32f4xx.c.o
                0x08002254                SystemInit
 .text.SetSysClock
                0x080022b0       0xf4 build/machines/cortex-m/armv7em/stm32f407/system_stm32f4xx.c.o
 .text.NMI_Handler
                0x080023a4        0x8 build/machines/cortex-m/armv7em/stm32f407/handlers_stm32f4xx.c.o
                0x080023a4                NMI_Handler
 .text.HardFault_Handler
                0x080023ac       0x64 build/machines/cortex-m/armv7em/stm32f407/handlers_stm32f4xx.c.o
                0x080023ac                HardFault_Handler
 .text.MemManage_Handler
                0x08002410        0x8 build/machines/cortex-m/armv7em/stm32f407/handlers_stm32f4xx.c.o
                0x08002410                MemManage_Handler
 .text.BusFault_Handler
                0x08002418        0x8 build/machines/cortex-m/armv7em/stm32f407/handlers_stm32f4xx.c.o
                0x08002418                BusFault_Handler
 .text.UsageFault_Handler
                0x08002420        0x8 build/machines/cortex-m/armv7em/stm32f407/handlers_stm32f4xx.c.o
                0x08002420                UsageFault_Handler
 .text.DebugMonitor_Handler
                0x08002428        0x6 build/machines/cortex-m/armv7em/stm32f407/handlers_stm32f4xx.c.o
                0x08002428                DebugMonitor_Handler
 *fill*         0x0800242e        0x2 
 .text.GPIO_Init
                0x08002430      0x248 build/machines/cortex-m/armv7em/stm32f407/STM32F4xx_StdPeriph_Driver/stm32f4xx_gpio.c.o
                0x08002430                GPIO_Init
 .text.GPIO_ReadInputDataBit
                0x08002678      0x13c build/machines/cortex-m/armv7em/stm32f407/STM32F4xx_StdPeriph_Driver/stm32f4xx_gpio.c.o
                0x08002678                GPIO_ReadInputDataBit
 .text.RCC_AHB1PeriphClockCmd
                0x080027b4       0x74 build/machines/cortex-m/armv7em/stm32f407/STM32F4xx_StdPeriph_Driver/stm32f4xx_rcc.c.o
                0x080027b4                RCC_AHB1PeriphClockCmd
 .text.RCC_APB2PeriphClockCmd
                0x08002828       0x74 build/machines/cortex-m/armv7em/stm32f407/STM32F4xx_StdPeriph_Driver/stm32f4xx_rcc.c.o
                0x08002828                RCC_APB2PeriphClockCmd
 .text.EXTI_Init
                0x0800289c      0x150 build/machines/cortex-m/armv7em/stm32f407/STM32F4xx_StdPeriph_Driver/stm32f4xx_exti.c.o
                0x0800289c                EXTI_Init
 .text.SYSCFG_EXTILineConfig
                0x080029ec      0x134 build/machines/cortex-m/armv7em/stm32f407/STM32F4xx_StdPeriph_Driver/stm32f4xx_syscfg.c.o
                0x080029ec                SYSCFG_EXTILineConfig
 .text.NVIC_Init
                0x08002b20       0xfc build/machines/cortex-m/armv7em/stm32f407/STM32F4xx_StdPeriph_Driver/misc.c.o
                0x08002b20                NVIC_Init
 .text.STM_EVAL_LEDInit
                0x08002c1c       0x5c build/machines/cortex-m/armv7em/stm32f407/stm32f4discovery/stm32f4_discovery.c.o
                0x08002c1c                STM_EVAL_LEDInit
 .text.STM_EVAL_LEDOn
                0x08002c78       0x30 build/machines/cortex-m/armv7em/stm32f407/stm32f4discovery/stm32f4_discovery.c.o
                0x08002c78                STM_EVAL_LEDOn
 .text.STM_EVAL_LEDOff
                0x08002ca8       0x30 build/machines/cortex-m/armv7em/stm32f407/stm32f4discovery/stm32f4_discovery.c.o
                0x08002ca8                STM_EVAL_LEDOff
 .text.STM_EVAL_LEDToggle
                0x08002cd8       0x3c build/machines/cortex-m/armv7em/stm32f407/stm32f4discovery/stm32f4_discovery.c.o
                0x08002cd8                STM_EVAL_LEDToggle
 .text.STM_EVAL_PBInit
                0x08002d14       0x98 build/machines/cortex-m/armv7em/stm32f407/stm32f4discovery/stm32f4_discovery.c.o
                0x08002d14                STM_EVAL_PBInit
 .text.STM_EVAL_PBGetState
                0x08002dac       0x2c build/machines/cortex-m/armv7em/stm32f407/stm32f4discovery/stm32f4_discovery.c.o
                0x08002dac                STM_EVAL_PBGetState
 *(.glue_7)
 .glue_7        0x08002dd8        0x0 linker stubs
 *(.glue_7t)
 .glue_7t       0x08002dd8        0x0 linker stubs
 *(.eh_frame)
 *(.init)
 *(.fini)
                0x08002dd8                . = ALIGN (0x4)
                0x08002dd8                _etext = .
                0x08002dd8                _exit = .

.vfp11_veneer   0x08002dd8        0x0
 .vfp11_veneer  0x08002dd8        0x0 linker stubs

.v4_bx          0x08002dd8        0x0
 .v4_bx         0x08002dd8        0x0 linker stubs

.iplt           0x08002dd8        0x0
 .iplt          0x08002dd8        0x0 build/os/tpl_os_kernel.c.o

.after_vectors  0x08002dd8       0x98
 .after_vectors
                0x08002dd8       0x98 build/machines/cortex-m/armv7em/stm32f407/startup_stm32f4xx.c.o
                0x08002dd8                tpl_continue_reset_handler
                0x08002e24                system_init

.rel.dyn        0x08002e70        0x0
 .rel.iplt      0x08002e70        0x0 build/os/tpl_os_kernel.c.o

.ARM.extab
 *(.ARM.extab* .gnu.linkonce.armextab.*)

.ARM            0x08002e70        0x0
                0x08002e70                __exidx_start = .
 *(.ARM.exidx*)
                0x08002e70                __exidx_end = .

.preinit_array  0x08002e70        0x4
                0x08002e70                PROVIDE (__preinit_array_start = .)
 *(.preinit_array*)
 .preinit_array_sysinit
                0x08002e70        0x4 build/machines/cortex-m/armv7em/stm32f407/startup_stm32f4xx.c.o
                0x08002e70                p_system_init
                0x08002e74                PROVIDE (__preinit_array_end = .)

.init_array     0x08002e74        0x0
                0x08002e74                PROVIDE (__init_array_start = .)
 *(SORT_BY_NAME(.init_array.*))
 *(.init_array*)
                0x08002e74                PROVIDE (__init_array_end = .)

.fini_array     0x08002e74        0x0
                0x08002e74                PROVIDE (__fini_array_start = .)
 *(.fini_array*)
 *(SORT_BY_NAME(.fini_array.*))
                0x08002e74                PROVIDE (__fini_array_end = .)
                0x08002e74                _sidata = .

.data           0x20000000      0x170 load address 0x08002e74
                0x20000000                . = ALIGN (0x4)
                0x20000000                _sdata = .
 *(.data)
 *(.data*)
 .data.SystemCoreClock
                0x20000000        0x4 build/machines/cortex-m/armv7em/stm32f407/system_stm32f4xx.c.o
                0x20000000                SystemCoreClock
 .data.GPIO_PORT
                0x20000004       0x10 build/machines/cortex-m/armv7em/stm32f407/stm32f4discovery/stm32f4_discovery.c.o
                0x20000004                GPIO_PORT
 .data.BUTTON_PORT
                0x20000014        0x4 build/machines/cortex-m/armv7em/stm32f407/stm32f4discovery/stm32f4_discovery.c.o
                0x20000014                BUTTON_PORT
 .data.previousState.0
                0x20000018        0x1 build/machines/cortex-m/armv7em/stm32f407/stm32f4discovery/tp.c.o
 *(.osVar)
 *fill*         0x20000019        0x3 
 .osVar         0x2000001c        0x4 build/os/tpl_os_kernel.c.o
                0x2000001c                INTERNAL_RES_SCHEDULER
 .osVar         0x20000020        0x1 build/os/tpl_os_timeobj_kernel.c.o
 .osVar         0x20000021        0x1 build/os/tpl_os_os_kernel.c.o
 *fill*         0x20000022        0x2 
 .osVar         0x20000024       0x14 build/os/tpl_os_interrupt_kernel.c.o
                0x20000024                tpl_locking_depth
                0x20000028                tpl_user_task_lock
                0x2000002c                tpl_cpt_user_task_lock_All
                0x20000030                tpl_cpt_user_task_lock_OS
                0x20000034                tpl_cpt_os_task_lock
 .osVar         0x20000038      0x138 build/blink/tpl_app_config.c.o
                0x20000038                tpl_kern
                0x20000054                tpl_ready_list
                0x20000064                tpl_tail_for_prio
                0x2000006c                SystemCounter_counter_desc
                0x20000088                res_sched_rez_desc
                0x20000090                tpl_time_counter
                0x20000094                IDLE_TASK_int_context
                0x200000b8                IDLE_TASK_task_desc
                0x200000c0                SWC1_Init_int_context
                0x200000e4                SWC1_Init_task_desc
                0x200000ec                SWC2_Init_int_context
                0x20000110                SWC2_Init_task_desc
                0x20000118                SWC3_Init_int_context
                0x2000013c                SWC3_Init_task_desc
                0x20000144                SWC4_Init_int_context
                0x20000168                SWC4_Init_task_desc
 *(.Task_SWC1_Init_SEC_VAR_POWER_ON_INIT_32BIT)
 *(.Task_SWC1_Init_SEC_VAR_POWER_ON_INIT_16BIT)
 *(.Task_SWC1_Init_SEC_VAR_POWER_ON_INIT_8BIT)
 *(.Task_SWC1_Init_SEC_VAR_POWER_ON_INIT_BOOLEAN)
 *(.Task_SWC1_Init_SEC_VAR_POWER_ON_INIT_UNSPECIFIED)
 *(.Task_SWC2_Init_SEC_VAR_POWER_ON_INIT_32BIT)
 *(.Task_SWC2_Init_SEC_VAR_POWER_ON_INIT_16BIT)
 *(.Task_SWC2_Init_SEC_VAR_POWER_ON_INIT_8BIT)
 *(.Task_SWC2_Init_SEC_VAR_POWER_ON_INIT_BOOLEAN)
 *(.Task_SWC2_Init_SEC_VAR_POWER_ON_INIT_UNSPECIFIED)
 *(.Task_SWC3_Init_SEC_VAR_POWER_ON_INIT_32BIT)
 *(.Task_SWC3_Init_SEC_VAR_POWER_ON_INIT_16BIT)
 *(.Task_SWC3_Init_SEC_VAR_POWER_ON_INIT_8BIT)
 *(.Task_SWC3_Init_SEC_VAR_POWER_ON_INIT_BOOLEAN)
 *(.Task_SWC3_Init_SEC_VAR_POWER_ON_INIT_UNSPECIFIED)
 *(.Task_SWC4_Init_SEC_VAR_POWER_ON_INIT_32BIT)
 *(.Task_SWC4_Init_SEC_VAR_POWER_ON_INIT_16BIT)
 *(.Task_SWC4_Init_SEC_VAR_POWER_ON_INIT_8BIT)
 *(.Task_SWC4_Init_SEC_VAR_POWER_ON_INIT_BOOLEAN)
 *(.Task_SWC4_Init_SEC_VAR_POWER_ON_INIT_UNSPECIFIED)
                0x20000170                . = ALIGN (0x4)
                0x20000170                _edata = .

.igot.plt       0x20000170        0x0 load address 0x08002fe4
 .igot.plt      0x20000170        0x0 build/os/tpl_os_kernel.c.o

.Task_IDLE_TASKStack
                0x20000170      0x12c load address 0x08002fe4
 .Task_IDLE_TASKStack
                0x20000170      0x12c build/blink/tpl_app_config.c.o
                0x20000170                IDLE_TASK_stack_zone

.Task_SWC1_Init_SEC_VAR
                0x2000029c        0x4 load address 0x08003110
                0x200002a0                . = ALIGN (__SEG_ALIGN_Task_SWC1_Init_VAR_RGN)
 *fill*         0x2000029c        0x4 
                0x200002a0                __SEG_START_Task_SWC1_Init_VAR_RGN = .
 *(.Task_SWC1_Init_SEC_VAR_NOINIT_32BIT)
 *(.Task_SWC1_Init_SEC_VAR_FAST_32BIT)
 *(.Task_SWC1_Init_SEC_VAR_32BIT)
 *(.Task_SWC1_Init_SEC_VAR_NOINIT_16BIT)
 *(.Task_SWC1_Init_SEC_VAR_FAST_16BIT)
 *(.Task_SWC1_Init_SEC_VAR_16BIT)
 *(.Task_SWC1_Init_SEC_VAR_NOINIT_8BIT)
 *(.Task_SWC1_Init_SEC_VAR_FAST_8BIT)
 *(.Task_SWC1_Init_SEC_VAR_8BIT)
 *(.Task_SWC1_Init_SEC_VAR_NOINIT_BOOLEAN)
 *(.Task_SWC1_Init_SEC_VAR_FAST_BOOLEAN)
 *(.Task_SWC1_Init_SEC_VAR_BOOLEAN)
 *(.Task_SWC1_Init_SEC_VAR_NOINIT_UNSPECIFIED)
 *(.Task_SWC1_Init_SEC_VAR_FAST_UNSPECIFIED)
 *(.Task_SWC1_Init_SEC_VAR_UNSPECIFIED)
                0x200002a0                __SEG_END_Task_SWC1_Init_VAR_RGN = .
                0x200002bc                __SEG_SIZE_Task_SWC1_Init_VAR_RGN = ((__SEG_END_Task_SWC1_Init_VAR_RGN - __SEG_START_Task_SWC1_Init_VAR_RGN) < 0x1000)?0x1000:__SEG_SIZE_Task_SWC1_Init_VAR_RGN
                0x200002bc                __SEG_SIZE_Task_SWC1_Init_VAR_RGN = ((__SEG_END_Task_SWC1_Init_VAR_RGN - __SEG_START_Task_SWC1_Init_VAR_RGN) < 0x400)?0x400:__SEG_SIZE_Task_SWC1_Init_VAR_RGN
                0x200002bc                __SEG_SIZE_Task_SWC1_Init_VAR_RGN = ((__SEG_END_Task_SWC1_Init_VAR_RGN - __SEG_START_Task_SWC1_Init_VAR_RGN) < 0x200)?0x200:__SEG_SIZE_Task_SWC1_Init_VAR_RGN
                0x200002bc                __SEG_SIZE_Task_SWC1_Init_VAR_RGN = ((__SEG_END_Task_SWC1_Init_VAR_RGN - __SEG_START_Task_SWC1_Init_VAR_RGN) < 0x100)?0x100:__SEG_SIZE_Task_SWC1_Init_VAR_RGN
                0x200002bc                __SEG_SIZE_Task_SWC1_Init_VAR_RGN = ((__SEG_END_Task_SWC1_Init_VAR_RGN - __SEG_START_Task_SWC1_Init_VAR_RGN) < 0x80)?0x80:__SEG_SIZE_Task_SWC1_Init_VAR_RGN
                0x200002bc                __SEG_SIZE_Task_SWC1_Init_VAR_RGN = ((__SEG_END_Task_SWC1_Init_VAR_RGN - __SEG_START_Task_SWC1_Init_VAR_RGN) < 0x40)?0x40:__SEG_SIZE_Task_SWC1_Init_VAR_RGN
                0x200002bc                __SEG_SIZE_Task_SWC1_Init_VAR_RGN = ((__SEG_END_Task_SWC1_Init_VAR_RGN - __SEG_START_Task_SWC1_Init_VAR_RGN) < 0x20)?0x20:__SEG_SIZE_Task_SWC1_Init_VAR_RGN
                0x200002bc                __SEG_ALIGN_Task_SWC1_Init_VAR_RGN = __SEG_SIZE_Task_SWC1_Init_VAR_RGN

.Task_SWC2_Init_SEC_VAR
                0x200002a0        0x0
                0x200002a0                . = ALIGN (__SEG_ALIGN_Task_SWC2_Init_VAR_RGN)
                0x200002a0                __SEG_START_Task_SWC2_Init_VAR_RGN = .
 *(.Task_SWC2_Init_SEC_VAR_NOINIT_32BIT)
 *(.Task_SWC2_Init_SEC_VAR_FAST_32BIT)
 *(.Task_SWC2_Init_SEC_VAR_32BIT)
 *(.Task_SWC2_Init_SEC_VAR_NOINIT_16BIT)
 *(.Task_SWC2_Init_SEC_VAR_FAST_16BIT)
 *(.Task_SWC2_Init_SEC_VAR_16BIT)
 *(.Task_SWC2_Init_SEC_VAR_NOINIT_8BIT)
 *(.Task_SWC2_Init_SEC_VAR_FAST_8BIT)
 *(.Task_SWC2_Init_SEC_VAR_8BIT)
 *(.Task_SWC2_Init_SEC_VAR_NOINIT_BOOLEAN)
 *(.Task_SWC2_Init_SEC_VAR_FAST_BOOLEAN)
 *(.Task_SWC2_Init_SEC_VAR_BOOLEAN)
 *(.Task_SWC2_Init_SEC_VAR_NOINIT_UNSPECIFIED)
 *(.Task_SWC2_Init_SEC_VAR_FAST_UNSPECIFIED)
 *(.Task_SWC2_Init_SEC_VAR_UNSPECIFIED)
                0x200002a0                __SEG_END_Task_SWC2_Init_VAR_RGN = .
                0x200002c0                __SEG_SIZE_Task_SWC2_Init_VAR_RGN = ((__SEG_END_Task_SWC2_Init_VAR_RGN - __SEG_START_Task_SWC2_Init_VAR_RGN) < 0x1000)?0x1000:__SEG_SIZE_Task_SWC2_Init_VAR_RGN
                0x200002c0                __SEG_SIZE_Task_SWC2_Init_VAR_RGN = ((__SEG_END_Task_SWC2_Init_VAR_RGN - __SEG_START_Task_SWC2_Init_VAR_RGN) < 0x400)?0x400:__SEG_SIZE_Task_SWC2_Init_VAR_RGN
                0x200002c0                __SEG_SIZE_Task_SWC2_Init_VAR_RGN = ((__SEG_END_Task_SWC2_Init_VAR_RGN - __SEG_START_Task_SWC2_Init_VAR_RGN) < 0x200)?0x200:__SEG_SIZE_Task_SWC2_Init_VAR_RGN
                0x200002c0                __SEG_SIZE_Task_SWC2_Init_VAR_RGN = ((__SEG_END_Task_SWC2_Init_VAR_RGN - __SEG_START_Task_SWC2_Init_VAR_RGN) < 0x100)?0x100:__SEG_SIZE_Task_SWC2_Init_VAR_RGN
                0x200002c0                __SEG_SIZE_Task_SWC2_Init_VAR_RGN = ((__SEG_END_Task_SWC2_Init_VAR_RGN - __SEG_START_Task_SWC2_Init_VAR_RGN) < 0x80)?0x80:__SEG_SIZE_Task_SWC2_Init_VAR_RGN
                0x200002c0                __SEG_SIZE_Task_SWC2_Init_VAR_RGN = ((__SEG_END_Task_SWC2_Init_VAR_RGN - __SEG_START_Task_SWC2_Init_VAR_RGN) < 0x40)?0x40:__SEG_SIZE_Task_SWC2_Init_VAR_RGN
                0x200002c0                __SEG_SIZE_Task_SWC2_Init_VAR_RGN = ((__SEG_END_Task_SWC2_Init_VAR_RGN - __SEG_START_Task_SWC2_Init_VAR_RGN) < 0x20)?0x20:__SEG_SIZE_Task_SWC2_Init_VAR_RGN
                0x200002c0                __SEG_ALIGN_Task_SWC2_Init_VAR_RGN = __SEG_SIZE_Task_SWC2_Init_VAR_RGN

.Task_SWC3_Init_SEC_VAR
                0x200002a0        0x0
                0x200002a0                . = ALIGN (__SEG_ALIGN_Task_SWC3_Init_VAR_RGN)
                0x200002a0                __SEG_START_Task_SWC3_Init_VAR_RGN = .
 *(.Task_SWC3_Init_SEC_VAR_NOINIT_32BIT)
 *(.Task_SWC3_Init_SEC_VAR_FAST_32BIT)
 *(.Task_SWC3_Init_SEC_VAR_32BIT)
 *(.Task_SWC3_Init_SEC_VAR_NOINIT_16BIT)
 *(.Task_SWC3_Init_SEC_VAR_FAST_16BIT)
 *(.Task_SWC3_Init_SEC_VAR_16BIT)
 *(.Task_SWC3_Init_SEC_VAR_NOINIT_8BIT)
 *(.Task_SWC3_Init_SEC_VAR_FAST_8BIT)
 *(.Task_SWC3_Init_SEC_VAR_8BIT)
 *(.Task_SWC3_Init_SEC_VAR_NOINIT_BOOLEAN)
 *(.Task_SWC3_Init_SEC_VAR_FAST_BOOLEAN)
 *(.Task_SWC3_Init_SEC_VAR_BOOLEAN)
 *(.Task_SWC3_Init_SEC_VAR_NOINIT_UNSPECIFIED)
 *(.Task_SWC3_Init_SEC_VAR_FAST_UNSPECIFIED)
 *(.Task_SWC3_Init_SEC_VAR_UNSPECIFIED)
                0x200002a0                __SEG_END_Task_SWC3_Init_VAR_RGN = .
                0x200002c0                __SEG_SIZE_Task_SWC3_Init_VAR_RGN = ((__SEG_END_Task_SWC3_Init_VAR_RGN - __SEG_START_Task_SWC3_Init_VAR_RGN) < 0x1000)?0x1000:__SEG_SIZE_Task_SWC3_Init_VAR_RGN
                0x200002c0                __SEG_SIZE_Task_SWC3_Init_VAR_RGN = ((__SEG_END_Task_SWC3_Init_VAR_RGN - __SEG_START_Task_SWC3_Init_VAR_RGN) < 0x400)?0x400:__SEG_SIZE_Task_SWC3_Init_VAR_RGN
                0x200002c0                __SEG_SIZE_Task_SWC3_Init_VAR_RGN = ((__SEG_END_Task_SWC3_Init_VAR_RGN - __SEG_START_Task_SWC3_Init_VAR_RGN) < 0x200)?0x200:__SEG_SIZE_Task_SWC3_Init_VAR_RGN
                0x200002c0                __SEG_SIZE_Task_SWC3_Init_VAR_RGN = ((__SEG_END_Task_SWC3_Init_VAR_RGN - __SEG_START_Task_SWC3_Init_VAR_RGN) < 0x100)?0x100:__SEG_SIZE_Task_SWC3_Init_VAR_RGN
                0x200002c0                __SEG_SIZE_Task_SWC3_Init_VAR_RGN = ((__SEG_END_Task_SWC3_Init_VAR_RGN - __SEG_START_Task_SWC3_Init_VAR_RGN) < 0x80)?0x80:__SEG_SIZE_Task_SWC3_Init_VAR_RGN
                0x200002c0                __SEG_SIZE_Task_SWC3_Init_VAR_RGN = ((__SEG_END_Task_SWC3_Init_VAR_RGN - __SEG_START_Task_SWC3_Init_VAR_RGN) < 0x40)?0x40:__SEG_SIZE_Task_SWC3_Init_VAR_RGN
                0x200002c0                __SEG_SIZE_Task_SWC3_Init_VAR_RGN = ((__SEG_END_Task_SWC3_Init_VAR_RGN - __SEG_START_Task_SWC3_Init_VAR_RGN) < 0x20)?0x20:__SEG_SIZE_Task_SWC3_Init_VAR_RGN
                0x200002c0                __SEG_ALIGN_Task_SWC3_Init_VAR_RGN = __SEG_SIZE_Task_SWC3_Init_VAR_RGN

.Task_SWC4_Init_SEC_VAR
                0x200002a0        0x0
                0x200002a0                . = ALIGN (__SEG_ALIGN_Task_SWC4_Init_VAR_RGN)
                0x200002a0                __SEG_START_Task_SWC4_Init_VAR_RGN = .
 *(.Task_SWC4_Init_SEC_VAR_NOINIT_32BIT)
 *(.Task_SWC4_Init_SEC_VAR_FAST_32BIT)
 *(.Task_SWC4_Init_SEC_VAR_32BIT)
 *(.Task_SWC4_Init_SEC_VAR_NOINIT_16BIT)
 *(.Task_SWC4_Init_SEC_VAR_FAST_16BIT)
 *(.Task_SWC4_Init_SEC_VAR_16BIT)
 *(.Task_SWC4_Init_SEC_VAR_NOINIT_8BIT)
 *(.Task_SWC4_Init_SEC_VAR_FAST_8BIT)
 *(.Task_SWC4_Init_SEC_VAR_8BIT)
 *(.Task_SWC4_Init_SEC_VAR_NOINIT_BOOLEAN)
 *(.Task_SWC4_Init_SEC_VAR_FAST_BOOLEAN)
 *(.Task_SWC4_Init_SEC_VAR_BOOLEAN)
 *(.Task_SWC4_Init_SEC_VAR_NOINIT_UNSPECIFIED)
 *(.Task_SWC4_Init_SEC_VAR_FAST_UNSPECIFIED)
 *(.Task_SWC4_Init_SEC_VAR_UNSPECIFIED)
                0x200002a0                __SEG_END_Task_SWC4_Init_VAR_RGN = .
                0x200002c0                __SEG_SIZE_Task_SWC4_Init_VAR_RGN = ((__SEG_END_Task_SWC4_Init_VAR_RGN - __SEG_START_Task_SWC4_Init_VAR_RGN) < 0x1000)?0x1000:__SEG_SIZE_Task_SWC4_Init_VAR_RGN
                0x200002c0                __SEG_SIZE_Task_SWC4_Init_VAR_RGN = ((__SEG_END_Task_SWC4_Init_VAR_RGN - __SEG_START_Task_SWC4_Init_VAR_RGN) < 0x400)?0x400:__SEG_SIZE_Task_SWC4_Init_VAR_RGN
                0x200002c0                __SEG_SIZE_Task_SWC4_Init_VAR_RGN = ((__SEG_END_Task_SWC4_Init_VAR_RGN - __SEG_START_Task_SWC4_Init_VAR_RGN) < 0x200)?0x200:__SEG_SIZE_Task_SWC4_Init_VAR_RGN
                0x200002c0                __SEG_SIZE_Task_SWC4_Init_VAR_RGN = ((__SEG_END_Task_SWC4_Init_VAR_RGN - __SEG_START_Task_SWC4_Init_VAR_RGN) < 0x100)?0x100:__SEG_SIZE_Task_SWC4_Init_VAR_RGN
                0x200002c0                __SEG_SIZE_Task_SWC4_Init_VAR_RGN = ((__SEG_END_Task_SWC4_Init_VAR_RGN - __SEG_START_Task_SWC4_Init_VAR_RGN) < 0x80)?0x80:__SEG_SIZE_Task_SWC4_Init_VAR_RGN
                0x200002c0                __SEG_SIZE_Task_SWC4_Init_VAR_RGN = ((__SEG_END_Task_SWC4_Init_VAR_RGN - __SEG_START_Task_SWC4_Init_VAR_RGN) < 0x40)?0x40:__SEG_SIZE_Task_SWC4_Init_VAR_RGN
                0x200002c0                __SEG_SIZE_Task_SWC4_Init_VAR_RGN = ((__SEG_END_Task_SWC4_Init_VAR_RGN - __SEG_START_Task_SWC4_Init_VAR_RGN) < 0x20)?0x20:__SEG_SIZE_Task_SWC4_Init_VAR_RGN
                0x200002c0                __SEG_ALIGN_Task_SWC4_Init_VAR_RGN = __SEG_SIZE_Task_SWC4_Init_VAR_RGN

.Task_SWC1_Init_SEC_STACK
                0x200002a0      0x28c load address 0x08003114
                0x20000400                . = ALIGN (__SEG_ALIGN_Task_SWC1_Init_STACK_RGN)
 *fill*         0x200002a0      0x160 
                0x20000400                __SEG_START_Task_SWC1_Init_STACK_RGN = .
 *(.Task_SWC1_InitStack)
 .Task_SWC1_InitStack
                0x20000400      0x12c build/blink/tpl_app_config.c.o
                0x20000400                SWC1_Init_stack_zone
                0x2000052c                . = ALIGN (0x4)
                0x2000052c                __SEG_END_Task_SWC1_Init_STACK_RGN = .
                0x200004a0                __SEG_SIZE_Task_SWC1_Init_STACK_RGN = ((__SEG_END_Task_SWC1_Init_STACK_RGN - __SEG_START_Task_SWC1_Init_STACK_RGN) < 0x1000)?0x1000:__SEG_SIZE_Task_SWC1_Init_STACK_RGN
                0x200004a0                __SEG_SIZE_Task_SWC1_Init_STACK_RGN = ((__SEG_END_Task_SWC1_Init_STACK_RGN - __SEG_START_Task_SWC1_Init_STACK_RGN) < 0x400)?0x400:__SEG_SIZE_Task_SWC1_Init_STACK_RGN
                0x200004a0                __SEG_SIZE_Task_SWC1_Init_STACK_RGN = ((__SEG_END_Task_SWC1_Init_STACK_RGN - __SEG_START_Task_SWC1_Init_STACK_RGN) < 0x200)?0x200:__SEG_SIZE_Task_SWC1_Init_STACK_RGN
                [0x200004a0]                __SEG_SIZE_Task_SWC1_Init_STACK_RGN = ((__SEG_END_Task_SWC1_Init_STACK_RGN - __SEG_START_Task_SWC1_Init_STACK_RGN) < 0x100)?0x100:__SEG_SIZE_Task_SWC1_Init_STACK_RGN
                [0x200004a0]                __SEG_SIZE_Task_SWC1_Init_STACK_RGN = ((__SEG_END_Task_SWC1_Init_STACK_RGN - __SEG_START_Task_SWC1_Init_STACK_RGN) < 0x80)?0x80:__SEG_SIZE_Task_SWC1_Init_STACK_RGN
                [0x200004a0]                __SEG_SIZE_Task_SWC1_Init_STACK_RGN = ((__SEG_END_Task_SWC1_Init_STACK_RGN - __SEG_START_Task_SWC1_Init_STACK_RGN) < 0x40)?0x40:__SEG_SIZE_Task_SWC1_Init_STACK_RGN
                [0x200004a0]                __SEG_SIZE_Task_SWC1_Init_STACK_RGN = ((__SEG_END_Task_SWC1_Init_STACK_RGN - __SEG_START_Task_SWC1_Init_STACK_RGN) < 0x20)?0x20:__SEG_SIZE_Task_SWC1_Init_STACK_RGN
                0x200004a0                __SEG_ALIGN_Task_SWC1_Init_STACK_RGN = __SEG_SIZE_Task_SWC1_Init_STACK_RGN

.Task_SWC2_Init_SEC_STACK
                0x2000052c      0x200 load address 0x080033a0
                0x20000600                . = ALIGN (__SEG_ALIGN_Task_SWC2_Init_STACK_RGN)
 *fill*         0x2000052c       0xd4 
                0x20000600                __SEG_START_Task_SWC2_Init_STACK_RGN = .
 *(.Task_SWC2_InitStack)
 .Task_SWC2_InitStack
                0x20000600      0x12c build/blink/tpl_app_config.c.o
                0x20000600                SWC2_Init_stack_zone
                0x2000072c                . = ALIGN (0x4)
                0x2000072c                __SEG_END_Task_SWC2_Init_STACK_RGN = .
                0x2000072c                __SEG_SIZE_Task_SWC2_Init_STACK_RGN = ((__SEG_END_Task_SWC2_Init_STACK_RGN - __SEG_START_Task_SWC2_Init_STACK_RGN) < 0x1000)?0x1000:__SEG_SIZE_Task_SWC2_Init_STACK_RGN
                0x2000072c                __SEG_SIZE_Task_SWC2_Init_STACK_RGN = ((__SEG_END_Task_SWC2_Init_STACK_RGN - __SEG_START_Task_SWC2_Init_STACK_RGN) < 0x400)?0x400:__SEG_SIZE_Task_SWC2_Init_STACK_RGN
                0x2000072c                __SEG_SIZE_Task_SWC2_Init_STACK_RGN = ((__SEG_END_Task_SWC2_Init_STACK_RGN - __SEG_START_Task_SWC2_Init_STACK_RGN) < 0x200)?0x200:__SEG_SIZE_Task_SWC2_Init_STACK_RGN
                [0x2000072c]                __SEG_SIZE_Task_SWC2_Init_STACK_RGN = ((__SEG_END_Task_SWC2_Init_STACK_RGN - __SEG_START_Task_SWC2_Init_STACK_RGN) < 0x100)?0x100:__SEG_SIZE_Task_SWC2_Init_STACK_RGN
                [0x2000072c]                __SEG_SIZE_Task_SWC2_Init_STACK_RGN = ((__SEG_END_Task_SWC2_Init_STACK_RGN - __SEG_START_Task_SWC2_Init_STACK_RGN) < 0x80)?0x80:__SEG_SIZE_Task_SWC2_Init_STACK_RGN
                [0x2000072c]                __SEG_SIZE_Task_SWC2_Init_STACK_RGN = ((__SEG_END_Task_SWC2_Init_STACK_RGN - __SEG_START_Task_SWC2_Init_STACK_RGN) < 0x40)?0x40:__SEG_SIZE_Task_SWC2_Init_STACK_RGN
                [0x2000072c]                __SEG_SIZE_Task_SWC2_Init_STACK_RGN = ((__SEG_END_Task_SWC2_Init_STACK_RGN - __SEG_START_Task_SWC2_Init_STACK_RGN) < 0x20)?0x20:__SEG_SIZE_Task_SWC2_Init_STACK_RGN
                0x2000072c                __SEG_ALIGN_Task_SWC2_Init_STACK_RGN = __SEG_SIZE_Task_SWC2_Init_STACK_RGN

.Task_SWC3_Init_SEC_STACK
                0x2000072c      0x200 load address 0x080035a0
                0x20000800                . = ALIGN (__SEG_ALIGN_Task_SWC3_Init_STACK_RGN)
 *fill*         0x2000072c       0xd4 
                0x20000800                __SEG_START_Task_SWC3_Init_STACK_RGN = .
 *(.Task_SWC3_InitStack)
 .Task_SWC3_InitStack
                0x20000800      0x12c build/blink/tpl_app_config.c.o
                0x20000800                SWC3_Init_stack_zone
                0x2000092c                . = ALIGN (0x4)
                0x2000092c                __SEG_END_Task_SWC3_Init_STACK_RGN = .
                0x2000092c                __SEG_SIZE_Task_SWC3_Init_STACK_RGN = ((__SEG_END_Task_SWC3_Init_STACK_RGN - __SEG_START_Task_SWC3_Init_STACK_RGN) < 0x1000)?0x1000:__SEG_SIZE_Task_SWC3_Init_STACK_RGN
                0x2000092c                __SEG_SIZE_Task_SWC3_Init_STACK_RGN = ((__SEG_END_Task_SWC3_Init_STACK_RGN - __SEG_START_Task_SWC3_Init_STACK_RGN) < 0x400)?0x400:__SEG_SIZE_Task_SWC3_Init_STACK_RGN
                0x2000092c                __SEG_SIZE_Task_SWC3_Init_STACK_RGN = ((__SEG_END_Task_SWC3_Init_STACK_RGN - __SEG_START_Task_SWC3_Init_STACK_RGN) < 0x200)?0x200:__SEG_SIZE_Task_SWC3_Init_STACK_RGN
                [0x2000092c]                __SEG_SIZE_Task_SWC3_Init_STACK_RGN = ((__SEG_END_Task_SWC3_Init_STACK_RGN - __SEG_START_Task_SWC3_Init_STACK_RGN) < 0x100)?0x100:__SEG_SIZE_Task_SWC3_Init_STACK_RGN
                [0x2000092c]                __SEG_SIZE_Task_SWC3_Init_STACK_RGN = ((__SEG_END_Task_SWC3_Init_STACK_RGN - __SEG_START_Task_SWC3_Init_STACK_RGN) < 0x80)?0x80:__SEG_SIZE_Task_SWC3_Init_STACK_RGN
                [0x2000092c]                __SEG_SIZE_Task_SWC3_Init_STACK_RGN = ((__SEG_END_Task_SWC3_Init_STACK_RGN - __SEG_START_Task_SWC3_Init_STACK_RGN) < 0x40)?0x40:__SEG_SIZE_Task_SWC3_Init_STACK_RGN
                [0x2000092c]                __SEG_SIZE_Task_SWC3_Init_STACK_RGN = ((__SEG_END_Task_SWC3_Init_STACK_RGN - __SEG_START_Task_SWC3_Init_STACK_RGN) < 0x20)?0x20:__SEG_SIZE_Task_SWC3_Init_STACK_RGN
                0x2000092c                __SEG_ALIGN_Task_SWC3_Init_STACK_RGN = __SEG_SIZE_Task_SWC3_Init_STACK_RGN

.Task_SWC4_Init_SEC_STACK
                0x2000092c      0x200 load address 0x080037a0
                0x20000a00                . = ALIGN (__SEG_ALIGN_Task_SWC4_Init_STACK_RGN)
 *fill*         0x2000092c       0xd4 
                0x20000a00                __SEG_START_Task_SWC4_Init_STACK_RGN = .
 *(.Task_SWC4_InitStack)
 .Task_SWC4_InitStack
                0x20000a00      0x12c build/blink/tpl_app_config.c.o
                0x20000a00                SWC4_Init_stack_zone
                0x20000b2c                . = ALIGN (0x4)
                0x20000b2c                __SEG_END_Task_SWC4_Init_STACK_RGN = .
                0x20000b2c                __SEG_SIZE_Task_SWC4_Init_STACK_RGN = ((__SEG_END_Task_SWC4_Init_STACK_RGN - __SEG_START_Task_SWC4_Init_STACK_RGN) < 0x1000)?0x1000:__SEG_SIZE_Task_SWC4_Init_STACK_RGN
                0x20000b2c                __SEG_SIZE_Task_SWC4_Init_STACK_RGN = ((__SEG_END_Task_SWC4_Init_STACK_RGN - __SEG_START_Task_SWC4_Init_STACK_RGN) < 0x400)?0x400:__SEG_SIZE_Task_SWC4_Init_STACK_RGN
                0x20000b2c                __SEG_SIZE_Task_SWC4_Init_STACK_RGN = ((__SEG_END_Task_SWC4_Init_STACK_RGN - __SEG_START_Task_SWC4_Init_STACK_RGN) < 0x200)?0x200:__SEG_SIZE_Task_SWC4_Init_STACK_RGN
                [0x20000b2c]                __SEG_SIZE_Task_SWC4_Init_STACK_RGN = ((__SEG_END_Task_SWC4_Init_STACK_RGN - __SEG_START_Task_SWC4_Init_STACK_RGN) < 0x100)?0x100:__SEG_SIZE_Task_SWC4_Init_STACK_RGN
                [0x20000b2c]                __SEG_SIZE_Task_SWC4_Init_STACK_RGN = ((__SEG_END_Task_SWC4_Init_STACK_RGN - __SEG_START_Task_SWC4_Init_STACK_RGN) < 0x80)?0x80:__SEG_SIZE_Task_SWC4_Init_STACK_RGN
                [0x20000b2c]                __SEG_SIZE_Task_SWC4_Init_STACK_RGN = ((__SEG_END_Task_SWC4_Init_STACK_RGN - __SEG_START_Task_SWC4_Init_STACK_RGN) < 0x40)?0x40:__SEG_SIZE_Task_SWC4_Init_STACK_RGN
                [0x20000b2c]                __SEG_SIZE_Task_SWC4_Init_STACK_RGN = ((__SEG_END_Task_SWC4_Init_STACK_RGN - __SEG_START_Task_SWC4_Init_STACK_RGN) < 0x20)?0x20:__SEG_SIZE_Task_SWC4_Init_STACK_RGN
                0x20000b2c                __SEG_ALIGN_Task_SWC4_Init_STACK_RGN = __SEG_SIZE_Task_SWC4_Init_STACK_RGN

appvars
                0x20000b2c                . = ALIGN (0x4)

.bss            0x20000b2c        0x0
                0x20000b2c                _sbss = .
                0x20000b2c                __bss_start__ = _sbss
 *(.bss)
 *(.bss*)
 *(COMMON)
                0x20000b2c                . = ALIGN (0x4)
                0x20000b2c                _ebss = .
                0x20000b2c                __bss_end__ = _ebss

._user_heap_stack
                0x20000b2c      0x400 load address 0x080039a0
                0x20000b2c                . = ALIGN (0x4)
                0x20000b2c                __heap_start__ = .
                [!provide]                PROVIDE (end = .)
                [!provide]                PROVIDE (_end = .)
                0x20000b2c                . = (. + _Min_Heap_Size)
                0x20000f2c                . = (. + _Min_Stack_Size)
 *fill*         0x20000b2c      0x400 
                0x20000f2c                . = ALIGN (0x4)

.memory_b1_text
 *(.mb1text)
 *(.mb1text*)
 *(.mb1rodata)
 *(.mb1rodata*)

/DISCARD/
 libc.a(*)
 libm.a(*)
 libgcc.a(*)

.ARM.attributes
                0x00000000       0x30
 *(.ARM.attributes)
 .ARM.attributes
                0x00000000       0x2e build/os/tpl_os_kernel.c.o
 .ARM.attributes
                0x0000002e       0x2e build/os/tpl_os_timeobj_kernel.c.o
 .ARM.attributes
                0x0000005c       0x2e build/os/tpl_os_os_kernel.c.o
 .ARM.attributes
                0x0000008a       0x2e build/os/tpl_os_os.c.o
 .ARM.attributes
                0x000000b8       0x2e build/os/tpl_os_interrupt_kernel.c.o
 .ARM.attributes
                0x000000e6       0x2e build/os/tpl_os_task_kernel.c.o
 .ARM.attributes
                0x00000114       0x2e build/os/tpl_os_resource_kernel.c.o
 .ARM.attributes
                0x00000142       0x2e build/blink.c.o
 .ARM.attributes
                0x00000170       0x2e build/blink/tpl_app_config.c.o
 .ARM.attributes
                0x0000019e       0x37 build/blink/tpl_dispatch_table.c.o
 .ARM.attributes
                0x000001d5       0x20 build/blink/tpl_invoque.S.o
 .ARM.attributes
                0x000001f5       0x20 build/blink/tpl_primary_irq.S.o
 .ARM.attributes
                0x00000215       0x37 build/blink/tpl_vectors.c.o
 .ARM.attributes
                0x0000024c       0x2e build/blink/tpl_external_interrupts.c.o
 .ARM.attributes
                0x0000027a       0x2e build/blink/tpl_app_interrupts.c.o
 .ARM.attributes
                0x000002a8       0x2e build/machines/cortex-m/tpl_machine_cortex.c.o
 .ARM.attributes
                0x000002d6       0x20 build/machines/cortex-m/tpl_sc_handler.S.o
 .ARM.attributes
                0x000002f6       0x20 build/machines/cortex-m/tpl_startup.S.o
 .ARM.attributes
                0x00000316       0x20 build/machines/cortex-m/armv7em/tpl_ctx_switch.S.o
 .ARM.attributes
                0x00000336       0x20 build/machines/cortex-m/armv7em/tpl_ctx_switch_under_it.S.o
 .ARM.attributes
                0x00000356       0x20 build/machines/cortex-m/armv7em/tpl_interrupts.S.o
 .ARM.attributes
                0x00000376       0x2e build/machines/cortex-m/armv7em/stm32f407/tpl_machine_stm32f407.c.o
 .ARM.attributes
                0x000003a4       0x2e build/machines/cortex-m/armv7em/stm32f407/startup_stm32f4xx.c.o
 .ARM.attributes
                0x000003d2       0x2e build/machines/cortex-m/armv7em/stm32f407/system_stm32f4xx.c.o
 .ARM.attributes
                0x00000400       0x2e build/machines/cortex-m/armv7em/stm32f407/handlers_stm32f4xx.c.o
 .ARM.attributes
                0x0000042e       0x2e build/machines/cortex-m/armv7em/stm32f407/STM32F4xx_StdPeriph_Driver/stm32f4xx_gpio.c.o
 .ARM.attributes
                0x0000045c       0x2e build/machines/cortex-m/armv7em/stm32f407/STM32F4xx_StdPeriph_Driver/stm32f4xx_rcc.c.o
 .ARM.attributes
                0x0000048a       0x2e build/machines/cortex-m/armv7em/stm32f407/STM32F4xx_StdPeriph_Driver/stm32f4xx_exti.c.o
 .ARM.attributes
                0x000004b8       0x2e build/machines/cortex-m/armv7em/stm32f407/STM32F4xx_StdPeriph_Driver/stm32f4xx_syscfg.c.o
 .ARM.attributes
                0x000004e6       0x2e build/machines/cortex-m/armv7em/stm32f407/STM32F4xx_StdPeriph_Driver/misc.c.o
 .ARM.attributes
                0x00000514       0x2e build/machines/cortex-m/armv7em/stm32f407/stm32f4discovery/stm32f4_discovery.c.o
 .ARM.attributes
                0x00000542       0x2e build/machines/cortex-m/armv7em/stm32f407/stm32f4discovery/tp.c.o
LOAD c:/program files (x86)/gnu arm embedded toolchain/10 2020-q4-major/bin/../lib/gcc/arm-none-eabi/10.2.1/../../../../arm-none-eabi/lib/thumb/v7e-m/nofp\libc.a
LOAD c:/program files (x86)/gnu arm embedded toolchain/10 2020-q4-major/bin/../lib/gcc/arm-none-eabi/10.2.1/thumb/v7e-m/nofp\libgcc.a
OUTPUT(blink_exe elf32-littlearm)
LOAD linker stubs
LOAD c:/program files (x86)/gnu arm embedded toolchain/10 2020-q4-major/bin/../lib/gcc/arm-none-eabi/10.2.1/../../../../arm-none-eabi/lib/thumb/v7e-m/nofp\libc.a
LOAD c:/program files (x86)/gnu arm embedded toolchain/10 2020-q4-major/bin/../lib/gcc/arm-none-eabi/10.2.1/../../../../arm-none-eabi/lib/thumb/v7e-m/nofp\libm.a
LOAD c:/program files (x86)/gnu arm embedded toolchain/10 2020-q4-major/bin/../lib/gcc/arm-none-eabi/10.2.1/thumb/v7e-m/nofp\libgcc.a

.debug_info     0x00000000     0x8071
 .debug_info    0x00000000      0xbb4 build/os/tpl_os_kernel.c.o
 .debug_info    0x00000bb4      0x3d9 build/os/tpl_os_timeobj_kernel.c.o
 .debug_info    0x00000f8d      0x17a build/os/tpl_os_os_kernel.c.o
 .debug_info    0x00001107       0xb7 build/os/tpl_os_os.c.o
 .debug_info    0x000011be      0x533 build/os/tpl_os_interrupt_kernel.c.o
 .debug_info    0x000016f1      0x587 build/os/tpl_os_task_kernel.c.o
 .debug_info    0x00001c78      0x5b7 build/os/tpl_os_resource_kernel.c.o
 .debug_info    0x0000222f      0x2db build/blink.c.o
 .debug_info    0x0000250a      0xa4f build/blink/tpl_app_config.c.o
 .debug_info    0x00002f59       0xab build/blink/tpl_dispatch_table.c.o
 .debug_info    0x00003004       0x26 build/blink/tpl_invoque.S.o
 .debug_info    0x0000302a       0x26 build/blink/tpl_primary_irq.S.o
 .debug_info    0x00003050       0xc0 build/blink/tpl_vectors.c.o
 .debug_info    0x00003110      0x29e build/blink/tpl_external_interrupts.c.o
 .debug_info    0x000033ae       0xa2 build/blink/tpl_app_interrupts.c.o
 .debug_info    0x00003450      0xa43 build/machines/cortex-m/tpl_machine_cortex.c.o
 .debug_info    0x00003e93       0x26 build/machines/cortex-m/tpl_sc_handler.S.o
 .debug_info    0x00003eb9       0x26 build/machines/cortex-m/tpl_startup.S.o
 .debug_info    0x00003edf       0x26 build/machines/cortex-m/armv7em/tpl_ctx_switch.S.o
 .debug_info    0x00003f05       0x26 build/machines/cortex-m/armv7em/tpl_ctx_switch_under_it.S.o
 .debug_info    0x00003f2b       0x26 build/machines/cortex-m/armv7em/tpl_interrupts.S.o
 .debug_info    0x00003f51      0x6b6 build/machines/cortex-m/armv7em/stm32f407/tpl_machine_stm32f407.c.o
 .debug_info    0x00004607      0x299 build/machines/cortex-m/armv7em/stm32f407/startup_stm32f4xx.c.o
 .debug_info    0x000048a0      0x63e build/machines/cortex-m/armv7em/stm32f407/system_stm32f4xx.c.o
 .debug_info    0x00004ede      0x5b0 build/machines/cortex-m/armv7em/stm32f407/handlers_stm32f4xx.c.o
 .debug_info    0x0000548e      0x649 build/machines/cortex-m/armv7em/stm32f407/STM32F4xx_StdPeriph_Driver/stm32f4xx_gpio.c.o
 .debug_info    0x00005ad7      0xf02 build/machines/cortex-m/armv7em/stm32f407/STM32F4xx_StdPeriph_Driver/stm32f4xx_rcc.c.o
 .debug_info    0x000069d9      0x37d build/machines/cortex-m/armv7em/stm32f407/STM32F4xx_StdPeriph_Driver/stm32f4xx_exti.c.o
 .debug_info    0x00006d56      0x28e build/machines/cortex-m/armv7em/stm32f407/STM32F4xx_StdPeriph_Driver/stm32f4xx_syscfg.c.o
 .debug_info    0x00006fe4      0x55c build/machines/cortex-m/armv7em/stm32f407/STM32F4xx_StdPeriph_Driver/misc.c.o
 .debug_info    0x00007540      0x8d6 build/machines/cortex-m/armv7em/stm32f407/stm32f4discovery/stm32f4_discovery.c.o
 .debug_info    0x00007e16      0x25b build/machines/cortex-m/armv7em/stm32f407/stm32f4discovery/tp.c.o

.debug_abbrev   0x00000000     0x2248
 .debug_abbrev  0x00000000      0x265 build/os/tpl_os_kernel.c.o
 .debug_abbrev  0x00000265      0x136 build/os/tpl_os_timeobj_kernel.c.o
 .debug_abbrev  0x0000039b       0x9a build/os/tpl_os_os_kernel.c.o
 .debug_abbrev  0x00000435       0x6b build/os/tpl_os_os.c.o
 .debug_abbrev  0x000004a0      0x1a8 build/os/tpl_os_interrupt_kernel.c.o
 .debug_abbrev  0x00000648      0x19e build/os/tpl_os_task_kernel.c.o
 .debug_abbrev  0x000007e6      0x185 build/os/tpl_os_resource_kernel.c.o
 .debug_abbrev  0x0000096b      0x133 build/blink.c.o
 .debug_abbrev  0x00000a9e      0x1b1 build/blink/tpl_app_config.c.o
 .debug_abbrev  0x00000c4f       0x80 build/blink/tpl_dispatch_table.c.o
 .debug_abbrev  0x00000ccf       0x14 build/blink/tpl_invoque.S.o
 .debug_abbrev  0x00000ce3       0x14 build/blink/tpl_primary_irq.S.o
 .debug_abbrev  0x00000cf7       0x92 build/blink/tpl_vectors.c.o
 .debug_abbrev  0x00000d89       0xaa build/blink/tpl_external_interrupts.c.o
 .debug_abbrev  0x00000e33       0x44 build/blink/tpl_app_interrupts.c.o
 .debug_abbrev  0x00000e77      0x312 build/machines/cortex-m/tpl_machine_cortex.c.o
 .debug_abbrev  0x00001189       0x14 build/machines/cortex-m/tpl_sc_handler.S.o
 .debug_abbrev  0x0000119d       0x14 build/machines/cortex-m/tpl_startup.S.o
 .debug_abbrev  0x000011b1       0x14 build/machines/cortex-m/armv7em/tpl_ctx_switch.S.o
 .debug_abbrev  0x000011c5       0x14 build/machines/cortex-m/armv7em/tpl_ctx_switch_under_it.S.o
 .debug_abbrev  0x000011d9       0x14 build/machines/cortex-m/armv7em/tpl_interrupts.S.o
 .debug_abbrev  0x000011ed      0x17b build/machines/cortex-m/armv7em/stm32f407/tpl_machine_stm32f407.c.o
 .debug_abbrev  0x00001368      0x145 build/machines/cortex-m/armv7em/stm32f407/startup_stm32f4xx.c.o
 .debug_abbrev  0x000014ad      0x165 build/machines/cortex-m/armv7em/stm32f407/system_stm32f4xx.c.o
 .debug_abbrev  0x00001612      0x11f build/machines/cortex-m/armv7em/stm32f407/handlers_stm32f4xx.c.o
 .debug_abbrev  0x00001731      0x1dc build/machines/cortex-m/armv7em/stm32f407/STM32F4xx_StdPeriph_Driver/stm32f4xx_gpio.c.o
 .debug_abbrev  0x0000190d      0x1d1 build/machines/cortex-m/armv7em/stm32f407/STM32F4xx_StdPeriph_Driver/stm32f4xx_rcc.c.o
 .debug_abbrev  0x00001ade      0x1e0 build/machines/cortex-m/armv7em/stm32f407/STM32F4xx_StdPeriph_Driver/stm32f4xx_exti.c.o
 .debug_abbrev  0x00001cbe      0x13e build/machines/cortex-m/armv7em/stm32f407/STM32F4xx_StdPeriph_Driver/stm32f4xx_syscfg.c.o
 .debug_abbrev  0x00001dfc      0x170 build/machines/cortex-m/armv7em/stm32f407/STM32F4xx_StdPeriph_Driver/misc.c.o
 .debug_abbrev  0x00001f6c      0x1c5 build/machines/cortex-m/armv7em/stm32f407/stm32f4discovery/stm32f4_discovery.c.o
 .debug_abbrev  0x00002131      0x117 build/machines/cortex-m/armv7em/stm32f407/stm32f4discovery/tp.c.o

.debug_aranges  0x00000000      0x980
 .debug_aranges
                0x00000000       0xf0 build/os/tpl_os_kernel.c.o
 .debug_aranges
                0x000000f0       0x40 build/os/tpl_os_timeobj_kernel.c.o
 .debug_aranges
                0x00000130       0x38 build/os/tpl_os_os_kernel.c.o
 .debug_aranges
                0x00000168       0x20 build/os/tpl_os_os.c.o
 .debug_aranges
                0x00000188       0x68 build/os/tpl_os_interrupt_kernel.c.o
 .debug_aranges
                0x000001f0       0x48 build/os/tpl_os_task_kernel.c.o
 .debug_aranges
                0x00000238       0x30 build/os/tpl_os_resource_kernel.c.o
 .debug_aranges
                0x00000268       0x80 build/blink.c.o
 .debug_aranges
                0x000002e8       0x28 build/blink/tpl_app_config.c.o
 .debug_aranges
                0x00000310       0x18 build/blink/tpl_dispatch_table.c.o
 .debug_aranges
                0x00000328       0x20 build/blink/tpl_invoque.S.o
 .debug_aranges
                0x00000348       0x20 build/blink/tpl_primary_irq.S.o
 .debug_aranges
                0x00000368       0x18 build/blink/tpl_vectors.c.o
 .debug_aranges
                0x00000380       0x20 build/blink/tpl_external_interrupts.c.o
 .debug_aranges
                0x000003a0       0x30 build/blink/tpl_app_interrupts.c.o
 .debug_aranges
                0x000003d0       0x58 build/machines/cortex-m/tpl_machine_cortex.c.o
 .debug_aranges
                0x00000428       0x20 build/machines/cortex-m/tpl_sc_handler.S.o
 .debug_aranges
                0x00000448       0x20 build/machines/cortex-m/tpl_startup.S.o
 .debug_aranges
                0x00000468       0x20 build/machines/cortex-m/armv7em/tpl_ctx_switch.S.o
 .debug_aranges
                0x00000488       0x20 build/machines/cortex-m/armv7em/tpl_ctx_switch_under_it.S.o
 .debug_aranges
                0x000004a8       0x20 build/machines/cortex-m/armv7em/tpl_interrupts.S.o
 .debug_aranges
                0x000004c8       0x30 build/machines/cortex-m/armv7em/stm32f407/tpl_machine_stm32f407.c.o
 .debug_aranges
                0x000004f8       0x38 build/machines/cortex-m/armv7em/stm32f407/startup_stm32f4xx.c.o
 .debug_aranges
                0x00000530       0x30 build/machines/cortex-m/armv7em/stm32f407/system_stm32f4xx.c.o
 .debug_aranges
                0x00000560       0x60 build/machines/cortex-m/armv7em/stm32f407/handlers_stm32f4xx.c.o
 .debug_aranges
                0x000005c0       0x88 build/machines/cortex-m/armv7em/stm32f407/STM32F4xx_StdPeriph_Driver/stm32f4xx_gpio.c.o
 .debug_aranges
                0x00000648      0x1c0 build/machines/cortex-m/armv7em/stm32f407/STM32F4xx_StdPeriph_Driver/stm32f4xx_rcc.c.o
 .debug_aranges
                0x00000808       0x58 build/machines/cortex-m/armv7em/stm32f407/STM32F4xx_StdPeriph_Driver/stm32f4xx_exti.c.o
 .debug_aranges
                0x00000860       0x50 build/machines/cortex-m/armv7em/stm32f407/STM32F4xx_StdPeriph_Driver/stm32f4xx_syscfg.c.o
 .debug_aranges
                0x000008b0       0x40 build/machines/cortex-m/armv7em/stm32f407/STM32F4xx_StdPeriph_Driver/misc.c.o
 .debug_aranges
                0x000008f0       0x48 build/machines/cortex-m/armv7em/stm32f407/stm32f4discovery/stm32f4_discovery.c.o
 .debug_aranges
                0x00000938       0x48 build/machines/cortex-m/armv7em/stm32f407/stm32f4discovery/tp.c.o

.debug_ranges   0x00000000      0x718
 .debug_ranges  0x00000000       0xf8 build/os/tpl_os_kernel.c.o
 .debug_ranges  0x000000f8       0x30 build/os/tpl_os_timeobj_kernel.c.o
 .debug_ranges  0x00000128       0x28 build/os/tpl_os_os_kernel.c.o
 .debug_ranges  0x00000150       0x10 build/os/tpl_os_os.c.o
 .debug_ranges  0x00000160       0x58 build/os/tpl_os_interrupt_kernel.c.o
 .debug_ranges  0x000001b8       0x38 build/os/tpl_os_task_kernel.c.o
 .debug_ranges  0x000001f0       0x20 build/os/tpl_os_resource_kernel.c.o
 .debug_ranges  0x00000210       0x70 build/blink.c.o
 .debug_ranges  0x00000280       0x18 build/blink/tpl_app_config.c.o
 .debug_ranges  0x00000298       0x10 build/blink/tpl_external_interrupts.c.o
 .debug_ranges  0x000002a8       0x20 build/blink/tpl_app_interrupts.c.o
 .debug_ranges  0x000002c8       0x48 build/machines/cortex-m/tpl_machine_cortex.c.o
 .debug_ranges  0x00000310       0x20 build/machines/cortex-m/armv7em/stm32f407/tpl_machine_stm32f407.c.o
 .debug_ranges  0x00000330       0x28 build/machines/cortex-m/armv7em/stm32f407/startup_stm32f4xx.c.o
 .debug_ranges  0x00000358       0x20 build/machines/cortex-m/armv7em/stm32f407/system_stm32f4xx.c.o
 .debug_ranges  0x00000378       0x50 build/machines/cortex-m/armv7em/stm32f407/handlers_stm32f4xx.c.o
 .debug_ranges  0x000003c8       0x78 build/machines/cortex-m/armv7em/stm32f407/STM32F4xx_StdPeriph_Driver/stm32f4xx_gpio.c.o
 .debug_ranges  0x00000440      0x1b0 build/machines/cortex-m/armv7em/stm32f407/STM32F4xx_StdPeriph_Driver/stm32f4xx_rcc.c.o
 .debug_ranges  0x000005f0       0x48 build/machines/cortex-m/armv7em/stm32f407/STM32F4xx_StdPeriph_Driver/stm32f4xx_exti.c.o
 .debug_ranges  0x00000638       0x40 build/machines/cortex-m/armv7em/stm32f407/STM32F4xx_StdPeriph_Driver/stm32f4xx_syscfg.c.o
 .debug_ranges  0x00000678       0x30 build/machines/cortex-m/armv7em/stm32f407/STM32F4xx_StdPeriph_Driver/misc.c.o
 .debug_ranges  0x000006a8       0x38 build/machines/cortex-m/armv7em/stm32f407/stm32f4discovery/stm32f4_discovery.c.o
 .debug_ranges  0x000006e0       0x38 build/machines/cortex-m/armv7em/stm32f407/stm32f4discovery/tp.c.o

.debug_line     0x00000000     0x5a02
 .debug_line    0x00000000      0x5d4 build/os/tpl_os_kernel.c.o
 .debug_line    0x000005d4      0x2f1 build/os/tpl_os_timeobj_kernel.c.o
 .debug_line    0x000008c5       0xfd build/os/tpl_os_os_kernel.c.o
 .debug_line    0x000009c2       0xc7 build/os/tpl_os_os.c.o
 .debug_line    0x00000a89      0x1fe build/os/tpl_os_interrupt_kernel.c.o
 .debug_line    0x00000c87      0x2c5 build/os/tpl_os_task_kernel.c.o
 .debug_line    0x00000f4c      0x266 build/os/tpl_os_resource_kernel.c.o
 .debug_line    0x000011b2      0x375 build/blink.c.o
 .debug_line    0x00001527      0x185 build/blink/tpl_app_config.c.o
 .debug_line    0x000016ac       0x68 build/blink/tpl_dispatch_table.c.o
 .debug_line    0x00001714      0x121 build/blink/tpl_invoque.S.o
 .debug_line    0x00001835       0x5c build/blink/tpl_primary_irq.S.o
 .debug_line    0x00001891       0x9b build/blink/tpl_vectors.c.o
 .debug_line    0x0000192c      0x1a5 build/blink/tpl_external_interrupts.c.o
 .debug_line    0x00001ad1       0x51 build/blink/tpl_app_interrupts.c.o
 .debug_line    0x00001b22      0x432 build/machines/cortex-m/tpl_machine_cortex.c.o
 .debug_line    0x00001f54       0x9a build/machines/cortex-m/tpl_sc_handler.S.o
 .debug_line    0x00001fee       0x68 build/machines/cortex-m/tpl_startup.S.o
 .debug_line    0x00002056       0x8a build/machines/cortex-m/armv7em/tpl_ctx_switch.S.o
 .debug_line    0x000020e0       0x8f build/machines/cortex-m/armv7em/tpl_ctx_switch_under_it.S.o
 .debug_line    0x0000216f       0x81 build/machines/cortex-m/armv7em/tpl_interrupts.S.o
 .debug_line    0x000021f0      0x2dc build/machines/cortex-m/armv7em/stm32f407/tpl_machine_stm32f407.c.o
 .debug_line    0x000024cc      0x1e1 build/machines/cortex-m/armv7em/stm32f407/startup_stm32f4xx.c.o
 .debug_line    0x000026ad      0x389 build/machines/cortex-m/armv7em/stm32f407/system_stm32f4xx.c.o
 .debug_line    0x00002a36      0x34f build/machines/cortex-m/armv7em/stm32f407/handlers_stm32f4xx.c.o
 .debug_line    0x00002d85      0xa87 build/machines/cortex-m/armv7em/stm32f407/STM32F4xx_StdPeriph_Driver/stm32f4xx_gpio.c.o
 .debug_line    0x0000380c     0x1028 build/machines/cortex-m/armv7em/stm32f407/STM32F4xx_StdPeriph_Driver/stm32f4xx_rcc.c.o
 .debug_line    0x00004834      0x4d1 build/machines/cortex-m/armv7em/stm32f407/STM32F4xx_StdPeriph_Driver/stm32f4xx_exti.c.o
 .debug_line    0x00004d05      0x387 build/machines/cortex-m/armv7em/stm32f407/STM32F4xx_StdPeriph_Driver/stm32f4xx_syscfg.c.o
 .debug_line    0x0000508c      0x39d build/machines/cortex-m/armv7em/stm32f407/STM32F4xx_StdPeriph_Driver/misc.c.o
 .debug_line    0x00005429      0x355 build/machines/cortex-m/armv7em/stm32f407/stm32f4discovery/stm32f4_discovery.c.o
 .debug_line    0x0000577e      0x284 build/machines/cortex-m/armv7em/stm32f407/stm32f4discovery/tp.c.o

.debug_str      0x00000000     0x3282
 .debug_str     0x00000000      0x75f build/os/tpl_os_kernel.c.o
                                0x85c (size before relaxing)
 .debug_str     0x0000075f      0x1e1 build/os/tpl_os_timeobj_kernel.c.o
                                0x3b6 (size before relaxing)
 .debug_str     0x00000940       0x98 build/os/tpl_os_os_kernel.c.o
                                0x288 (size before relaxing)
 .debug_str     0x000009d8       0x35 build/os/tpl_os_os.c.o
                                0x1ea (size before relaxing)
 .debug_str     0x00000a0d      0x1d0 build/os/tpl_os_interrupt_kernel.c.o
                                0x5ff (size before relaxing)
 .debug_str     0x00000bdd       0xbe build/os/tpl_os_task_kernel.c.o
                                0x52d (size before relaxing)
 .debug_str     0x00000c9b       0xc6 build/os/tpl_os_resource_kernel.c.o
                                0x55b (size before relaxing)
 .debug_str     0x00000d61      0x154 build/blink.c.o
                                0x349 (size before relaxing)
 .debug_str     0x00000eb5      0x290 build/blink/tpl_app_config.c.o
                                0x8d6 (size before relaxing)
 .debug_str     0x00001145       0x3e build/blink/tpl_dispatch_table.c.o
                                0x1d3 (size before relaxing)
 .debug_str     0x00001183       0x22 build/blink/tpl_invoque.S.o
                                 0x7e (size before relaxing)
 .debug_str     0x000011a5       0x18 build/blink/tpl_primary_irq.S.o
                                 0x82 (size before relaxing)
 .debug_str     0x000011bd       0x3a build/blink/tpl_vectors.c.o
                                0x1cf (size before relaxing)
 .debug_str     0x000011f7      0x159 build/blink/tpl_external_interrupts.c.o
                                0x307 (size before relaxing)
 .debug_str     0x00001350       0x63 build/blink/tpl_app_interrupts.c.o
                                0x1f8 (size before relaxing)
 .debug_str     0x000013b3      0x6b1 build/machines/cortex-m/tpl_machine_cortex.c.o
                                0xac6 (size before relaxing)
 .debug_str     0x00001a64       0x35 build/machines/cortex-m/tpl_sc_handler.S.o
                                 0x9f (size before relaxing)
 .debug_str     0x00001a99       0x32 build/machines/cortex-m/tpl_startup.S.o
                                 0x9c (size before relaxing)
 .debug_str     0x00001acb       0x3d build/machines/cortex-m/armv7em/tpl_ctx_switch.S.o
                                 0xa7 (size before relaxing)
 .debug_str     0x00001b08       0x46 build/machines/cortex-m/armv7em/tpl_ctx_switch_under_it.S.o
                                 0xb0 (size before relaxing)
 .debug_str     0x00001b4e       0x3d build/machines/cortex-m/armv7em/tpl_interrupts.S.o
                                 0xa7 (size before relaxing)
 .debug_str     0x00001b8b       0xad build/machines/cortex-m/armv7em/stm32f407/tpl_machine_stm32f407.c.o
                                0x84c (size before relaxing)
 .debug_str     0x00001c38      0x17e build/machines/cortex-m/armv7em/stm32f407/startup_stm32f4xx.c.o
                                0x32a (size before relaxing)
 .debug_str     0x00001db6       0xe4 build/machines/cortex-m/armv7em/stm32f407/system_stm32f4xx.c.o
                                0x446 (size before relaxing)
 .debug_str     0x00001e9a      0x1d0 build/machines/cortex-m/armv7em/stm32f407/handlers_stm32f4xx.c.o
                                0x446 (size before relaxing)
 .debug_str     0x0000206a      0x34b build/machines/cortex-m/armv7em/stm32f407/STM32F4xx_StdPeriph_Driver/stm32f4xx_gpio.c.o
                                0x525 (size before relaxing)
 .debug_str     0x000023b5      0x6ee build/machines/cortex-m/armv7em/stm32f407/STM32F4xx_StdPeriph_Driver/stm32f4xx_rcc.c.o
                                0xa47 (size before relaxing)
 .debug_str     0x00002aa3      0x1e5 build/machines/cortex-m/armv7em/stm32f407/STM32F4xx_StdPeriph_Driver/stm32f4xx_exti.c.o
                                0x3f7 (size before relaxing)
 .debug_str     0x00002c88      0x195 build/machines/cortex-m/armv7em/stm32f407/STM32F4xx_StdPeriph_Driver/stm32f4xx_syscfg.c.o
                                0x393 (size before relaxing)
 .debug_str     0x00002e1d      0x19c build/machines/cortex-m/armv7em/stm32f407/STM32F4xx_StdPeriph_Driver/misc.c.o
                                0x453 (size before relaxing)
 .debug_str     0x00002fb9      0x1e3 build/machines/cortex-m/armv7em/stm32f407/stm32f4discovery/stm32f4_discovery.c.o
                                0xbae (size before relaxing)
 .debug_str     0x0000319c       0xe6 build/machines/cortex-m/armv7em/stm32f407/stm32f4discovery/tp.c.o
                                0x30d (size before relaxing)

.comment        0x00000000       0x4d
 .comment       0x00000000       0x4d build/os/tpl_os_kernel.c.o
                                 0x4e (size before relaxing)
 .comment       0x0000004d       0x4e build/os/tpl_os_timeobj_kernel.c.o
 .comment       0x0000004d       0x4e build/os/tpl_os_os_kernel.c.o
 .comment       0x0000004d       0x4e build/os/tpl_os_os.c.o
 .comment       0x0000004d       0x4e build/os/tpl_os_interrupt_kernel.c.o
 .comment       0x0000004d       0x4e build/os/tpl_os_task_kernel.c.o
 .comment       0x0000004d       0x4e build/os/tpl_os_resource_kernel.c.o
 .comment       0x0000004d       0x4e build/blink.c.o
 .comment       0x0000004d       0x4e build/blink/tpl_app_config.c.o
 .comment       0x0000004d       0x4e build/blink/tpl_dispatch_table.c.o
 .comment       0x0000004d       0x4e build/blink/tpl_vectors.c.o
 .comment       0x0000004d       0x4e build/blink/tpl_external_interrupts.c.o
 .comment       0x0000004d       0x4e build/blink/tpl_app_interrupts.c.o
 .comment       0x0000004d       0x4e build/machines/cortex-m/tpl_machine_cortex.c.o
 .comment       0x0000004d       0x4e build/machines/cortex-m/armv7em/stm32f407/tpl_machine_stm32f407.c.o
 .comment       0x0000004d       0x4e build/machines/cortex-m/armv7em/stm32f407/startup_stm32f4xx.c.o
 .comment       0x0000004d       0x4e build/machines/cortex-m/armv7em/stm32f407/system_stm32f4xx.c.o
 .comment       0x0000004d       0x4e build/machines/cortex-m/armv7em/stm32f407/handlers_stm32f4xx.c.o
 .comment       0x0000004d       0x4e build/machines/cortex-m/armv7em/stm32f407/STM32F4xx_StdPeriph_Driver/stm32f4xx_gpio.c.o
 .comment       0x0000004d       0x4e build/machines/cortex-m/armv7em/stm32f407/STM32F4xx_StdPeriph_Driver/stm32f4xx_rcc.c.o
 .comment       0x0000004d       0x4e build/machines/cortex-m/armv7em/stm32f407/STM32F4xx_StdPeriph_Driver/stm32f4xx_exti.c.o
 .comment       0x0000004d       0x4e build/machines/cortex-m/armv7em/stm32f407/STM32F4xx_StdPeriph_Driver/stm32f4xx_syscfg.c.o
 .comment       0x0000004d       0x4e build/machines/cortex-m/armv7em/stm32f407/STM32F4xx_StdPeriph_Driver/misc.c.o
 .comment       0x0000004d       0x4e build/machines/cortex-m/armv7em/stm32f407/stm32f4discovery/stm32f4_discovery.c.o
 .comment       0x0000004d       0x4e build/machines/cortex-m/armv7em/stm32f407/stm32f4discovery/tp.c.o

.debug_frame    0x00000000     0x1cb8
 .debug_frame   0x00000000      0x3bc build/os/tpl_os_kernel.c.o
 .debug_frame   0x000003bc       0xcc build/os/tpl_os_timeobj_kernel.c.o
 .debug_frame   0x00000488       0xa0 build/os/tpl_os_os_kernel.c.o
 .debug_frame   0x00000528       0x34 build/os/tpl_os_os.c.o
 .debug_frame   0x0000055c      0x14c build/os/tpl_os_interrupt_kernel.c.o
 .debug_frame   0x000006a8       0xe8 build/os/tpl_os_task_kernel.c.o
 .debug_frame   0x00000790       0x80 build/os/tpl_os_resource_kernel.c.o
 .debug_frame   0x00000810      0x1b8 build/blink.c.o
 .debug_frame   0x000009c8       0x48 build/blink/tpl_app_config.c.o
 .debug_frame   0x00000a10       0x30 build/blink/tpl_external_interrupts.c.o
 .debug_frame   0x00000a40       0x70 build/blink/tpl_app_interrupts.c.o
 .debug_frame   0x00000ab0      0x118 build/machines/cortex-m/tpl_machine_cortex.c.o
 .debug_frame   0x00000bc8       0x78 build/machines/cortex-m/armv7em/stm32f407/tpl_machine_stm32f407.c.o
 .debug_frame   0x00000c40       0xa0 build/machines/cortex-m/armv7em/stm32f407/startup_stm32f4xx.c.o
 .debug_frame   0x00000ce0       0x7c build/machines/cortex-m/armv7em/stm32f407/system_stm32f4xx.c.o
 .debug_frame   0x00000d5c       0xf8 build/machines/cortex-m/armv7em/stm32f407/handlers_stm32f4xx.c.o
 .debug_frame   0x00000e54      0x214 build/machines/cortex-m/armv7em/stm32f407/STM32F4xx_StdPeriph_Driver/stm32f4xx_gpio.c.o
 .debug_frame   0x00001068      0x77c build/machines/cortex-m/armv7em/stm32f407/STM32F4xx_StdPeriph_Driver/stm32f4xx_rcc.c.o
 .debug_frame   0x000017e4      0x130 build/machines/cortex-m/armv7em/stm32f407/STM32F4xx_StdPeriph_Driver/stm32f4xx_exti.c.o
 .debug_frame   0x00001914      0x108 build/machines/cortex-m/armv7em/stm32f407/STM32F4xx_StdPeriph_Driver/stm32f4xx_syscfg.c.o
 .debug_frame   0x00001a1c       0xc4 build/machines/cortex-m/armv7em/stm32f407/STM32F4xx_StdPeriph_Driver/misc.c.o
 .debug_frame   0x00001ae0       0xf4 build/machines/cortex-m/armv7em/stm32f407/stm32f4discovery/stm32f4_discovery.c.o
 .debug_frame   0x00001bd4       0xe4 build/machines/cortex-m/armv7em/stm32f407/stm32f4discovery/tp.c.o
