
Discarded input sections

 .text          0x00000000        0x0 build/os/tpl_os_kernel.c.o
 .data          0x00000000        0x0 build/os/tpl_os_kernel.c.o
 .bss           0x00000000        0x0 build/os/tpl_os_kernel.c.o
 .text          0x00000000        0x0 build/os/tpl_os_timeobj_kernel.c.o
 .data          0x00000000        0x0 build/os/tpl_os_timeobj_kernel.c.o
 .bss           0x00000000        0x0 build/os/tpl_os_timeobj_kernel.c.o
 .text          0x00000000        0x0 build/os/tpl_os_action.c.o
 .data          0x00000000        0x0 build/os/tpl_os_action.c.o
 .bss           0x00000000        0x0 build/os/tpl_os_action.c.o
 .osCode        0x00000000       0x3a build/os/tpl_os_action.c.o
 .debug_info    0x00000000      0x1e0 build/os/tpl_os_action.c.o
 .debug_abbrev  0x00000000       0xda build/os/tpl_os_action.c.o
 .debug_aranges
                0x00000000       0x28 build/os/tpl_os_action.c.o
 .debug_ranges  0x00000000       0x18 build/os/tpl_os_action.c.o
 .debug_line    0x00000000      0x103 build/os/tpl_os_action.c.o
 .debug_str     0x00000000      0x31b build/os/tpl_os_action.c.o
 .comment       0x00000000       0x4e build/os/tpl_os_action.c.o
 .debug_frame   0x00000000       0x58 build/os/tpl_os_action.c.o
 .ARM.attributes
                0x00000000       0x2e build/os/tpl_os_action.c.o
 .text          0x00000000        0x0 build/os/tpl_os_error.c.o
 .data          0x00000000        0x0 build/os/tpl_os_error.c.o
 .bss           0x00000000        0x0 build/os/tpl_os_error.c.o
 .debug_info    0x00000000       0x64 build/os/tpl_os_error.c.o
 .debug_abbrev  0x00000000       0x26 build/os/tpl_os_error.c.o
 .debug_aranges
                0x00000000       0x18 build/os/tpl_os_error.c.o
 .debug_line    0x00000000       0x1d build/os/tpl_os_error.c.o
 .debug_str     0x00000000      0x1f0 build/os/tpl_os_error.c.o
 .comment       0x00000000       0x4e build/os/tpl_os_error.c.o
 .ARM.attributes
                0x00000000       0x37 build/os/tpl_os_error.c.o
 .text          0x00000000        0x0 build/os/tpl_os_os_kernel.c.o
 .data          0x00000000        0x0 build/os/tpl_os_os_kernel.c.o
 .bss           0x00000000        0x0 build/os/tpl_os_os_kernel.c.o
 .text          0x00000000        0x0 build/os/tpl_os_os.c.o
 .data          0x00000000        0x0 build/os/tpl_os_os.c.o
 .bss           0x00000000        0x0 build/os/tpl_os_os.c.o
 .text          0x00000000        0x0 build/os/tpl_os_interrupt_kernel.c.o
 .data          0x00000000        0x0 build/os/tpl_os_interrupt_kernel.c.o
 .bss           0x00000000        0x0 build/os/tpl_os_interrupt_kernel.c.o
 .text          0x00000000        0x0 build/os/tpl_os_task_kernel.c.o
 .data          0x00000000        0x0 build/os/tpl_os_task_kernel.c.o
 .bss           0x00000000        0x0 build/os/tpl_os_task_kernel.c.o
 .text          0x00000000        0x0 build/os/tpl_os_resource_kernel.c.o
 .data          0x00000000        0x0 build/os/tpl_os_resource_kernel.c.o
 .bss           0x00000000        0x0 build/os/tpl_os_resource_kernel.c.o
 .osConst       0x00000000        0x2 build/os/tpl_os_resource_kernel.c.o
 .text          0x00000000        0x0 build/blink.c.o
 .data          0x00000000        0x0 build/blink.c.o
 .bss           0x00000000        0x0 build/blink.c.o
 .text          0x00000000        0x0 build/blink/tpl_app_config.c.o
 .data          0x00000000        0x0 build/blink/tpl_app_config.c.o
 .bss           0x00000000        0x0 build/blink/tpl_app_config.c.o
 .rodata.APPMODE_1
                0x00000000        0x1 build/blink/tpl_app_config.c.o
 .text          0x00000000        0x0 build/blink/tpl_dispatch_table.c.o
 .data          0x00000000        0x0 build/blink/tpl_dispatch_table.c.o
 .bss           0x00000000        0x0 build/blink/tpl_dispatch_table.c.o
 .text          0x00000000        0x0 build/blink/tpl_invoque.S.o
 .data          0x00000000        0x0 build/blink/tpl_invoque.S.o
 .bss           0x00000000        0x0 build/blink/tpl_invoque.S.o
 .text          0x00000000        0x0 build/blink/tpl_primary_irq.S.o
 .data          0x00000000        0x0 build/blink/tpl_primary_irq.S.o
 .bss           0x00000000        0x0 build/blink/tpl_primary_irq.S.o
 .osVar         0x00000000        0x0 build/blink/tpl_primary_irq.S.o
 .text          0x00000000        0x0 build/blink/tpl_vectors.c.o
 .data          0x00000000        0x0 build/blink/tpl_vectors.c.o
 .bss           0x00000000        0x0 build/blink/tpl_vectors.c.o
 .text          0x00000000        0x0 build/blink/tpl_external_interrupts.c.o
 .data          0x00000000        0x0 build/blink/tpl_external_interrupts.c.o
 .bss           0x00000000        0x0 build/blink/tpl_external_interrupts.c.o
 .text          0x00000000        0x0 build/blink/tpl_app_interrupts.c.o
 .data          0x00000000        0x0 build/blink/tpl_app_interrupts.c.o
 .bss           0x00000000        0x0 build/blink/tpl_app_interrupts.c.o
 .text          0x00000000        0x0 build/machines/cortex/tpl_machine_cortex.c.o
[...]
Memory Configuration

Name             Origin             Length             Attributes
VECTOR           0x08000000         0x00000188         xr
FLASH            0x08000188         0x0000fe78         xr
RAM              0x20000000         0x00020000         xrw
MEMORY_B1        0x60000000         0x00000000         xr
*default*        0x00000000         0xffffffff

Linker script and memory map

LOAD build/os/tpl_os_kernel.c.o
LOAD build/os/tpl_os_timeobj_kernel.c.o
LOAD build/os/tpl_os_action.c.o
LOAD build/os/tpl_os_error.c.o
LOAD build/os/tpl_os_os_kernel.c.o
LOAD build/os/tpl_os_os.c.o
LOAD build/os/tpl_os_interrupt_kernel.c.o
LOAD build/os/tpl_os_task_kernel.c.o
LOAD build/os/tpl_os_resource_kernel.c.o
LOAD build/blink.c.o
LOAD build/blink/tpl_app_config.c.o
LOAD build/blink/tpl_dispatch_table.c.o
LOAD build/blink/tpl_invoque.S.o
LOAD build/blink/tpl_primary_irq.S.o
LOAD build/blink/tpl_vectors.c.o
LOAD build/blink/tpl_external_interrupts.c.o
LOAD build/blink/tpl_app_interrupts.c.o
LOAD build/machines/cortex/tpl_machine_cortex.c.o
LOAD build/machines/cortex/tpl_sc_handler.S.o
LOAD build/machines/cortex/tpl_startup.S.o
LOAD build/machines/cortex/armv7em/tpl_ctx_switch.S.o
LOAD build/machines/cortex/armv7em/tpl_ctx_switch_under_it.S.o
LOAD build/machines/cortex/armv7em/tpl_interrupts.S.o
LOAD build/machines/cortex/armv7em/stm32f407/tpl_memory_protection.c.o
LOAD build/machines/cortex/armv7em/stm32f407/tpl_machine_stm32f407.c.o
LOAD build/machines/cortex/armv7em/stm32f407/startup_stm32f4xx.c.o
LOAD build/machines/cortex/armv7em/stm32f407/system_stm32f4xx.c.o
LOAD build/machines/cortex/armv7em/stm32f407/handlers_stm32f4xx.c.o
LOAD build/machines/cortex/armv7em/stm32f407/lib/pinAccess.c.o
LOAD build/machines/cortex/armv7em/stm32f407/STM32F4xx_StdPeriph_Driver/stm32f4xx_gpio.c.o
LOAD build/machines/cortex/armv7em/stm32f407/STM32F4xx_StdPeriph_Driver/stm32f4xx_rcc.c.o
LOAD build/machines/cortex/armv7em/stm32f407/STM32F4xx_StdPeriph_Driver/stm32f4xx_exti.c.o
LOAD build/machines/cortex/armv7em/stm32f407/STM32F4xx_StdPeriph_Driver/stm32f4xx_syscfg.c.o
LOAD build/machines/cortex/armv7em/stm32f407/STM32F4xx_StdPeriph_Driver/misc.c.o
LOAD build/machines/cortex/armv7em/stm32f407/stm32f4discovery/stm32f4_discovery.c.o
LOAD build/machines/cortex/armv7em/stm32f407/stm32f4discovery/tp.c.o
                0x20020000                _estack = 0x20020000
                0x00000000                _Min_Heap_Size = 0x0
                0x00000400                _Min_Stack_Size = 0x400

.isr_vector     0x08000000      0x188
                0x08000000                . = ALIGN (0x4)
 *(.isr_vector)
 .isr_vector    0x08000000      0x188 build/blink/tpl_vectors.c.o
                0x08000000                tpl_it_vectors
                0x08000188                . = ALIGN (0x4)
                0x08000188                . = ALIGN (0x4)

ostext          0x08000188     0x19f8
 *(.SC_handler)
 *(.EI_handler)
 *(.osCode)
 .osCode        0x08000188      0x86c build/os/tpl_os_kernel.c.o
                0x08000188                tpl_current_os_state
                0x080001dc                tpl_schedule_from_running
                0x08000224                tpl_start_scheduling
                0x0800023c                tpl_start
                0x080002b4                tpl_run_elected
                0x08000340                tpl_block
                0x08000378                tpl_release
                0x080003b4                tpl_front_proc
                0x080003e0                tpl_terminate
                0x08000424                tpl_init_proc
                0x08000458                tpl_put_preempted_proc
                0x080004b8                tpl_put_new_proc
                0x08000544                tpl_init_os
                0x080005a8                tpl_get_internal_resource
                0x08000634                tpl_release_internal_resource
                0x08000684                tpl_call_terminate_task_service
                0x080006b8                tpl_call_terminate_isr2_service
                0x08000700                tpl_activate_task
                0x08000778                tpl_set_event
                0x08000798                tpl_compare_entries
                0x08000830                tpl_bubble_up
                0x080008b0                tpl_bubble_down
                0x08000966                tpl_remove_front_proc
                0x080009c8                tpl_preempt
 .osCode        0x080009f4      0x2f0 build/os/tpl_os_timeobj_kernel.c.o
                0x080009f4                tpl_enable_counters
                0x08000a0c                tpl_insert_time_obj
                0x08000aea                tpl_remove_time_obj
                0x08000b5c                tpl_counter_tick
 .osCode        0x08000ce4       0xb4 build/os/tpl_os_os_kernel.c.o
                0x08000ce4                tpl_get_active_application_mode_service
                0x08000d14                tpl_start_os_service
                0x08000d60                tpl_call_shutdown_os
                0x08000d7e                tpl_shutdown_os_service
 .osCode        0x08000d98      0x1e0 build/os/tpl_os_interrupt_kernel.c.o
                0x08000d98                tpl_get_interrupt_lock_status
                0x08000dd8                tpl_reset_interrupt_lock_status
                0x08000e14                tpl_terminate_isr2_service
                0x08000e58                tpl_null_it
                0x08000e6a                tpl_enable_all_interrupts_service
                0x08000e88                tpl_disable_all_interrupts_service
                0x08000eb8                tpl_resume_all_interrupts_service
                0x08000ef0                tpl_suspend_all_interrupts_service
                0x08000f18                tpl_resume_os_interrupts_service
                0x08000f50                tpl_suspend_os_interrupts_service
 .osCode        0x08000f78      0x2b4 build/os/tpl_os_task_kernel.c.o
                0x08000f78                tpl_activate_task_service
                0x08000fdc                tpl_terminate_task_service
                0x0800104c                tpl_chain_task_service
                0x080010fc                tpl_schedule_service
                0x08001178                tpl_get_task_id_service
                0x080011c8                tpl_get_task_state_service
 .osCode        0x0800122c      0x20c build/os/tpl_os_resource_kernel.c.o
                0x0800122c                tpl_release_all_resources
                0x0800128c                tpl_get_resource_service
                0x08001384                tpl_release_resource_service
 .osCode        0x08001438       0x7c build/blink.c.o
                0x08001438                main
                0x08001458                assert_failed
                0x0800146c                PreTaskHook
                0x08001478                PostTaskHook
                0x08001484                ShutdownHook
 .osCode        0x080014b4       0x40 build/blink/tpl_app_config.c.o
                0x080014b4                tpl_tick_SysTick
                0x080014e8                SysTick_Handler
 .osCode        0x080014f4       0x30 build/blink/tpl_primary_irq.S.o
                0x080014f4                tpl_primary_irq_handler_SysTick
 .osCode        0x08001524       0x20 build/blink/tpl_external_interrupts.c.o
                0x08001524                tpl_init_external_interrupts
 .osCode        0x08001544       0x24 build/blink/tpl_app_interrupts.c.o
                0x08001544                tpl_init_it_priority
                0x08001550                tpl_disable_os_interrupts
                0x0800155c                tpl_enable_os_interrupts
 .osCode        0x08001568      0x164 build/machines/cortex/tpl_machine_cortex.c.o
                0x08001568                tpl_init_context
                0x08001654                tpl_init_machine
                0x08001664                tpl_shutdown
                0x0800166e                tpl_init_machine_generic
                0x0800167a                tpl_init_machine_specific
                0x080016b0                tpl_check_stack_footprint
 .osCode        0x080016cc       0x6c build/machines/cortex/tpl_sc_handler.S.o
                0x080016cc                tpl_sc_handler
 .osCode        0x08001738       0x1c build/machines/cortex/tpl_startup.S.o
                0x08001738                tpl_reset_handler
 .osCode        0x08001754       0x4c build/machines/cortex/armv7em/tpl_ctx_switch.S.o
                0x08001754                tpl_save_context
                0x0800177a                tpl_load_context
 .osCode        0x080017a0       0x44 build/machines/cortex/armv7em/tpl_ctx_switch_under_it.S.o
                0x080017a0                tpl_save_context_under_it
                0x080017c2                tpl_load_context_under_it
 .osCode        0x080017e4       0x2c build/machines/cortex/armv7em/tpl_interrupts.S.o
                0x080017e4                tpl_disable_interrupts
                0x080017f8                tpl_enable_interrupts
 .osCode        0x08001810       0x7c build/machines/cortex/armv7em/stm32f407/tpl_machine_stm32f407.c.o
                0x08001860                tpl_set_systick_timer
 .osCode        0x0800188c      0x108 build/machines/cortex/armv7em/stm32f407/stm32f4discovery/tp.c.o
                0x0800188c                initBoard
                0x080018b4                ledOn
                0x080018d4                ledOff
                0x080018f4                ledToggle
                0x08001914                readButton
                0x08001964                delay
 *(.osApiCode)
 .osApiCode     0x08001994       0x2a build/os/tpl_os_os.c.o
                0x08001994                StartOS
 .osApiCode     0x080019be      0x1c2 build/blink/tpl_invoque.S.o
                0x080019be                GetActiveApplicationMode
                0x080019d4                tpl_start_os
                0x080019ea                ShutdownOS
                0x08001a00                EnableAllInterrupts
                0x08001a1a                DisableAllInterrupts
                0x08001a34                ResumeAllInterrupts
                0x08001a4e                SuspendAllInterrupts
                0x08001a68                ResumeOSInterrupts
                0x08001a82                SuspendOSInterrupts
                0x08001a9c                CallTerminateISR2
                0x08001ab6                ActivateTask
                0x08001acc                TerminateTask
                0x08001ae2                ChainTask
                0x08001af8                Schedule
                0x08001b0e                GetTaskID
                0x08001b24                GetTaskState
                0x08001b3a                CallTerminateTask
                0x08001b54                GetResource
                0x08001b6a                ReleaseResource
 *(.appCommonCode)
                0x08001b80                . = ALIGN (0x4)

osconst         0x08001b80      0x118
 *(.osConst)
 .osConst       0x08001b80        0x2 build/os/tpl_os_kernel.c.o
                0x08001b80                INVALID_PROC
                0x08001b81                INVALID_TASK
 *fill*         0x08001b82        0x2 
 .osConst       0x08001b84       0xa4 build/blink/tpl_app_config.c.o
                0x08001b84                tpl_stat_proc_table
                0x08001b98                tpl_dyn_proc_table
                0x08001bac                tpl_resource_table
                0x08001bb0                IDLE_TASK_task_stat_desc
                0x08001bc8                SWC1_Init_task_stat_desc
                0x08001be0                SWC2_Init_task_stat_desc
                0x08001bf8                SWC3_Init_task_stat_desc
                0x08001c10                SWC4_Init_task_stat_desc
 .osConst       0x08001c28       0x4c build/blink/tpl_dispatch_table.c.o
                0x08001c28                tpl_dispatch_table
 *(.osApiConst)
 .osApiConst    0x08001c74       0x24 build/blink/tpl_app_config.c.o
                0x08001c74                proc_name_table
                0x08001c88                SWC1_Init
                0x08001c89                SWC2_Init
                0x08001c8a                SWC3_Init
                0x08001c8b                SWC4_Init
                0x08001c8c                OSTICKSPERBASE
                0x08001c90                OSMAXALLOWEDVALUE
                0x08001c94                OSMINCYCLE
                0x08001c98                . = ALIGN (0x4)

apptext         0x08001c98       0x76
                0x08001c98                __PROGCONST_SECTION_START = .
                0x08001c98                __SEG_START_APP_CODE_CONST_RGN = .
                0x08001c98                . = ALIGN (0x4)
 *(.Task_SWC1_InitCode)
 .Task_SWC1_InitCode
                0x08001c98       0x40 build/blink.c.o
                0x08001c98                SWC1_Init_function
 *(.Task_SWC2_InitCode)
 .Task_SWC2_InitCode
                0x08001cd8       0x16 build/blink.c.o
                0x08001cd8                SWC2_Init_function
 *(.Task_SWC3_InitCode)
 .Task_SWC3_InitCode
                0x08001cee       0x10 build/blink.c.o
                0x08001cee                SWC3_Init_function
 *(.Task_SWC4_InitCode)
 .Task_SWC4_InitCode
                0x08001cfe       0x10 build/blink.c.o
                0x08001cfe                SWC4_Init_function
                0x08001d10                . = ALIGN (0x4)

appconst        0x08001d10      0x230
 *(.rodata)
 .rodata        0x08001d10       0x37 build/blink/tpl_app_config.c.o
 *fill*         0x08001d47        0x1 
 .rodata        0x08001d48       0x60 build/machines/cortex/armv7em/stm32f407/STM32F4xx_StdPeriph_Driver/stm32f4xx_gpio.c.o
 .rodata        0x08001da8       0x5f build/machines/cortex/armv7em/stm32f407/STM32F4xx_StdPeriph_Driver/stm32f4xx_rcc.c.o
 *fill*         0x08001e07        0x1 
 .rodata        0x08001e08       0x60 build/machines/cortex/armv7em/stm32f407/STM32F4xx_StdPeriph_Driver/stm32f4xx_exti.c.o
 .rodata        0x08001e68       0x62 build/machines/cortex/armv7em/stm32f407/STM32F4xx_StdPeriph_Driver/stm32f4xx_syscfg.c.o
 *fill*         0x08001eca        0x2 
 .rodata        0x08001ecc       0x56 build/machines/cortex/armv7em/stm32f407/STM32F4xx_StdPeriph_Driver/misc.c.o
 *(.rodata*)
 .rodata.OSDEFAULTAPPMODE
                0x08001f22        0x1 build/blink/tpl_app_config.c.o
                0x08001f22                OSDEFAULTAPPMODE
 *fill*         0x08001f23        0x1 
 .rodata.tpl_task_app_mode
                0x08001f24        0x4 build/blink/tpl_app_config.c.o
                0x08001f24                tpl_task_app_mode
 .rodata.GPIO_PIN
                0x08001f28        0x8 build/machines/cortex/armv7em/stm32f407/stm32f4discovery/stm32f4_discovery.c.o
                0x08001f28                GPIO_PIN
 .rodata.GPIO_CLK
                0x08001f30       0x10 build/machines/cortex/armv7em/stm32f407/stm32f4discovery/stm32f4_discovery.c.o
                0x08001f30                GPIO_CLK
                0x08001f40                . = ALIGN (0x4)

procconst       0x08001f40        0x0
 *(.Task_SWC1_Init_SEC_CONST_32BIT)
 *(.Task_SWC1_Init_SEC_CALIB_32BIT)
 *(.Task_SWC1_Init_SEC_CARTO_32BIT)
 *(.Task_SWC1_Init_SEC_CONFIG_DATA_32BIT)
 *(.Task_SWC1_Init_SEC_CONST_16BIT)
 *(.Task_SWC1_Init_SEC_CALIB_16BIT)
 *(.Task_SWC1_Init_SEC_CARTO_16BIT)
 *(.Task_SWC1_Init_SEC_CONFIG_DATA_16BIT)
 *(.Task_SWC1_Init_SEC_CONST_8BIT)
 *(.Task_SWC1_Init_SEC_CALIB_8BIT)
 *(.Task_SWC1_Init_SEC_CARTO_8BIT)
 *(.Task_SWC1_Init_SEC_CONFIG_DATA_8BIT)
 *(.Task_SWC1_Init_SEC_CONST_BOOLEAN)
 *(.Task_SWC1_Init_SEC_CALIB_BOOLEAN)
 *(.Task_SWC1_Init_SEC_CARTO_BOOLEAN)
 *(.Task_SWC1_Init_SEC_CONFIG_DATA_BOOLEAN)
 *(.Task_SWC1_Init_SEC_CONST_UNSPECIFIED)
 *(.Task_SWC1_Init_SEC_CALIB_UNSPECIFIED)
 *(.Task_SWC1_Init_SEC_CARTO_UNSPECIFIED)
 *(.Task_SWC1_Init_SEC_CONFIG_DATA_UNSPECIFIED)
 *(.Task_SWC2_Init_SEC_CONST_32BIT)
 *(.Task_SWC2_Init_SEC_CALIB_32BIT)
 *(.Task_SWC2_Init_SEC_CARTO_32BIT)
 *(.Task_SWC2_Init_SEC_CONFIG_DATA_32BIT)
 *(.Task_SWC2_Init_SEC_CONST_16BIT)
 *(.Task_SWC2_Init_SEC_CALIB_16BIT)
 *(.Task_SWC2_Init_SEC_CARTO_16BIT)
 *(.Task_SWC2_Init_SEC_CONFIG_DATA_16BIT)
 *(.Task_SWC2_Init_SEC_CONST_8BIT)
 *(.Task_SWC2_Init_SEC_CALIB_8BIT)
 *(.Task_SWC2_Init_SEC_CARTO_8BIT)
 *(.Task_SWC2_Init_SEC_CONFIG_DATA_8BIT)
 *(.Task_SWC2_Init_SEC_CONST_BOOLEAN)
 *(.Task_SWC2_Init_SEC_CALIB_BOOLEAN)
 *(.Task_SWC2_Init_SEC_CARTO_BOOLEAN)
 *(.Task_SWC2_Init_SEC_CONFIG_DATA_BOOLEAN)
 *(.Task_SWC2_Init_SEC_CONST_UNSPECIFIED)
 *(.Task_SWC2_Init_SEC_CALIB_UNSPECIFIED)
 *(.Task_SWC2_Init_SEC_CARTO_UNSPECIFIED)
 *(.Task_SWC2_Init_SEC_CONFIG_DATA_UNSPECIFIED)
 *(.Task_SWC3_Init_SEC_CONST_32BIT)
 *(.Task_SWC3_Init_SEC_CALIB_32BIT)
 *(.Task_SWC3_Init_SEC_CARTO_32BIT)
 *(.Task_SWC3_Init_SEC_CONFIG_DATA_32BIT)
 *(.Task_SWC3_Init_SEC_CONST_16BIT)
 *(.Task_SWC3_Init_SEC_CALIB_16BIT)
 *(.Task_SWC3_Init_SEC_CARTO_16BIT)
 *(.Task_SWC3_Init_SEC_CONFIG_DATA_16BIT)
 *(.Task_SWC3_Init_SEC_CONST_8BIT)
 *(.Task_SWC3_Init_SEC_CALIB_8BIT)
 *(.Task_SWC3_Init_SEC_CARTO_8BIT)
 *(.Task_SWC3_Init_SEC_CONFIG_DATA_8BIT)
 *(.Task_SWC3_Init_SEC_CONST_BOOLEAN)
 *(.Task_SWC3_Init_SEC_CALIB_BOOLEAN)
 *(.Task_SWC3_Init_SEC_CARTO_BOOLEAN)
 *(.Task_SWC3_Init_SEC_CONFIG_DATA_BOOLEAN)
 *(.Task_SWC3_Init_SEC_CONST_UNSPECIFIED)
 *(.Task_SWC3_Init_SEC_CALIB_UNSPECIFIED)
 *(.Task_SWC3_Init_SEC_CARTO_UNSPECIFIED)
 *(.Task_SWC3_Init_SEC_CONFIG_DATA_UNSPECIFIED)
 *(.Task_SWC4_Init_SEC_CONST_32BIT)
 *(.Task_SWC4_Init_SEC_CALIB_32BIT)
 *(.Task_SWC4_Init_SEC_CARTO_32BIT)
 *(.Task_SWC4_Init_SEC_CONFIG_DATA_32BIT)
 *(.Task_SWC4_Init_SEC_CONST_16BIT)
 *(.Task_SWC4_Init_SEC_CALIB_16BIT)
 *(.Task_SWC4_Init_SEC_CARTO_16BIT)
 *(.Task_SWC4_Init_SEC_CONFIG_DATA_16BIT)
 *(.Task_SWC4_Init_SEC_CONST_8BIT)
 *(.Task_SWC4_Init_SEC_CALIB_8BIT)
 *(.Task_SWC4_Init_SEC_CARTO_8BIT)
 *(.Task_SWC4_Init_SEC_CONFIG_DATA_8BIT)
 *(.Task_SWC4_Init_SEC_CONST_BOOLEAN)
 *(.Task_SWC4_Init_SEC_CALIB_BOOLEAN)
 *(.Task_SWC4_Init_SEC_CARTO_BOOLEAN)
 *(.Task_SWC4_Init_SEC_CONFIG_DATA_BOOLEAN)
 *(.Task_SWC4_Init_SEC_CONST_UNSPECIFIED)
 *(.Task_SWC4_Init_SEC_CALIB_UNSPECIFIED)
 *(.Task_SWC4_Init_SEC_CARTO_UNSPECIFIED)
 *(.Task_SWC4_Init_SEC_CONFIG_DATA_UNSPECIFIED)
                0x08001f40                . = ALIGN (0x4)
                0x08001f3f                __SEG_STOP_APP_CODE_CONST_RGN = (. - 0x1)
                0x08001f3f                __PROGCONST_SECTION_STOP = (. - 0x1)

.text           0x08001f40      0xdb4
                0x08001f40                . = ALIGN (0x4)
 *(.text)
 *(.text*)
 .text.SWC1_Init_Internal
                0x08001f40       0x34 build/blink.c.o
                0x08001f40                SWC1_Init_Internal
 .text.SWC2_Init_Internal
                0x08001f74       0x34 build/blink.c.o
                0x08001f74                SWC2_Init_Internal
 .text.SWC3_Init_Internal
                0x08001fa8       0x34 build/blink.c.o
                0x08001fa8                SWC3_Init_Internal
 .text.SWC4_Init_Internal
                0x08001fdc       0x34 build/blink.c.o
                0x08001fdc                SWC4_Init_Internal
 .text.NVIC_SetPriority
                0x08002010       0x54 build/machines/cortex/tpl_machine_cortex.c.o
 .text.idle_function
                0x08002064        0x6 build/machines/cortex/tpl_machine_cortex.c.o
                0x08002064                idle_function
 *fill*         0x0800206a        0x2 
 .text.NVIC_SetPriority
                0x0800206c       0x54 build/machines/cortex/armv7em/stm32f407/tpl_machine_stm32f407.c.o
 .text.__libc_init_array
                0x080020c0       0x70 build/machines/cortex/armv7em/stm32f407/startup_stm32f4xx.c.o
                0x080020c0                __libc_init_array
 .text.__libc_fini_array
                0x08002130       0x40 build/machines/cortex/armv7em/stm32f407/startup_stm32f4xx.c.o
                0x08002130                __libc_fini_array
 .text.SystemInit
                0x08002170       0x5c build/machines/cortex/armv7em/stm32f407/system_stm32f4xx.c.o
                0x08002170                SystemInit
 .text.SetSysClock
                0x080021cc       0xf4 build/machines/cortex/armv7em/stm32f407/system_stm32f4xx.c.o
 .text.NMI_Handler
                0x080022c0        0x8 build/machines/cortex/armv7em/stm32f407/handlers_stm32f4xx.c.o
                0x080022c0                NMI_Handler
 .text.HardFault_Handler
                0x080022c8       0x64 build/machines/cortex/armv7em/stm32f407/handlers_stm32f4xx.c.o
                0x080022c8                HardFault_Handler
 .text.MemManage_Handler
                0x0800232c        0x8 build/machines/cortex/armv7em/stm32f407/handlers_stm32f4xx.c.o
                0x0800232c                MemManage_Handler
 .text.BusFault_Handler
                0x08002334        0x8 build/machines/cortex/armv7em/stm32f407/handlers_stm32f4xx.c.o
                0x08002334                BusFault_Handler
 .text.UsageFault_Handler
                0x0800233c        0x8 build/machines/cortex/armv7em/stm32f407/handlers_stm32f4xx.c.o
                0x0800233c                UsageFault_Handler
 .text.DebugMonitor_Handler
                0x08002344        0x6 build/machines/cortex/armv7em/stm32f407/handlers_stm32f4xx.c.o
                0x08002344                DebugMonitor_Handler
 *fill*         0x0800234a        0x2 
 .text.GPIO_Init
                0x0800234c      0x248 build/machines/cortex/armv7em/stm32f407/STM32F4xx_StdPeriph_Driver/stm32f4xx_gpio.c.o
                0x0800234c                GPIO_Init
 .text.GPIO_ReadInputDataBit
                0x08002594      0x13c build/machines/cortex/armv7em/stm32f407/STM32F4xx_StdPeriph_Driver/stm32f4xx_gpio.c.o
                0x08002594                GPIO_ReadInputDataBit
 .text.RCC_AHB1PeriphClockCmd
                0x080026d0       0x74 build/machines/cortex/armv7em/stm32f407/STM32F4xx_StdPeriph_Driver/stm32f4xx_rcc.c.o
                0x080026d0                RCC_AHB1PeriphClockCmd
 .text.RCC_APB2PeriphClockCmd
                0x08002744       0x74 build/machines/cortex/armv7em/stm32f407/STM32F4xx_StdPeriph_Driver/stm32f4xx_rcc.c.o
                0x08002744                RCC_APB2PeriphClockCmd
 .text.EXTI_Init
                0x080027b8      0x150 build/machines/cortex/armv7em/stm32f407/STM32F4xx_StdPeriph_Driver/stm32f4xx_exti.c.o
                0x080027b8                EXTI_Init
 .text.SYSCFG_EXTILineConfig
                0x08002908      0x134 build/machines/cortex/armv7em/stm32f407/STM32F4xx_StdPeriph_Driver/stm32f4xx_syscfg.c.o
                0x08002908                SYSCFG_EXTILineConfig
 .text.NVIC_Init
                0x08002a3c       0xfc build/machines/cortex/armv7em/stm32f407/STM32F4xx_StdPeriph_Driver/misc.c.o
                0x08002a3c                NVIC_Init
 .text.STM_EVAL_LEDInit
                0x08002b38       0x5c build/machines/cortex/armv7em/stm32f407/stm32f4discovery/stm32f4_discovery.c.o
                0x08002b38                STM_EVAL_LEDInit
 .text.STM_EVAL_LEDOn
                0x08002b94       0x30 build/machines/cortex/armv7em/stm32f407/stm32f4discovery/stm32f4_discovery.c.o
                0x08002b94                STM_EVAL_LEDOn
 .text.STM_EVAL_LEDOff
                0x08002bc4       0x30 build/machines/cortex/armv7em/stm32f407/stm32f4discovery/stm32f4_discovery.c.o
                0x08002bc4                STM_EVAL_LEDOff
 .text.STM_EVAL_LEDToggle
                0x08002bf4       0x3c build/machines/cortex/armv7em/stm32f407/stm32f4discovery/stm32f4_discovery.c.o
                0x08002bf4                STM_EVAL_LEDToggle
 .text.STM_EVAL_PBInit
                0x08002c30       0x98 build/machines/cortex/armv7em/stm32f407/stm32f4discovery/stm32f4_discovery.c.o
                0x08002c30                STM_EVAL_PBInit
 .text.STM_EVAL_PBGetState
                0x08002cc8       0x2c build/machines/cortex/armv7em/stm32f407/stm32f4discovery/stm32f4_discovery.c.o
                0x08002cc8                STM_EVAL_PBGetState
 *(.glue_7)
 .glue_7        0x08002cf4        0x0 linker stubs
 *(.glue_7t)
 .glue_7t       0x08002cf4        0x0 linker stubs
 *(.eh_frame)
 *(.init)
 *(.fini)
                0x08002cf4                . = ALIGN (0x4)
                0x08002cf4                _etext = .
                0x08002cf4                _exit = .

.vfp11_veneer   0x08002cf4        0x0
 .vfp11_veneer  0x08002cf4        0x0 linker stubs

.v4_bx          0x08002cf4        0x0
 .v4_bx         0x08002cf4        0x0 linker stubs

.iplt           0x08002cf4        0x0
 .iplt          0x08002cf4        0x0 build/os/tpl_os_kernel.c.o

.after_vectors  0x08002cf4       0x98
 .after_vectors
                0x08002cf4       0x98 build/machines/cortex/armv7em/stm32f407/startup_stm32f4xx.c.o
                0x08002cf4                tpl_continue_reset_handler
                0x08002d40                system_init

.rel.dyn        0x08002d8c        0x0
 .rel.iplt      0x08002d8c        0x0 build/os/tpl_os_kernel.c.o

.ARM.extab
 *(.ARM.extab* .gnu.linkonce.armextab.*)

.ARM            0x08002d8c        0x0
                0x08002d8c                __exidx_start = .
 *(.ARM.exidx*)
                0x08002d8c                __exidx_end = .

.preinit_array  0x08002d8c        0x4
                0x08002d8c                PROVIDE (__preinit_array_start = .)
 *(.preinit_array*)
 .preinit_array_sysinit
                0x08002d8c        0x4 build/machines/cortex/armv7em/stm32f407/startup_stm32f4xx.c.o
                0x08002d8c                p_system_init
                0x08002d90                PROVIDE (__preinit_array_end = .)

.init_array     0x08002d90        0x0
                0x08002d90                PROVIDE (__init_array_start = .)
 *(SORT_BY_NAME(.init_array.*))
 *(.init_array*)
                0x08002d90                PROVIDE (__init_array_end = .)

.fini_array     0x08002d90        0x0
                0x08002d90                PROVIDE (__fini_array_start = .)
 *(.fini_array*)
 *(SORT_BY_NAME(.fini_array.*))
                0x08002d90                PROVIDE (__fini_array_end = .)
                0x08002d90                _sidata = .

.data           0x20000000      0x174 load address 0x08002d90
                0x20000000                . = ALIGN (0x4)
                0x20000000                _sdata = .
 *(.data)
 *(.data*)
 .data.SystemCoreClock
                0x20000000        0x4 build/machines/cortex/armv7em/stm32f407/system_stm32f4xx.c.o
                0x20000000                SystemCoreClock
 .data.GPIO_PORT
                0x20000004       0x10 build/machines/cortex/armv7em/stm32f407/stm32f4discovery/stm32f4_discovery.c.o
                0x20000004                GPIO_PORT
 .data.BUTTON_PORT
                0x20000014        0x4 build/machines/cortex/armv7em/stm32f407/stm32f4discovery/stm32f4_discovery.c.o
                0x20000014                BUTTON_PORT
 .data.previousState.0
                0x20000018        0x1 build/machines/cortex/armv7em/stm32f407/stm32f4discovery/tp.c.o
 *(.osVar)
 *fill*         0x20000019        0x3 
 .osVar         0x2000001c        0x3 build/os/tpl_os_kernel.c.o
                0x2000001c                INTERNAL_RES_SCHEDULER
 .osVar         0x2000001f        0x1 build/os/tpl_os_timeobj_kernel.c.o
 .osVar         0x20000020        0x1 build/os/tpl_os_os_kernel.c.o
 *fill*         0x20000021        0x3 
 .osVar         0x20000024       0x14 build/os/tpl_os_interrupt_kernel.c.o
                0x20000024                tpl_locking_depth
                0x20000028                tpl_user_task_lock
                0x2000002c                tpl_cpt_user_task_lock_All
                0x20000030                tpl_cpt_user_task_lock_OS
                0x20000034                tpl_cpt_os_task_lock
 .osVar         0x20000038      0x13c build/blink/tpl_app_config.c.o
                0x20000038                tpl_kern
                0x20000054                tpl_ready_list
                0x20000064                tpl_tail_for_prio
                0x2000006c                SystemCounter_counter_desc
                0x20000088                res_sched_rez_desc
                0x20000090                INTERNAL_RES_SCHEDULER_rez_desc
                0x20000094                tpl_time_counter
                0x20000098                IDLE_TASK_int_context
                0x200000bc                IDLE_TASK_task_desc
                0x200000c4                SWC1_Init_int_context
                0x200000e8                SWC1_Init_task_desc
                0x200000f0                SWC2_Init_int_context
                0x20000114                SWC2_Init_task_desc
                0x2000011c                SWC3_Init_int_context
                0x20000140                SWC3_Init_task_desc
                0x20000148                SWC4_Init_int_context
                0x2000016c                SWC4_Init_task_desc
 *(.Task_SWC1_Init_SEC_VAR_POWER_ON_INIT_32BIT)
 *(.Task_SWC1_Init_SEC_VAR_POWER_ON_INIT_16BIT)
 *(.Task_SWC1_Init_SEC_VAR_POWER_ON_INIT_8BIT)
 *(.Task_SWC1_Init_SEC_VAR_POWER_ON_INIT_BOOLEAN)
 *(.Task_SWC1_Init_SEC_VAR_POWER_ON_INIT_UNSPECIFIED)
 *(.Task_SWC2_Init_SEC_VAR_POWER_ON_INIT_32BIT)
 *(.Task_SWC2_Init_SEC_VAR_POWER_ON_INIT_16BIT)
 *(.Task_SWC2_Init_SEC_VAR_POWER_ON_INIT_8BIT)
 *(.Task_SWC2_Init_SEC_VAR_POWER_ON_INIT_BOOLEAN)
 *(.Task_SWC2_Init_SEC_VAR_POWER_ON_INIT_UNSPECIFIED)
 *(.Task_SWC3_Init_SEC_VAR_POWER_ON_INIT_32BIT)
 *(.Task_SWC3_Init_SEC_VAR_POWER_ON_INIT_16BIT)
 *(.Task_SWC3_Init_SEC_VAR_POWER_ON_INIT_8BIT)
 *(.Task_SWC3_Init_SEC_VAR_POWER_ON_INIT_BOOLEAN)
 *(.Task_SWC3_Init_SEC_VAR_POWER_ON_INIT_UNSPECIFIED)
 *(.Task_SWC4_Init_SEC_VAR_POWER_ON_INIT_32BIT)
 *(.Task_SWC4_Init_SEC_VAR_POWER_ON_INIT_16BIT)
 *(.Task_SWC4_Init_SEC_VAR_POWER_ON_INIT_8BIT)
 *(.Task_SWC4_Init_SEC_VAR_POWER_ON_INIT_BOOLEAN)
 *(.Task_SWC4_Init_SEC_VAR_POWER_ON_INIT_UNSPECIFIED)
                0x20000174                . = ALIGN (0x4)
                0x20000174                _edata = .

.igot.plt       0x20000174        0x0 load address 0x08002f04
 .igot.plt      0x20000174        0x0 build/os/tpl_os_kernel.c.o

.Task_IDLE_TASKStack
                0x20000174      0x12c load address 0x08002f04
 .Task_IDLE_TASKStack
                0x20000174      0x12c build/blink/tpl_app_config.c.o
                0x20000174                IDLE_TASK_stack_zone

.Task_SWC1_Init_SEC_VAR
                0x200002a0        0x0
                0x200002a0                . = ALIGN (__SEG_ALIGN_Task_SWC1_Init_VAR_RGN)
                0x200002a0                __SEG_START_Task_SWC1_Init_VAR_RGN = .
 *(.Task_SWC1_Init_SEC_VAR_NOINIT_32BIT)
 *(.Task_SWC1_Init_SEC_VAR_FAST_32BIT)
 *(.Task_SWC1_Init_SEC_VAR_32BIT)
 *(.Task_SWC1_Init_SEC_VAR_NOINIT_16BIT)
 *(.Task_SWC1_Init_SEC_VAR_FAST_16BIT)
 *(.Task_SWC1_Init_SEC_VAR_16BIT)
 *(.Task_SWC1_Init_SEC_VAR_NOINIT_8BIT)
 *(.Task_SWC1_Init_SEC_VAR_FAST_8BIT)
 *(.Task_SWC1_Init_SEC_VAR_8BIT)
 *(.Task_SWC1_Init_SEC_VAR_NOINIT_BOOLEAN)
 *(.Task_SWC1_Init_SEC_VAR_FAST_BOOLEAN)
 *(.Task_SWC1_Init_SEC_VAR_BOOLEAN)
 *(.Task_SWC1_Init_SEC_VAR_NOINIT_UNSPECIFIED)
 *(.Task_SWC1_Init_SEC_VAR_FAST_UNSPECIFIED)
 *(.Task_SWC1_Init_SEC_VAR_UNSPECIFIED)
                0x200002a0                __SEG_END_Task_SWC1_Init_VAR_RGN = .
                0x200002c0                __SEG_SIZE_Task_SWC1_Init_VAR_RGN = ((__SEG_END_Task_SWC1_Init_VAR_RGN - __SEG_START_Task_SWC1_Init_VAR_RGN) < 0x1000)?0x1000:__SEG_SIZE_Task_SWC1_Init_VAR_RGN
                0x200002c0                __SEG_SIZE_Task_SWC1_Init_VAR_RGN = ((__SEG_END_Task_SWC1_Init_VAR_RGN - __SEG_START_Task_SWC1_Init_VAR_RGN) < 0x400)?0x400:__SEG_SIZE_Task_SWC1_Init_VAR_RGN
                0x200002c0                __SEG_SIZE_Task_SWC1_Init_VAR_RGN = ((__SEG_END_Task_SWC1_Init_VAR_RGN - __SEG_START_Task_SWC1_Init_VAR_RGN) < 0x200)?0x200:__SEG_SIZE_Task_SWC1_Init_VAR_RGN
                0x200002c0                __SEG_SIZE_Task_SWC1_Init_VAR_RGN = ((__SEG_END_Task_SWC1_Init_VAR_RGN - __SEG_START_Task_SWC1_Init_VAR_RGN) < 0x100)?0x100:__SEG_SIZE_Task_SWC1_Init_VAR_RGN
                0x200002c0                __SEG_SIZE_Task_SWC1_Init_VAR_RGN = ((__SEG_END_Task_SWC1_Init_VAR_RGN - __SEG_START_Task_SWC1_Init_VAR_RGN) < 0x80)?0x80:__SEG_SIZE_Task_SWC1_Init_VAR_RGN
                0x200002c0                __SEG_SIZE_Task_SWC1_Init_VAR_RGN = ((__SEG_END_Task_SWC1_Init_VAR_RGN - __SEG_START_Task_SWC1_Init_VAR_RGN) < 0x40)?0x40:__SEG_SIZE_Task_SWC1_Init_VAR_RGN
                0x200002c0                __SEG_SIZE_Task_SWC1_Init_VAR_RGN = ((__SEG_END_Task_SWC1_Init_VAR_RGN - __SEG_START_Task_SWC1_Init_VAR_RGN) < 0x20)?0x20:__SEG_SIZE_Task_SWC1_Init_VAR_RGN
                0x200002c0                __SEG_ALIGN_Task_SWC1_Init_VAR_RGN = __SEG_SIZE_Task_SWC1_Init_VAR_RGN

.Task_SWC2_Init_SEC_VAR
                0x200002a0        0x0
                0x200002a0                . = ALIGN (__SEG_ALIGN_Task_SWC2_Init_VAR_RGN)
                0x200002a0                __SEG_START_Task_SWC2_Init_VAR_RGN = .
 *(.Task_SWC2_Init_SEC_VAR_NOINIT_32BIT)
 *(.Task_SWC2_Init_SEC_VAR_FAST_32BIT)
 *(.Task_SWC2_Init_SEC_VAR_32BIT)
 *(.Task_SWC2_Init_SEC_VAR_NOINIT_16BIT)
 *(.Task_SWC2_Init_SEC_VAR_FAST_16BIT)
 *(.Task_SWC2_Init_SEC_VAR_16BIT)
 *(.Task_SWC2_Init_SEC_VAR_NOINIT_8BIT)
 *(.Task_SWC2_Init_SEC_VAR_FAST_8BIT)
 *(.Task_SWC2_Init_SEC_VAR_8BIT)
 *(.Task_SWC2_Init_SEC_VAR_NOINIT_BOOLEAN)
 *(.Task_SWC2_Init_SEC_VAR_FAST_BOOLEAN)
 *(.Task_SWC2_Init_SEC_VAR_BOOLEAN)
 *(.Task_SWC2_Init_SEC_VAR_NOINIT_UNSPECIFIED)
 *(.Task_SWC2_Init_SEC_VAR_FAST_UNSPECIFIED)
 *(.Task_SWC2_Init_SEC_VAR_UNSPECIFIED)
                0x200002a0                __SEG_END_Task_SWC2_Init_VAR_RGN = .
                0x200002c0                __SEG_SIZE_Task_SWC2_Init_VAR_RGN = ((__SEG_END_Task_SWC2_Init_VAR_RGN - __SEG_START_Task_SWC2_Init_VAR_RGN) < 0x1000)?0x1000:__SEG_SIZE_Task_SWC2_Init_VAR_RGN
                0x200002c0                __SEG_SIZE_Task_SWC2_Init_VAR_RGN = ((__SEG_END_Task_SWC2_Init_VAR_RGN - __SEG_START_Task_SWC2_Init_VAR_RGN) < 0x400)?0x400:__SEG_SIZE_Task_SWC2_Init_VAR_RGN
                0x200002c0                __SEG_SIZE_Task_SWC2_Init_VAR_RGN = ((__SEG_END_Task_SWC2_Init_VAR_RGN - __SEG_START_Task_SWC2_Init_VAR_RGN) < 0x200)?0x200:__SEG_SIZE_Task_SWC2_Init_VAR_RGN
                0x200002c0                __SEG_SIZE_Task_SWC2_Init_VAR_RGN = ((__SEG_END_Task_SWC2_Init_VAR_RGN - __SEG_START_Task_SWC2_Init_VAR_RGN) < 0x100)?0x100:__SEG_SIZE_Task_SWC2_Init_VAR_RGN
                0x200002c0                __SEG_SIZE_Task_SWC2_Init_VAR_RGN = ((__SEG_END_Task_SWC2_Init_VAR_RGN - __SEG_START_Task_SWC2_Init_VAR_RGN) < 0x80)?0x80:__SEG_SIZE_Task_SWC2_Init_VAR_RGN
                0x200002c0                __SEG_SIZE_Task_SWC2_Init_VAR_RGN = ((__SEG_END_Task_SWC2_Init_VAR_RGN - __SEG_START_Task_SWC2_Init_VAR_RGN) < 0x40)?0x40:__SEG_SIZE_Task_SWC2_Init_VAR_RGN
                0x200002c0                __SEG_SIZE_Task_SWC2_Init_VAR_RGN = ((__SEG_END_Task_SWC2_Init_VAR_RGN - __SEG_START_Task_SWC2_Init_VAR_RGN) < 0x20)?0x20:__SEG_SIZE_Task_SWC2_Init_VAR_RGN
                0x200002c0                __SEG_ALIGN_Task_SWC2_Init_VAR_RGN = __SEG_SIZE_Task_SWC2_Init_VAR_RGN

.Task_SWC3_Init_SEC_VAR
                0x200002a0        0x0
                0x200002a0                . = ALIGN (__SEG_ALIGN_Task_SWC3_Init_VAR_RGN)
                0x200002a0                __SEG_START_Task_SWC3_Init_VAR_RGN = .
 *(.Task_SWC3_Init_SEC_VAR_NOINIT_32BIT)
 *(.Task_SWC3_Init_SEC_VAR_FAST_32BIT)
 *(.Task_SWC3_Init_SEC_VAR_32BIT)
 *(.Task_SWC3_Init_SEC_VAR_NOINIT_16BIT)
 *(.Task_SWC3_Init_SEC_VAR_FAST_16BIT)
 *(.Task_SWC3_Init_SEC_VAR_16BIT)
 *(.Task_SWC3_Init_SEC_VAR_NOINIT_8BIT)
 *(.Task_SWC3_Init_SEC_VAR_FAST_8BIT)
 *(.Task_SWC3_Init_SEC_VAR_8BIT)
 *(.Task_SWC3_Init_SEC_VAR_NOINIT_BOOLEAN)
 *(.Task_SWC3_Init_SEC_VAR_FAST_BOOLEAN)
 *(.Task_SWC3_Init_SEC_VAR_BOOLEAN)
 *(.Task_SWC3_Init_SEC_VAR_NOINIT_UNSPECIFIED)
 *(.Task_SWC3_Init_SEC_VAR_FAST_UNSPECIFIED)
 *(.Task_SWC3_Init_SEC_VAR_UNSPECIFIED)
                0x200002a0                __SEG_END_Task_SWC3_Init_VAR_RGN = .
                0x200002c0                __SEG_SIZE_Task_SWC3_Init_VAR_RGN = ((__SEG_END_Task_SWC3_Init_VAR_RGN - __SEG_START_Task_SWC3_Init_VAR_RGN) < 0x1000)?0x1000:__SEG_SIZE_Task_SWC3_Init_VAR_RGN
                0x200002c0                __SEG_SIZE_Task_SWC3_Init_VAR_RGN = ((__SEG_END_Task_SWC3_Init_VAR_RGN - __SEG_START_Task_SWC3_Init_VAR_RGN) < 0x400)?0x400:__SEG_SIZE_Task_SWC3_Init_VAR_RGN
                0x200002c0                __SEG_SIZE_Task_SWC3_Init_VAR_RGN = ((__SEG_END_Task_SWC3_Init_VAR_RGN - __SEG_START_Task_SWC3_Init_VAR_RGN) < 0x200)?0x200:__SEG_SIZE_Task_SWC3_Init_VAR_RGN
                0x200002c0                __SEG_SIZE_Task_SWC3_Init_VAR_RGN = ((__SEG_END_Task_SWC3_Init_VAR_RGN - __SEG_START_Task_SWC3_Init_VAR_RGN) < 0x100)?0x100:__SEG_SIZE_Task_SWC3_Init_VAR_RGN
                0x200002c0                __SEG_SIZE_Task_SWC3_Init_VAR_RGN = ((__SEG_END_Task_SWC3_Init_VAR_RGN - __SEG_START_Task_SWC3_Init_VAR_RGN) < 0x80)?0x80:__SEG_SIZE_Task_SWC3_Init_VAR_RGN
                0x200002c0                __SEG_SIZE_Task_SWC3_Init_VAR_RGN = ((__SEG_END_Task_SWC3_Init_VAR_RGN - __SEG_START_Task_SWC3_Init_VAR_RGN) < 0x40)?0x40:__SEG_SIZE_Task_SWC3_Init_VAR_RGN
                0x200002c0                __SEG_SIZE_Task_SWC3_Init_VAR_RGN = ((__SEG_END_Task_SWC3_Init_VAR_RGN - __SEG_START_Task_SWC3_Init_VAR_RGN) < 0x20)?0x20:__SEG_SIZE_Task_SWC3_Init_VAR_RGN
                0x200002c0                __SEG_ALIGN_Task_SWC3_Init_VAR_RGN = __SEG_SIZE_Task_SWC3_Init_VAR_RGN

.Task_SWC4_Init_SEC_VAR
                0x200002a0        0x0
                0x200002a0                . = ALIGN (__SEG_ALIGN_Task_SWC4_Init_VAR_RGN)
                0x200002a0                __SEG_START_Task_SWC4_Init_VAR_RGN = .
 *(.Task_SWC4_Init_SEC_VAR_NOINIT_32BIT)
 *(.Task_SWC4_Init_SEC_VAR_FAST_32BIT)
 *(.Task_SWC4_Init_SEC_VAR_32BIT)
 *(.Task_SWC4_Init_SEC_VAR_NOINIT_16BIT)
 *(.Task_SWC4_Init_SEC_VAR_FAST_16BIT)
 *(.Task_SWC4_Init_SEC_VAR_16BIT)
 *(.Task_SWC4_Init_SEC_VAR_NOINIT_8BIT)
 *(.Task_SWC4_Init_SEC_VAR_FAST_8BIT)
 *(.Task_SWC4_Init_SEC_VAR_8BIT)
 *(.Task_SWC4_Init_SEC_VAR_NOINIT_BOOLEAN)
 *(.Task_SWC4_Init_SEC_VAR_FAST_BOOLEAN)
 *(.Task_SWC4_Init_SEC_VAR_BOOLEAN)
 *(.Task_SWC4_Init_SEC_VAR_NOINIT_UNSPECIFIED)
 *(.Task_SWC4_Init_SEC_VAR_FAST_UNSPECIFIED)
 *(.Task_SWC4_Init_SEC_VAR_UNSPECIFIED)
                0x200002a0                __SEG_END_Task_SWC4_Init_VAR_RGN = .
                0x200002c0                __SEG_SIZE_Task_SWC4_Init_VAR_RGN = ((__SEG_END_Task_SWC4_Init_VAR_RGN - __SEG_START_Task_SWC4_Init_VAR_RGN) < 0x1000)?0x1000:__SEG_SIZE_Task_SWC4_Init_VAR_RGN
                0x200002c0                __SEG_SIZE_Task_SWC4_Init_VAR_RGN = ((__SEG_END_Task_SWC4_Init_VAR_RGN - __SEG_START_Task_SWC4_Init_VAR_RGN) < 0x400)?0x400:__SEG_SIZE_Task_SWC4_Init_VAR_RGN
                0x200002c0                __SEG_SIZE_Task_SWC4_Init_VAR_RGN = ((__SEG_END_Task_SWC4_Init_VAR_RGN - __SEG_START_Task_SWC4_Init_VAR_RGN) < 0x200)?0x200:__SEG_SIZE_Task_SWC4_Init_VAR_RGN
                0x200002c0                __SEG_SIZE_Task_SWC4_Init_VAR_RGN = ((__SEG_END_Task_SWC4_Init_VAR_RGN - __SEG_START_Task_SWC4_Init_VAR_RGN) < 0x100)?0x100:__SEG_SIZE_Task_SWC4_Init_VAR_RGN
                0x200002c0                __SEG_SIZE_Task_SWC4_Init_VAR_RGN = ((__SEG_END_Task_SWC4_Init_VAR_RGN - __SEG_START_Task_SWC4_Init_VAR_RGN) < 0x80)?0x80:__SEG_SIZE_Task_SWC4_Init_VAR_RGN
                0x200002c0                __SEG_SIZE_Task_SWC4_Init_VAR_RGN = ((__SEG_END_Task_SWC4_Init_VAR_RGN - __SEG_START_Task_SWC4_Init_VAR_RGN) < 0x40)?0x40:__SEG_SIZE_Task_SWC4_Init_VAR_RGN
                0x200002c0                __SEG_SIZE_Task_SWC4_Init_VAR_RGN = ((__SEG_END_Task_SWC4_Init_VAR_RGN - __SEG_START_Task_SWC4_Init_VAR_RGN) < 0x20)?0x20:__SEG_SIZE_Task_SWC4_Init_VAR_RGN
                0x200002c0                __SEG_ALIGN_Task_SWC4_Init_VAR_RGN = __SEG_SIZE_Task_SWC4_Init_VAR_RGN

.Task_SWC1_Init_SEC_STACK
                0x200002a0      0x28c load address 0x08003030
                0x20000400                . = ALIGN (__SEG_ALIGN_Task_SWC1_Init_STACK_RGN)
 *fill*         0x200002a0      0x160 
                0x20000400                __SEG_START_Task_SWC1_Init_STACK_RGN = .
 *(.Task_SWC1_InitStack)
 .Task_SWC1_InitStack
                0x20000400      0x12c build/blink/tpl_app_config.c.o
                0x20000400                SWC1_Init_stack_zone
                0x2000052c                . = ALIGN (0x4)
                0x2000052c                __SEG_END_Task_SWC1_Init_STACK_RGN = .
                0x200004a0                __SEG_SIZE_Task_SWC1_Init_STACK_RGN = ((__SEG_END_Task_SWC1_Init_STACK_RGN - __SEG_START_Task_SWC1_Init_STACK_RGN) < 0x1000)?0x1000:__SEG_SIZE_Task_SWC1_Init_STACK_RGN
                0x200004a0                __SEG_SIZE_Task_SWC1_Init_STACK_RGN = ((__SEG_END_Task_SWC1_Init_STACK_RGN - __SEG_START_Task_SWC1_Init_STACK_RGN) < 0x400)?0x400:__SEG_SIZE_Task_SWC1_Init_STACK_RGN
                0x200004a0                __SEG_SIZE_Task_SWC1_Init_STACK_RGN = ((__SEG_END_Task_SWC1_Init_STACK_RGN - __SEG_START_Task_SWC1_Init_STACK_RGN) < 0x200)?0x200:__SEG_SIZE_Task_SWC1_Init_STACK_RGN
                [0x200004a0]                __SEG_SIZE_Task_SWC1_Init_STACK_RGN = ((__SEG_END_Task_SWC1_Init_STACK_RGN - __SEG_START_Task_SWC1_Init_STACK_RGN) < 0x100)?0x100:__SEG_SIZE_Task_SWC1_Init_STACK_RGN
                [0x200004a0]                __SEG_SIZE_Task_SWC1_Init_STACK_RGN = ((__SEG_END_Task_SWC1_Init_STACK_RGN - __SEG_START_Task_SWC1_Init_STACK_RGN) < 0x80)?0x80:__SEG_SIZE_Task_SWC1_Init_STACK_RGN
                [0x200004a0]                __SEG_SIZE_Task_SWC1_Init_STACK_RGN = ((__SEG_END_Task_SWC1_Init_STACK_RGN - __SEG_START_Task_SWC1_Init_STACK_RGN) < 0x40)?0x40:__SEG_SIZE_Task_SWC1_Init_STACK_RGN
                [0x200004a0]                __SEG_SIZE_Task_SWC1_Init_STACK_RGN = ((__SEG_END_Task_SWC1_Init_STACK_RGN - __SEG_START_Task_SWC1_Init_STACK_RGN) < 0x20)?0x20:__SEG_SIZE_Task_SWC1_Init_STACK_RGN
                0x200004a0                __SEG_ALIGN_Task_SWC1_Init_STACK_RGN = __SEG_SIZE_Task_SWC1_Init_STACK_RGN

.Task_SWC2_Init_SEC_STACK
                0x2000052c      0x200 load address 0x080032bc
                0x20000600                . = ALIGN (__SEG_ALIGN_Task_SWC2_Init_STACK_RGN)
 *fill*         0x2000052c       0xd4 
                0x20000600                __SEG_START_Task_SWC2_Init_STACK_RGN = .
 *(.Task_SWC2_InitStack)
 .Task_SWC2_InitStack
                0x20000600      0x12c build/blink/tpl_app_config.c.o
                0x20000600                SWC2_Init_stack_zone
                0x2000072c                . = ALIGN (0x4)
                0x2000072c                __SEG_END_Task_SWC2_Init_STACK_RGN = .
                0x2000072c                __SEG_SIZE_Task_SWC2_Init_STACK_RGN = ((__SEG_END_Task_SWC2_Init_STACK_RGN - __SEG_START_Task_SWC2_Init_STACK_RGN) < 0x1000)?0x1000:__SEG_SIZE_Task_SWC2_Init_STACK_RGN
                0x2000072c                __SEG_SIZE_Task_SWC2_Init_STACK_RGN = ((__SEG_END_Task_SWC2_Init_STACK_RGN - __SEG_START_Task_SWC2_Init_STACK_RGN) < 0x400)?0x400:__SEG_SIZE_Task_SWC2_Init_STACK_RGN
                0x2000072c                __SEG_SIZE_Task_SWC2_Init_STACK_RGN = ((__SEG_END_Task_SWC2_Init_STACK_RGN - __SEG_START_Task_SWC2_Init_STACK_RGN) < 0x200)?0x200:__SEG_SIZE_Task_SWC2_Init_STACK_RGN
                [0x2000072c]                __SEG_SIZE_Task_SWC2_Init_STACK_RGN = ((__SEG_END_Task_SWC2_Init_STACK_RGN - __SEG_START_Task_SWC2_Init_STACK_RGN) < 0x100)?0x100:__SEG_SIZE_Task_SWC2_Init_STACK_RGN
                [0x2000072c]                __SEG_SIZE_Task_SWC2_Init_STACK_RGN = ((__SEG_END_Task_SWC2_Init_STACK_RGN - __SEG_START_Task_SWC2_Init_STACK_RGN) < 0x80)?0x80:__SEG_SIZE_Task_SWC2_Init_STACK_RGN
                [0x2000072c]                __SEG_SIZE_Task_SWC2_Init_STACK_RGN = ((__SEG_END_Task_SWC2_Init_STACK_RGN - __SEG_START_Task_SWC2_Init_STACK_RGN) < 0x40)?0x40:__SEG_SIZE_Task_SWC2_Init_STACK_RGN
                [0x2000072c]                __SEG_SIZE_Task_SWC2_Init_STACK_RGN = ((__SEG_END_Task_SWC2_Init_STACK_RGN - __SEG_START_Task_SWC2_Init_STACK_RGN) < 0x20)?0x20:__SEG_SIZE_Task_SWC2_Init_STACK_RGN
                0x2000072c                __SEG_ALIGN_Task_SWC2_Init_STACK_RGN = __SEG_SIZE_Task_SWC2_Init_STACK_RGN

.Task_SWC3_Init_SEC_STACK
                0x2000072c      0x200 load address 0x080034bc
                0x20000800                . = ALIGN (__SEG_ALIGN_Task_SWC3_Init_STACK_RGN)
 *fill*         0x2000072c       0xd4 
                0x20000800                __SEG_START_Task_SWC3_Init_STACK_RGN = .
 *(.Task_SWC3_InitStack)
 .Task_SWC3_InitStack
                0x20000800      0x12c build/blink/tpl_app_config.c.o
                0x20000800                SWC3_Init_stack_zone
                0x2000092c                . = ALIGN (0x4)
                0x2000092c                __SEG_END_Task_SWC3_Init_STACK_RGN = .
                0x2000092c                __SEG_SIZE_Task_SWC3_Init_STACK_RGN = ((__SEG_END_Task_SWC3_Init_STACK_RGN - __SEG_START_Task_SWC3_Init_STACK_RGN) < 0x1000)?0x1000:__SEG_SIZE_Task_SWC3_Init_STACK_RGN
                0x2000092c                __SEG_SIZE_Task_SWC3_Init_STACK_RGN = ((__SEG_END_Task_SWC3_Init_STACK_RGN - __SEG_START_Task_SWC3_Init_STACK_RGN) < 0x400)?0x400:__SEG_SIZE_Task_SWC3_Init_STACK_RGN
                0x2000092c                __SEG_SIZE_Task_SWC3_Init_STACK_RGN = ((__SEG_END_Task_SWC3_Init_STACK_RGN - __SEG_START_Task_SWC3_Init_STACK_RGN) < 0x200)?0x200:__SEG_SIZE_Task_SWC3_Init_STACK_RGN
                [0x2000092c]                __SEG_SIZE_Task_SWC3_Init_STACK_RGN = ((__SEG_END_Task_SWC3_Init_STACK_RGN - __SEG_START_Task_SWC3_Init_STACK_RGN) < 0x100)?0x100:__SEG_SIZE_Task_SWC3_Init_STACK_RGN
                [0x2000092c]                __SEG_SIZE_Task_SWC3_Init_STACK_RGN = ((__SEG_END_Task_SWC3_Init_STACK_RGN - __SEG_START_Task_SWC3_Init_STACK_RGN) < 0x80)?0x80:__SEG_SIZE_Task_SWC3_Init_STACK_RGN
                [0x2000092c]                __SEG_SIZE_Task_SWC3_Init_STACK_RGN = ((__SEG_END_Task_SWC3_Init_STACK_RGN - __SEG_START_Task_SWC3_Init_STACK_RGN) < 0x40)?0x40:__SEG_SIZE_Task_SWC3_Init_STACK_RGN
                [0x2000092c]                __SEG_SIZE_Task_SWC3_Init_STACK_RGN = ((__SEG_END_Task_SWC3_Init_STACK_RGN - __SEG_START_Task_SWC3_Init_STACK_RGN) < 0x20)?0x20:__SEG_SIZE_Task_SWC3_Init_STACK_RGN
                0x2000092c                __SEG_ALIGN_Task_SWC3_Init_STACK_RGN = __SEG_SIZE_Task_SWC3_Init_STACK_RGN

.Task_SWC4_Init_SEC_STACK
                0x2000092c      0x200 load address 0x080036bc
                0x20000a00                . = ALIGN (__SEG_ALIGN_Task_SWC4_Init_STACK_RGN)
 *fill*         0x2000092c       0xd4 
                0x20000a00                __SEG_START_Task_SWC4_Init_STACK_RGN = .
 *(.Task_SWC4_InitStack)
 .Task_SWC4_InitStack
                0x20000a00      0x12c build/blink/tpl_app_config.c.o
                0x20000a00                SWC4_Init_stack_zone
                0x20000b2c                . = ALIGN (0x4)
                0x20000b2c                __SEG_END_Task_SWC4_Init_STACK_RGN = .
                0x20000b2c                __SEG_SIZE_Task_SWC4_Init_STACK_RGN = ((__SEG_END_Task_SWC4_Init_STACK_RGN - __SEG_START_Task_SWC4_Init_STACK_RGN) < 0x1000)?0x1000:__SEG_SIZE_Task_SWC4_Init_STACK_RGN
                0x20000b2c                __SEG_SIZE_Task_SWC4_Init_STACK_RGN = ((__SEG_END_Task_SWC4_Init_STACK_RGN - __SEG_START_Task_SWC4_Init_STACK_RGN) < 0x400)?0x400:__SEG_SIZE_Task_SWC4_Init_STACK_RGN
                0x20000b2c                __SEG_SIZE_Task_SWC4_Init_STACK_RGN = ((__SEG_END_Task_SWC4_Init_STACK_RGN - __SEG_START_Task_SWC4_Init_STACK_RGN) < 0x200)?0x200:__SEG_SIZE_Task_SWC4_Init_STACK_RGN
                [0x20000b2c]                __SEG_SIZE_Task_SWC4_Init_STACK_RGN = ((__SEG_END_Task_SWC4_Init_STACK_RGN - __SEG_START_Task_SWC4_Init_STACK_RGN) < 0x100)?0x100:__SEG_SIZE_Task_SWC4_Init_STACK_RGN
                [0x20000b2c]                __SEG_SIZE_Task_SWC4_Init_STACK_RGN = ((__SEG_END_Task_SWC4_Init_STACK_RGN - __SEG_START_Task_SWC4_Init_STACK_RGN) < 0x80)?0x80:__SEG_SIZE_Task_SWC4_Init_STACK_RGN
                [0x20000b2c]                __SEG_SIZE_Task_SWC4_Init_STACK_RGN = ((__SEG_END_Task_SWC4_Init_STACK_RGN - __SEG_START_Task_SWC4_Init_STACK_RGN) < 0x40)?0x40:__SEG_SIZE_Task_SWC4_Init_STACK_RGN
                [0x20000b2c]                __SEG_SIZE_Task_SWC4_Init_STACK_RGN = ((__SEG_END_Task_SWC4_Init_STACK_RGN - __SEG_START_Task_SWC4_Init_STACK_RGN) < 0x20)?0x20:__SEG_SIZE_Task_SWC4_Init_STACK_RGN
                0x20000b2c                __SEG_ALIGN_Task_SWC4_Init_STACK_RGN = __SEG_SIZE_Task_SWC4_Init_STACK_RGN

appvars
                0x20000b2c                . = ALIGN (0x4)

.bss            0x20000b2c        0x0
                0x20000b2c                _sbss = .
                0x20000b2c                __bss_start__ = _sbss
 *(.bss)
 *(.bss*)
 *(COMMON)
                0x20000b2c                . = ALIGN (0x4)
                0x20000b2c                _ebss = .
                0x20000b2c                __bss_end__ = _ebss

._user_heap_stack
                0x20000b2c      0x400 load address 0x080038bc
                0x20000b2c                . = ALIGN (0x4)
                0x20000b2c                __heap_start__ = .
                [!provide]                PROVIDE (end = .)
                [!provide]                PROVIDE (_end = .)
                0x20000b2c                . = (. + _Min_Heap_Size)
                0x20000f2c                . = (. + _Min_Stack_Size)
 *fill*         0x20000b2c      0x400 
                0x20000f2c                . = ALIGN (0x4)

.memory_b1_text
 *(.mb1text)
 *(.mb1text*)
 *(.mb1rodata)
 *(.mb1rodata*)

/DISCARD/
 libc.a(*)
 libm.a(*)
 libgcc.a(*)

.ARM.attributes
                0x00000000       0x30
 *(.ARM.attributes)
 .ARM.attributes
                0x00000000       0x2e build/os/tpl_os_kernel.c.o
 .ARM.attributes
                0x0000002e       0x2e build/os/tpl_os_timeobj_kernel.c.o
 .ARM.attributes
                0x0000005c       0x2e build/os/tpl_os_os_kernel.c.o
 .ARM.attributes
                0x0000008a       0x2e build/os/tpl_os_os.c.o
 .ARM.attributes
                0x000000b8       0x2e build/os/tpl_os_interrupt_kernel.c.o
 .ARM.attributes
                0x000000e6       0x2e build/os/tpl_os_task_kernel.c.o
 .ARM.attributes
                0x00000114       0x2e build/os/tpl_os_resource_kernel.c.o
 .ARM.attributes
                0x00000142       0x2e build/blink.c.o
 .ARM.attributes
                0x00000170       0x2e build/blink/tpl_app_config.c.o
 .ARM.attributes
                0x0000019e       0x37 build/blink/tpl_dispatch_table.c.o
 .ARM.attributes
                0x000001d5       0x20 build/blink/tpl_invoque.S.o
 .ARM.attributes
                0x000001f5       0x20 build/blink/tpl_primary_irq.S.o
 .ARM.attributes
                0x00000215       0x37 build/blink/tpl_vectors.c.o
 .ARM.attributes
                0x0000024c       0x2e build/blink/tpl_external_interrupts.c.o
 .ARM.attributes
                0x0000027a       0x2e build/blink/tpl_app_interrupts.c.o
 .ARM.attributes
                0x000002a8       0x2e build/machines/cortex/tpl_machine_cortex.c.o
 .ARM.attributes
                0x000002d6       0x20 build/machines/cortex/tpl_sc_handler.S.o
 .ARM.attributes
                0x000002f6       0x20 build/machines/cortex/tpl_startup.S.o
 .ARM.attributes
                0x00000316       0x20 build/machines/cortex/armv7em/tpl_ctx_switch.S.o
 .ARM.attributes
                0x00000336       0x20 build/machines/cortex/armv7em/tpl_ctx_switch_under_it.S.o
 .ARM.attributes
                0x00000356       0x20 build/machines/cortex/armv7em/tpl_interrupts.S.o
 .ARM.attributes
                0x00000376       0x2e build/machines/cortex/armv7em/stm32f407/tpl_machine_stm32f407.c.o
 .ARM.attributes
                0x000003a4       0x2e build/machines/cortex/armv7em/stm32f407/startup_stm32f4xx.c.o
 .ARM.attributes
                0x000003d2       0x2e build/machines/cortex/armv7em/stm32f407/system_stm32f4xx.c.o
 .ARM.attributes
                0x00000400       0x2e build/machines/cortex/armv7em/stm32f407/handlers_stm32f4xx.c.o
 .ARM.attributes
                0x0000042e       0x2e build/machines/cortex/armv7em/stm32f407/STM32F4xx_StdPeriph_Driver/stm32f4xx_gpio.c.o
 .ARM.attributes
                0x0000045c       0x2e build/machines/cortex/armv7em/stm32f407/STM32F4xx_StdPeriph_Driver/stm32f4xx_rcc.c.o
 .ARM.attributes
                0x0000048a       0x2e build/machines/cortex/armv7em/stm32f407/STM32F4xx_StdPeriph_Driver/stm32f4xx_exti.c.o
 .ARM.attributes
                0x000004b8       0x2e build/machines/cortex/armv7em/stm32f407/STM32F4xx_StdPeriph_Driver/stm32f4xx_syscfg.c.o
 .ARM.attributes
                0x000004e6       0x2e build/machines/cortex/armv7em/stm32f407/STM32F4xx_StdPeriph_Driver/misc.c.o
 .ARM.attributes
                0x00000514       0x2e build/machines/cortex/armv7em/stm32f407/stm32f4discovery/stm32f4_discovery.c.o
 .ARM.attributes
                0x00000542       0x2e build/machines/cortex/armv7em/stm32f407/stm32f4discovery/tp.c.o
LOAD c:/program files (x86)/gnu arm embedded toolchain/10 2020-q4-major/bin/../lib/gcc/arm-none-eabi/10.2.1/../../../../arm-none-eabi/lib/thumb/v7e-m/nofp\libc.a
LOAD c:/program files (x86)/gnu arm embedded toolchain/10 2020-q4-major/bin/../lib/gcc/arm-none-eabi/10.2.1/thumb/v7e-m/nofp\libgcc.a
OUTPUT(blink_exe elf32-littlearm)
LOAD linker stubs
LOAD c:/program files (x86)/gnu arm embedded toolchain/10 2020-q4-major/bin/../lib/gcc/arm-none-eabi/10.2.1/../../../../arm-none-eabi/lib/thumb/v7e-m/nofp\libc.a
LOAD c:/program files (x86)/gnu arm embedded toolchain/10 2020-q4-major/bin/../lib/gcc/arm-none-eabi/10.2.1/../../../../arm-none-eabi/lib/thumb/v7e-m/nofp\libm.a
LOAD c:/program files (x86)/gnu arm embedded toolchain/10 2020-q4-major/bin/../lib/gcc/arm-none-eabi/10.2.1/thumb/v7e-m/nofp\libgcc.a

.debug_info     0x00000000     0x7fca
 .debug_info    0x00000000      0xb36 build/os/tpl_os_kernel.c.o
 .debug_info    0x00000b36      0x3d9 build/os/tpl_os_timeobj_kernel.c.o
 .debug_info    0x00000f0f      0x17a build/os/tpl_os_os_kernel.c.o
 .debug_info    0x00001089       0xb7 build/os/tpl_os_os.c.o
 .debug_info    0x00001140      0x52c build/os/tpl_os_interrupt_kernel.c.o
 .debug_info    0x0000166c      0x580 build/os/tpl_os_task_kernel.c.o
 .debug_info    0x00001bec      0x5b0 build/os/tpl_os_resource_kernel.c.o
 .debug_info    0x0000219c      0x2db build/blink.c.o
 .debug_info    0x00002477      0xa5b build/blink/tpl_app_config.c.o
 .debug_info    0x00002ed2       0xab build/blink/tpl_dispatch_table.c.o
 .debug_info    0x00002f7d       0x26 build/blink/tpl_invoque.S.o
 .debug_info    0x00002fa3       0x26 build/blink/tpl_primary_irq.S.o
 .debug_info    0x00002fc9       0xc0 build/blink/tpl_vectors.c.o
 .debug_info    0x00003089      0x29e build/blink/tpl_external_interrupts.c.o
 .debug_info    0x00003327       0xa2 build/blink/tpl_app_interrupts.c.o
 .debug_info    0x000033c9      0xa23 build/machines/cortex/tpl_machine_cortex.c.o
 .debug_info    0x00003dec       0x26 build/machines/cortex/tpl_sc_handler.S.o
 .debug_info    0x00003e12       0x26 build/machines/cortex/tpl_startup.S.o
 .debug_info    0x00003e38       0x26 build/machines/cortex/armv7em/tpl_ctx_switch.S.o
 .debug_info    0x00003e5e       0x26 build/machines/cortex/armv7em/tpl_ctx_switch_under_it.S.o
 .debug_info    0x00003e84       0x26 build/machines/cortex/armv7em/tpl_interrupts.S.o
 .debug_info    0x00003eaa      0x6b6 build/machines/cortex/armv7em/stm32f407/tpl_machine_stm32f407.c.o
 .debug_info    0x00004560      0x299 build/machines/cortex/armv7em/stm32f407/startup_stm32f4xx.c.o
 .debug_info    0x000047f9      0x63e build/machines/cortex/armv7em/stm32f407/system_stm32f4xx.c.o
 .debug_info    0x00004e37      0x5b0 build/machines/cortex/armv7em/stm32f407/handlers_stm32f4xx.c.o
 .debug_info    0x000053e7      0x649 build/machines/cortex/armv7em/stm32f407/STM32F4xx_StdPeriph_Driver/stm32f4xx_gpio.c.o
 .debug_info    0x00005a30      0xf02 build/machines/cortex/armv7em/stm32f407/STM32F4xx_StdPeriph_Driver/stm32f4xx_rcc.c.o
 .debug_info    0x00006932      0x37d build/machines/cortex/armv7em/stm32f407/STM32F4xx_StdPeriph_Driver/stm32f4xx_exti.c.o
 .debug_info    0x00006caf      0x28e build/machines/cortex/armv7em/stm32f407/STM32F4xx_StdPeriph_Driver/stm32f4xx_syscfg.c.o
 .debug_info    0x00006f3d      0x55c build/machines/cortex/armv7em/stm32f407/STM32F4xx_StdPeriph_Driver/misc.c.o
 .debug_info    0x00007499      0x8d6 build/machines/cortex/armv7em/stm32f407/stm32f4discovery/stm32f4_discovery.c.o
 .debug_info    0x00007d6f      0x25b build/machines/cortex/armv7em/stm32f407/stm32f4discovery/tp.c.o

.debug_abbrev   0x00000000     0x2203
 .debug_abbrev  0x00000000      0x27a build/os/tpl_os_kernel.c.o
 .debug_abbrev  0x0000027a      0x136 build/os/tpl_os_timeobj_kernel.c.o
 .debug_abbrev  0x000003b0       0x9a build/os/tpl_os_os_kernel.c.o
 .debug_abbrev  0x0000044a       0x6b build/os/tpl_os_os.c.o
 .debug_abbrev  0x000004b5      0x199 build/os/tpl_os_interrupt_kernel.c.o
 .debug_abbrev  0x0000064e      0x18f build/os/tpl_os_task_kernel.c.o
 .debug_abbrev  0x000007dd      0x176 build/os/tpl_os_resource_kernel.c.o
 .debug_abbrev  0x00000953      0x133 build/blink.c.o
 .debug_abbrev  0x00000a86      0x1b1 build/blink/tpl_app_config.c.o
 .debug_abbrev  0x00000c37       0x80 build/blink/tpl_dispatch_table.c.o
 .debug_abbrev  0x00000cb7       0x14 build/blink/tpl_invoque.S.o
 .debug_abbrev  0x00000ccb       0x14 build/blink/tpl_primary_irq.S.o
 .debug_abbrev  0x00000cdf       0x92 build/blink/tpl_vectors.c.o
 .debug_abbrev  0x00000d71       0xaa build/blink/tpl_external_interrupts.c.o
 .debug_abbrev  0x00000e1b       0x44 build/blink/tpl_app_interrupts.c.o
 .debug_abbrev  0x00000e5f      0x2e5 build/machines/cortex/tpl_machine_cortex.c.o
 .debug_abbrev  0x00001144       0x14 build/machines/cortex/tpl_sc_handler.S.o
 .debug_abbrev  0x00001158       0x14 build/machines/cortex/tpl_startup.S.o
 .debug_abbrev  0x0000116c       0x14 build/machines/cortex/armv7em/tpl_ctx_switch.S.o
 .debug_abbrev  0x00001180       0x14 build/machines/cortex/armv7em/tpl_ctx_switch_under_it.S.o
 .debug_abbrev  0x00001194       0x14 build/machines/cortex/armv7em/tpl_interrupts.S.o
 .debug_abbrev  0x000011a8      0x17b build/machines/cortex/armv7em/stm32f407/tpl_machine_stm32f407.c.o
 .debug_abbrev  0x00001323      0x145 build/machines/cortex/armv7em/stm32f407/startup_stm32f4xx.c.o
 .debug_abbrev  0x00001468      0x165 build/machines/cortex/armv7em/stm32f407/system_stm32f4xx.c.o
 .debug_abbrev  0x000015cd      0x11f build/machines/cortex/armv7em/stm32f407/handlers_stm32f4xx.c.o
 .debug_abbrev  0x000016ec      0x1dc build/machines/cortex/armv7em/stm32f407/STM32F4xx_StdPeriph_Driver/stm32f4xx_gpio.c.o
 .debug_abbrev  0x000018c8      0x1d1 build/machines/cortex/armv7em/stm32f407/STM32F4xx_StdPeriph_Driver/stm32f4xx_rcc.c.o
 .debug_abbrev  0x00001a99      0x1e0 build/machines/cortex/armv7em/stm32f407/STM32F4xx_StdPeriph_Driver/stm32f4xx_exti.c.o
 .debug_abbrev  0x00001c79      0x13e build/machines/cortex/armv7em/stm32f407/STM32F4xx_StdPeriph_Driver/stm32f4xx_syscfg.c.o
 .debug_abbrev  0x00001db7      0x170 build/machines/cortex/armv7em/stm32f407/STM32F4xx_StdPeriph_Driver/misc.c.o
 .debug_abbrev  0x00001f27      0x1c5 build/machines/cortex/armv7em/stm32f407/stm32f4discovery/stm32f4_discovery.c.o
 .debug_abbrev  0x000020ec      0x117 build/machines/cortex/armv7em/stm32f407/stm32f4discovery/tp.c.o

.debug_aranges  0x00000000      0x968
 .debug_aranges
                0x00000000       0xd8 build/os/tpl_os_kernel.c.o
 .debug_aranges
                0x000000d8       0x40 build/os/tpl_os_timeobj_kernel.c.o
 .debug_aranges
                0x00000118       0x38 build/os/tpl_os_os_kernel.c.o
 .debug_aranges
                0x00000150       0x20 build/os/tpl_os_os.c.o
 .debug_aranges
                0x00000170       0x68 build/os/tpl_os_interrupt_kernel.c.o
 .debug_aranges
                0x000001d8       0x48 build/os/tpl_os_task_kernel.c.o
 .debug_aranges
                0x00000220       0x30 build/os/tpl_os_resource_kernel.c.o
 .debug_aranges
                0x00000250       0x80 build/blink.c.o
 .debug_aranges
                0x000002d0       0x28 build/blink/tpl_app_config.c.o
 .debug_aranges
                0x000002f8       0x18 build/blink/tpl_dispatch_table.c.o
 .debug_aranges
                0x00000310       0x20 build/blink/tpl_invoque.S.o
 .debug_aranges
                0x00000330       0x20 build/blink/tpl_primary_irq.S.o
 .debug_aranges
                0x00000350       0x18 build/blink/tpl_vectors.c.o
 .debug_aranges
                0x00000368       0x20 build/blink/tpl_external_interrupts.c.o
 .debug_aranges
                0x00000388       0x30 build/blink/tpl_app_interrupts.c.o
 .debug_aranges
                0x000003b8       0x58 build/machines/cortex/tpl_machine_cortex.c.o
 .debug_aranges
                0x00000410       0x20 build/machines/cortex/tpl_sc_handler.S.o
 .debug_aranges
                0x00000430       0x20 build/machines/cortex/tpl_startup.S.o
 .debug_aranges
                0x00000450       0x20 build/machines/cortex/armv7em/tpl_ctx_switch.S.o
 .debug_aranges
                0x00000470       0x20 build/machines/cortex/armv7em/tpl_ctx_switch_under_it.S.o
 .debug_aranges
                0x00000490       0x20 build/machines/cortex/armv7em/tpl_interrupts.S.o
 .debug_aranges
                0x000004b0       0x30 build/machines/cortex/armv7em/stm32f407/tpl_machine_stm32f407.c.o
 .debug_aranges
                0x000004e0       0x38 build/machines/cortex/armv7em/stm32f407/startup_stm32f4xx.c.o
 .debug_aranges
                0x00000518       0x30 build/machines/cortex/armv7em/stm32f407/system_stm32f4xx.c.o
 .debug_aranges
                0x00000548       0x60 build/machines/cortex/armv7em/stm32f407/handlers_stm32f4xx.c.o
 .debug_aranges
                0x000005a8       0x88 build/machines/cortex/armv7em/stm32f407/STM32F4xx_StdPeriph_Driver/stm32f4xx_gpio.c.o
 .debug_aranges
                0x00000630      0x1c0 build/machines/cortex/armv7em/stm32f407/STM32F4xx_StdPeriph_Driver/stm32f4xx_rcc.c.o
 .debug_aranges
                0x000007f0       0x58 build/machines/cortex/armv7em/stm32f407/STM32F4xx_StdPeriph_Driver/stm32f4xx_exti.c.o
 .debug_aranges
                0x00000848       0x50 build/machines/cortex/armv7em/stm32f407/STM32F4xx_StdPeriph_Driver/stm32f4xx_syscfg.c.o
 .debug_aranges
                0x00000898       0x40 build/machines/cortex/armv7em/stm32f407/STM32F4xx_StdPeriph_Driver/misc.c.o
 .debug_aranges
                0x000008d8       0x48 build/machines/cortex/armv7em/stm32f407/stm32f4discovery/stm32f4_discovery.c.o
 .debug_aranges
                0x00000920       0x48 build/machines/cortex/armv7em/stm32f407/stm32f4discovery/tp.c.o

.debug_ranges   0x00000000      0x700
 .debug_ranges  0x00000000       0xe0 build/os/tpl_os_kernel.c.o
 .debug_ranges  0x000000e0       0x30 build/os/tpl_os_timeobj_kernel.c.o
 .debug_ranges  0x00000110       0x28 build/os/tpl_os_os_kernel.c.o
 .debug_ranges  0x00000138       0x10 build/os/tpl_os_os.c.o
 .debug_ranges  0x00000148       0x58 build/os/tpl_os_interrupt_kernel.c.o
 .debug_ranges  0x000001a0       0x38 build/os/tpl_os_task_kernel.c.o
 .debug_ranges  0x000001d8       0x20 build/os/tpl_os_resource_kernel.c.o
 .debug_ranges  0x000001f8       0x70 build/blink.c.o
 .debug_ranges  0x00000268       0x18 build/blink/tpl_app_config.c.o
 .debug_ranges  0x00000280       0x10 build/blink/tpl_external_interrupts.c.o
 .debug_ranges  0x00000290       0x20 build/blink/tpl_app_interrupts.c.o
 .debug_ranges  0x000002b0       0x48 build/machines/cortex/tpl_machine_cortex.c.o
 .debug_ranges  0x000002f8       0x20 build/machines/cortex/armv7em/stm32f407/tpl_machine_stm32f407.c.o
 .debug_ranges  0x00000318       0x28 build/machines/cortex/armv7em/stm32f407/startup_stm32f4xx.c.o
 .debug_ranges  0x00000340       0x20 build/machines/cortex/armv7em/stm32f407/system_stm32f4xx.c.o
 .debug_ranges  0x00000360       0x50 build/machines/cortex/armv7em/stm32f407/handlers_stm32f4xx.c.o
 .debug_ranges  0x000003b0       0x78 build/machines/cortex/armv7em/stm32f407/STM32F4xx_StdPeriph_Driver/stm32f4xx_gpio.c.o
 .debug_ranges  0x00000428      0x1b0 build/machines/cortex/armv7em/stm32f407/STM32F4xx_StdPeriph_Driver/stm32f4xx_rcc.c.o
 .debug_ranges  0x000005d8       0x48 build/machines/cortex/armv7em/stm32f407/STM32F4xx_StdPeriph_Driver/stm32f4xx_exti.c.o
 .debug_ranges  0x00000620       0x40 build/machines/cortex/armv7em/stm32f407/STM32F4xx_StdPeriph_Driver/stm32f4xx_syscfg.c.o
 .debug_ranges  0x00000660       0x30 build/machines/cortex/armv7em/stm32f407/STM32F4xx_StdPeriph_Driver/misc.c.o
 .debug_ranges  0x00000690       0x38 build/machines/cortex/armv7em/stm32f407/stm32f4discovery/stm32f4_discovery.c.o
 .debug_ranges  0x000006c8       0x38 build/machines/cortex/armv7em/stm32f407/stm32f4discovery/tp.c.o

.debug_line     0x00000000     0x5914
 .debug_line    0x00000000      0x598 build/os/tpl_os_kernel.c.o
 .debug_line    0x00000598      0x2ef build/os/tpl_os_timeobj_kernel.c.o
 .debug_line    0x00000887       0xfd build/os/tpl_os_os_kernel.c.o
 .debug_line    0x00000984       0xc5 build/os/tpl_os_os.c.o
 .debug_line    0x00000a49      0x1fc build/os/tpl_os_interrupt_kernel.c.o
 .debug_line    0x00000c45      0x29c build/os/tpl_os_task_kernel.c.o
 .debug_line    0x00000ee1      0x24e build/os/tpl_os_resource_kernel.c.o
 .debug_line    0x0000112f      0x372 build/blink.c.o
 .debug_line    0x000014a1      0x183 build/blink/tpl_app_config.c.o
 .debug_line    0x00001624       0x68 build/blink/tpl_dispatch_table.c.o
 .debug_line    0x0000168c      0x121 build/blink/tpl_invoque.S.o
 .debug_line    0x000017ad       0x5c build/blink/tpl_primary_irq.S.o
 .debug_line    0x00001809       0x99 build/blink/tpl_vectors.c.o
 .debug_line    0x000018a2      0x1a3 build/blink/tpl_external_interrupts.c.o
 .debug_line    0x00001a45       0x51 build/blink/tpl_app_interrupts.c.o
 .debug_line    0x00001a96      0x414 build/machines/cortex/tpl_machine_cortex.c.o
 .debug_line    0x00001eaa       0x98 build/machines/cortex/tpl_sc_handler.S.o
 .debug_line    0x00001f42       0x66 build/machines/cortex/tpl_startup.S.o
 .debug_line    0x00001fa8       0x88 build/machines/cortex/armv7em/tpl_ctx_switch.S.o
 .debug_line    0x00002030       0x8d build/machines/cortex/armv7em/tpl_ctx_switch_under_it.S.o
 .debug_line    0x000020bd       0x7f build/machines/cortex/armv7em/tpl_interrupts.S.o
 .debug_line    0x0000213c      0x2d4 build/machines/cortex/armv7em/stm32f407/tpl_machine_stm32f407.c.o
 .debug_line    0x00002410      0x1df build/machines/cortex/armv7em/stm32f407/startup_stm32f4xx.c.o
 .debug_line    0x000025ef      0x383 build/machines/cortex/armv7em/stm32f407/system_stm32f4xx.c.o
 .debug_line    0x00002972      0x347 build/machines/cortex/armv7em/stm32f407/handlers_stm32f4xx.c.o
 .debug_line    0x00002cb9      0xa83 build/machines/cortex/armv7em/stm32f407/STM32F4xx_StdPeriph_Driver/stm32f4xx_gpio.c.o
 .debug_line    0x0000373c     0x1024 build/machines/cortex/armv7em/stm32f407/STM32F4xx_StdPeriph_Driver/stm32f4xx_rcc.c.o
 .debug_line    0x00004760      0x4cd build/machines/cortex/armv7em/stm32f407/STM32F4xx_StdPeriph_Driver/stm32f4xx_exti.c.o
 .debug_line    0x00004c2d      0x383 build/machines/cortex/armv7em/stm32f407/STM32F4xx_StdPeriph_Driver/stm32f4xx_syscfg.c.o
 .debug_line    0x00004fb0      0x397 build/machines/cortex/armv7em/stm32f407/STM32F4xx_StdPeriph_Driver/misc.c.o
 .debug_line    0x00005347      0x34f build/machines/cortex/armv7em/stm32f407/stm32f4discovery/stm32f4_discovery.c.o
 .debug_line    0x00005696      0x27e build/machines/cortex/armv7em/stm32f407/stm32f4discovery/tp.c.o

.debug_str      0x00000000     0x3257
 .debug_str     0x00000000      0x73c build/os/tpl_os_kernel.c.o
                                0x822 (size before relaxing)
 .debug_str     0x0000073c      0x1e1 build/os/tpl_os_timeobj_kernel.c.o
                                0x3ed (size before relaxing)
 .debug_str     0x0000091d       0x98 build/os/tpl_os_os_kernel.c.o
                                0x2bf (size before relaxing)
 .debug_str     0x000009b5       0x35 build/os/tpl_os_os.c.o
                                0x221 (size before relaxing)
 .debug_str     0x000009ea      0x1d0 build/os/tpl_os_interrupt_kernel.c.o
                                0x636 (size before relaxing)
 .debug_str     0x00000bba       0xbe build/os/tpl_os_task_kernel.c.o
                                0x564 (size before relaxing)
 .debug_str     0x00000c78       0xc6 build/os/tpl_os_resource_kernel.c.o
                                0x592 (size before relaxing)
 .debug_str     0x00000d3e      0x154 build/blink.c.o
                                0x380 (size before relaxing)
 .debug_str     0x00000e92      0x2b0 build/blink/tpl_app_config.c.o
                                0x92d (size before relaxing)
 .debug_str     0x00001142       0x3e build/blink/tpl_dispatch_table.c.o
                                0x20a (size before relaxing)
 .debug_str     0x00001180       0x22 build/blink/tpl_invoque.S.o
                                 0xb5 (size before relaxing)
 .debug_str     0x000011a2       0x18 build/blink/tpl_primary_irq.S.o
                                 0xb9 (size before relaxing)
 .debug_str     0x000011ba       0x3a build/blink/tpl_vectors.c.o
                                0x206 (size before relaxing)
 .debug_str     0x000011f4      0x159 build/blink/tpl_external_interrupts.c.o
                                0x33e (size before relaxing)
 .debug_str     0x0000134d       0x63 build/blink/tpl_app_interrupts.c.o
                                0x22f (size before relaxing)
 .debug_str     0x000013b0      0x6a9 build/machines/cortex/tpl_machine_cortex.c.o
                                0xaf5 (size before relaxing)
 .debug_str     0x00001a59       0x33 build/machines/cortex/tpl_sc_handler.S.o
                                 0xd4 (size before relaxing)
 .debug_str     0x00001a8c       0x30 build/machines/cortex/tpl_startup.S.o
                                 0xd1 (size before relaxing)
 .debug_str     0x00001abc       0x3b build/machines/cortex/armv7em/tpl_ctx_switch.S.o
                                 0xdc (size before relaxing)
 .debug_str     0x00001af7       0x44 build/machines/cortex/armv7em/tpl_ctx_switch_under_it.S.o
                                 0xe5 (size before relaxing)
 .debug_str     0x00001b3b       0x3b build/machines/cortex/armv7em/tpl_interrupts.S.o
                                 0xdc (size before relaxing)
 .debug_str     0x00001b76       0xab build/machines/cortex/armv7em/stm32f407/tpl_machine_stm32f407.c.o
                                0x881 (size before relaxing)
 .debug_str     0x00001c21      0x17c build/machines/cortex/armv7em/stm32f407/startup_stm32f4xx.c.o
                                0x35f (size before relaxing)
 .debug_str     0x00001d9d       0xe2 build/machines/cortex/armv7em/stm32f407/system_stm32f4xx.c.o
                                0x47b (size before relaxing)
 .debug_str     0x00001e7f      0x1ce build/machines/cortex/armv7em/stm32f407/handlers_stm32f4xx.c.o
                                0x47b (size before relaxing)
 .debug_str     0x0000204d      0x349 build/machines/cortex/armv7em/stm32f407/STM32F4xx_StdPeriph_Driver/stm32f4xx_gpio.c.o
                                0x55a (size before relaxing)
 .debug_str     0x00002396      0x6ec build/machines/cortex/armv7em/stm32f407/STM32F4xx_StdPeriph_Driver/stm32f4xx_rcc.c.o
                                0xa7c (size before relaxing)
 .debug_str     0x00002a82      0x1e3 build/machines/cortex/armv7em/stm32f407/STM32F4xx_StdPeriph_Driver/stm32f4xx_exti.c.o
                                0x42c (size before relaxing)
 .debug_str     0x00002c65      0x193 build/machines/cortex/armv7em/stm32f407/STM32F4xx_StdPeriph_Driver/stm32f4xx_syscfg.c.o
                                0x3c8 (size before relaxing)
 .debug_str     0x00002df8      0x19a build/machines/cortex/armv7em/stm32f407/STM32F4xx_StdPeriph_Driver/misc.c.o
                                0x488 (size before relaxing)
 .debug_str     0x00002f92      0x1e1 build/machines/cortex/armv7em/stm32f407/stm32f4discovery/stm32f4_discovery.c.o
                                0xbe3 (size before relaxing)
 .debug_str     0x00003173       0xe4 build/machines/cortex/armv7em/stm32f407/stm32f4discovery/tp.c.o
                                0x342 (size before relaxing)

.comment        0x00000000       0x4d
 .comment       0x00000000       0x4d build/os/tpl_os_kernel.c.o
                                 0x4e (size before relaxing)
 .comment       0x0000004d       0x4e build/os/tpl_os_timeobj_kernel.c.o
 .comment       0x0000004d       0x4e build/os/tpl_os_os_kernel.c.o
 .comment       0x0000004d       0x4e build/os/tpl_os_os.c.o
 .comment       0x0000004d       0x4e build/os/tpl_os_interrupt_kernel.c.o
 .comment       0x0000004d       0x4e build/os/tpl_os_task_kernel.c.o
 .comment       0x0000004d       0x4e build/os/tpl_os_resource_kernel.c.o
 .comment       0x0000004d       0x4e build/blink.c.o
 .comment       0x0000004d       0x4e build/blink/tpl_app_config.c.o
 .comment       0x0000004d       0x4e build/blink/tpl_dispatch_table.c.o
 .comment       0x0000004d       0x4e build/blink/tpl_vectors.c.o
 .comment       0x0000004d       0x4e build/blink/tpl_external_interrupts.c.o
 .comment       0x0000004d       0x4e build/blink/tpl_app_interrupts.c.o
 .comment       0x0000004d       0x4e build/machines/cortex/tpl_machine_cortex.c.o
 .comment       0x0000004d       0x4e build/machines/cortex/armv7em/stm32f407/tpl_machine_stm32f407.c.o
 .comment       0x0000004d       0x4e build/machines/cortex/armv7em/stm32f407/startup_stm32f4xx.c.o
 .comment       0x0000004d       0x4e build/machines/cortex/armv7em/stm32f407/system_stm32f4xx.c.o
 .comment       0x0000004d       0x4e build/machines/cortex/armv7em/stm32f407/handlers_stm32f4xx.c.o
 .comment       0x0000004d       0x4e build/machines/cortex/armv7em/stm32f407/STM32F4xx_StdPeriph_Driver/stm32f4xx_gpio.c.o
 .comment       0x0000004d       0x4e build/machines/cortex/armv7em/stm32f407/STM32F4xx_StdPeriph_Driver/stm32f4xx_rcc.c.o
 .comment       0x0000004d       0x4e build/machines/cortex/armv7em/stm32f407/STM32F4xx_StdPeriph_Driver/stm32f4xx_exti.c.o
 .comment       0x0000004d       0x4e build/machines/cortex/armv7em/stm32f407/STM32F4xx_StdPeriph_Driver/stm32f4xx_syscfg.c.o
 .comment       0x0000004d       0x4e build/machines/cortex/armv7em/stm32f407/STM32F4xx_StdPeriph_Driver/misc.c.o
 .comment       0x0000004d       0x4e build/machines/cortex/armv7em/stm32f407/stm32f4discovery/stm32f4_discovery.c.o
 .comment       0x0000004d       0x4e build/machines/cortex/armv7em/stm32f407/stm32f4discovery/tp.c.o

.debug_frame    0x00000000     0x1c5c
 .debug_frame   0x00000000      0x360 build/os/tpl_os_kernel.c.o
 .debug_frame   0x00000360       0xcc build/os/tpl_os_timeobj_kernel.c.o
 .debug_frame   0x0000042c       0xa0 build/os/tpl_os_os_kernel.c.o
 .debug_frame   0x000004cc       0x34 build/os/tpl_os_os.c.o
 .debug_frame   0x00000500      0x14c build/os/tpl_os_interrupt_kernel.c.o
 .debug_frame   0x0000064c       0xe8 build/os/tpl_os_task_kernel.c.o
 .debug_frame   0x00000734       0x80 build/os/tpl_os_resource_kernel.c.o
 .debug_frame   0x000007b4      0x1b8 build/blink.c.o
 .debug_frame   0x0000096c       0x48 build/blink/tpl_app_config.c.o
 .debug_frame   0x000009b4       0x30 build/blink/tpl_external_interrupts.c.o
 .debug_frame   0x000009e4       0x70 build/blink/tpl_app_interrupts.c.o
 .debug_frame   0x00000a54      0x118 build/machines/cortex/tpl_machine_cortex.c.o
 .debug_frame   0x00000b6c       0x78 build/machines/cortex/armv7em/stm32f407/tpl_machine_stm32f407.c.o
 .debug_frame   0x00000be4       0xa0 build/machines/cortex/armv7em/stm32f407/startup_stm32f4xx.c.o
 .debug_frame   0x00000c84       0x7c build/machines/cortex/armv7em/stm32f407/system_stm32f4xx.c.o
 .debug_frame   0x00000d00       0xf8 build/machines/cortex/armv7em/stm32f407/handlers_stm32f4xx.c.o
 .debug_frame   0x00000df8      0x214 build/machines/cortex/armv7em/stm32f407/STM32F4xx_StdPeriph_Driver/stm32f4xx_gpio.c.o
 .debug_frame   0x0000100c      0x77c build/machines/cortex/armv7em/stm32f407/STM32F4xx_StdPeriph_Driver/stm32f4xx_rcc.c.o
 .debug_frame   0x00001788      0x130 build/machines/cortex/armv7em/stm32f407/STM32F4xx_StdPeriph_Driver/stm32f4xx_exti.c.o
 .debug_frame   0x000018b8      0x108 build/machines/cortex/armv7em/stm32f407/STM32F4xx_StdPeriph_Driver/stm32f4xx_syscfg.c.o
 .debug_frame   0x000019c0       0xc4 build/machines/cortex/armv7em/stm32f407/STM32F4xx_StdPeriph_Driver/misc.c.o
 .debug_frame   0x00001a84       0xf4 build/machines/cortex/armv7em/stm32f407/stm32f4discovery/stm32f4_discovery.c.o
 .debug_frame   0x00001b78       0xe4 build/machines/cortex/armv7em/stm32f407/stm32f4discovery/tp.c.o
