
Discarded input sections

 .text          0x00000000        0x0 build/os/tpl_os_kernel.c.o
 .data          0x00000000        0x0 build/os/tpl_os_kernel.c.o
 .bss           0x00000000        0x0 build/os/tpl_os_kernel.c.o
 .osVar         0x00000000        0x3 build/os/tpl_os_kernel.c.o
 .text          0x00000000        0x0 build/os/tpl_os_timeobj_kernel.c.o
 .data          0x00000000        0x0 build/os/tpl_os_timeobj_kernel.c.o
 .bss           0x00000000        0x0 build/os/tpl_os_timeobj_kernel.c.o
 .text          0x00000000        0x0 build/os/tpl_os_action.c.o
 .data          0x00000000        0x0 build/os/tpl_os_action.c.o
 .bss           0x00000000        0x0 build/os/tpl_os_action.c.o
 .osCode        0x00000000       0x3a build/os/tpl_os_action.c.o
 .debug_info    0x00000000      0x1e0 build/os/tpl_os_action.c.o
 .debug_abbrev  0x00000000       0xda build/os/tpl_os_action.c.o
 .debug_aranges
                0x00000000       0x28 build/os/tpl_os_action.c.o
 .debug_ranges  0x00000000       0x18 build/os/tpl_os_action.c.o
 .debug_line    0x00000000      0x103 build/os/tpl_os_action.c.o
 .debug_str     0x00000000      0x325 build/os/tpl_os_action.c.o
 .comment       0x00000000       0x4e build/os/tpl_os_action.c.o
 .debug_frame   0x00000000       0x58 build/os/tpl_os_action.c.o
 .ARM.attributes
                0x00000000       0x2e build/os/tpl_os_action.c.o
 .text          0x00000000        0x0 build/os/tpl_os_error.c.o
 .data          0x00000000        0x0 build/os/tpl_os_error.c.o
 .bss           0x00000000        0x0 build/os/tpl_os_error.c.o
 .debug_info    0x00000000       0x64 build/os/tpl_os_error.c.o
 .debug_abbrev  0x00000000       0x26 build/os/tpl_os_error.c.o
 .debug_aranges
                0x00000000       0x18 build/os/tpl_os_error.c.o
 .debug_line    0x00000000       0x1d build/os/tpl_os_error.c.o
 .debug_str     0x00000000      0x1fa build/os/tpl_os_error.c.o
 .comment       0x00000000       0x4e build/os/tpl_os_error.c.o
 .ARM.attributes
                0x00000000       0x37 build/os/tpl_os_error.c.o
 .text          0x00000000        0x0 build/os/tpl_os_os_kernel.c.o
 .data          0x00000000        0x0 build/os/tpl_os_os_kernel.c.o
 .bss           0x00000000        0x0 build/os/tpl_os_os_kernel.c.o
 .text          0x00000000        0x0 build/os/tpl_os_os.c.o
 .data          0x00000000        0x0 build/os/tpl_os_os.c.o
 .bss           0x00000000        0x0 build/os/tpl_os_os.c.o
 .text          0x00000000        0x0 build/os/tpl_os_interrupt_kernel.c.o
 .data          0x00000000        0x0 build/os/tpl_os_interrupt_kernel.c.o
 .bss           0x00000000        0x0 build/os/tpl_os_interrupt_kernel.c.o
 .text          0x00000000        0x0 build/os/tpl_os_task_kernel.c.o
 .data          0x00000000        0x0 build/os/tpl_os_task_kernel.c.o
 .bss           0x00000000        0x0 build/os/tpl_os_task_kernel.c.o
 .text          0x00000000        0x0 build/os/tpl_os_resource_kernel.c.o
 .data          0x00000000        0x0 build/os/tpl_os_resource_kernel.c.o
 .bss           0x00000000        0x0 build/os/tpl_os_resource_kernel.c.o
 .osConst       0x00000000        0x2 build/os/tpl_os_resource_kernel.c.o
 .text          0x00000000        0x0 build/blink.c.o
 .data          0x00000000        0x0 build/blink.c.o
 .bss           0x00000000        0x0 build/blink.c.o
 .text          0x00000000        0x0 build/blink/tpl_app_config.c.o
 .data          0x00000000        0x0 build/blink/tpl_app_config.c.o
 .bss           0x00000000        0x0 build/blink/tpl_app_config.c.o
 .rodata.APPMODE_1
                0x00000000        0x1 build/blink/tpl_app_config.c.o
 .text          0x00000000        0x0 build/blink/tpl_dispatch_table.c.o
 .data          0x00000000        0x0 build/blink/tpl_dispatch_table.c.o
 .bss           0x00000000        0x0 build/blink/tpl_dispatch_table.c.o
 .text          0x00000000        0x0 build/blink/tpl_invoque.S.o
 .data          0x00000000        0x0 build/blink/tpl_invoque.S.o
 .bss           0x00000000        0x0 build/blink/tpl_invoque.S.o
 .text          0x00000000        0x0 build/blink/tpl_primary_irq.S.o
 .data          0x00000000        0x0 build/blink/tpl_primary_irq.S.o
 .bss           0x00000000        0x0 build/blink/tpl_primary_irq.S.o
 .osVar         0x00000000        0x0 build/blink/tpl_primary_irq.S.o
 .text          0x00000000        0x0 build/blink/tpl_vectors.c.o
 .data          0x00000000        0x0 build/blink/tpl_vectors.c.o
 .bss           0x00000000        0x0 build/blink/tpl_vectors.c.o
 .text          0x00000000        0x0 build/blink/tpl_external_interrupts.c.o
 .data          0x00000000        0x0 build/blink/tpl_external_interrupts.c.o
 .bss           0x00000000        0x0 build/blink/tpl_external_interrupts.c.o
 .text          0x00000000        0x0 build/blink/tpl_app_interrupts.c.o
 .data          0x00000000        0x0 build/blink/tpl_app_interrupts.c.o
 .bss           0x00000000        0x0 build/blink/tpl_app_interrupts.c.o
 .text          0x00000000        0x0 build/machines/cortex/tpl_machine_cortex.c.o
 .data          0x00000000        0x0 build/machines/cortex/tpl_machine_cortex.c.o
 .bss           0x00000000        0x0 build/machines/cortex/tpl_machine_cortex.c.o
 .bss.tpl_isr2_disabled
                0x00000000        0x1 build/machines/cortex/tpl_machine_cortex.c.o
 .text          0x00000000        0x0 build/machines/cortex/tpl_sc_handler.S.o
 .data          0x00000000        0x0 build/machines/cortex/tpl_sc_handler.S.o
 .bss           0x00000000        0x0 build/machines/cortex/tpl_sc_handler.S.o
 .osVar         0x00000000        0x0 build/machines/cortex/tpl_sc_handler.S.o
 .osConst       0x00000000        0x0 build/machines/cortex/tpl_sc_handler.S.o
 .text          0x00000000        0x0 build/machines/cortex/tpl_startup.S.o
 .data          0x00000000        0x0 build/machines/cortex/tpl_startup.S.o
 .bss           0x00000000        0x0 build/machines/cortex/tpl_startup.S.o
 .text          0x00000000        0x0 build/machines/cortex/armv7em/tpl_ctx_switch.S.o
 .data          0x00000000        0x0 build/machines/cortex/armv7em/tpl_ctx_switch.S.o
 .bss           0x00000000        0x0 build/machines/cortex/armv7em/tpl_ctx_switch.S.o
 .text          0x00000000        0x0 build/machines/cortex/armv7em/tpl_ctx_switch_under_it.S.o
 .data          0x00000000        0x0 build/machines/cortex/armv7em/tpl_ctx_switch_under_it.S.o
 .bss           0x00000000        0x0 build/machines/cortex/armv7em/tpl_ctx_switch_under_it.S.o
 .text          0x00000000        0x0 build/machines/cortex/armv7em/tpl_interrupts.S.o
 .data          0x00000000        0x0 build/machines/cortex/armv7em/tpl_interrupts.S.o
 .bss           0x00000000        0x0 build/machines/cortex/armv7em/tpl_interrupts.S.o
 .text          0x00000000        0x0 build/machines/cortex/armv7em/stm32f407/tpl_memory_protection.c.o
 .data          0x00000000        0x0 build/machines/cortex/armv7em/stm32f407/tpl_memory_protection.c.o
 .bss           0x00000000        0x0 build/machines/cortex/armv7em/stm32f407/tpl_memory_protection.c.o
 .debug_info    0x00000000       0x64 build/machines/cortex/armv7em/stm32f407/tpl_memory_protection.c.o
 .debug_abbrev  0x00000000       0x26 build/machines/cortex/armv7em/stm32f407/tpl_memory_protection.c.o
 .debug_aranges
                0x00000000       0x18 build/machines/cortex/armv7em/stm32f407/tpl_memory_protection.c.o
 .debug_line    0x00000000       0x1d build/machines/cortex/armv7em/stm32f407/tpl_memory_protection.c.o
 .debug_str     0x00000000      0x222 build/machines/cortex/armv7em/stm32f407/tpl_memory_protection.c.o
 .comment       0x00000000       0x4e build/machines/cortex/armv7em/stm32f407/tpl_memory_protection.c.o
 .ARM.attributes
                0x00000000       0x37 build/machines/cortex/armv7em/stm32f407/tpl_memory_protection.c.o
 .text          0x00000000        0x0 build/machines/cortex/armv7em/stm32f407/tpl_machine_stm32f407.c.o
 .data          0x00000000        0x0 build/machines/cortex/armv7em/stm32f407/tpl_machine_stm32f407.c.o
 .bss           0x00000000        0x0 build/machines/cortex/armv7em/stm32f407/tpl_machine_stm32f407.c.o
 .text          0x00000000        0x0 build/machines/cortex/armv7em/stm32f407/startup_stm32f4xx.c.o
 .data          0x00000000        0x0 build/machines/cortex/armv7em/stm32f407/startup_stm32f4xx.c.o
 .bss           0x00000000        0x0 build/machines/cortex/armv7em/stm32f407/startup_stm32f4xx.c.o
 .text          0x00000000        0x0 build/machines/cortex/armv7em/stm32f407/system_stm32f4xx.c.o
 .data          0x00000000        0x0 build/machines/cortex/armv7em/stm32f407/system_stm32f4xx.c.o
 .bss           0x00000000        0x0 build/machines/cortex/armv7em/stm32f407/system_stm32f4xx.c.o
 .data.AHBPrescTable
                0x00000000       0x10 build/machines/cortex/armv7em/stm32f407/system_stm32f4xx.c.o
 .text.SystemCoreClockUpdate
                0x00000000      0x100 build/machines/cortex/armv7em/stm32f407/system_stm32f4xx.c.o
 .text          0x00000000        0x0 build/machines/cortex/armv7em/stm32f407/handlers_stm32f4xx.c.o
 .data          0x00000000        0x0 build/machines/cortex/armv7em/stm32f407/handlers_stm32f4xx.c.o
 .bss           0x00000000        0x0 build/machines/cortex/armv7em/stm32f407/handlers_stm32f4xx.c.o
 .text.PendSV_Handler
                0x00000000        0x6 build/machines/cortex/armv7em/stm32f407/handlers_stm32f4xx.c.o
 .text.SysTick_ClearFlag
                0x00000000        0xc build/machines/cortex/armv7em/stm32f407/handlers_stm32f4xx.c.o
 .text.TIM2_IRQ_ClearFlag
                0x00000000       0x22 build/machines/cortex/armv7em/stm32f407/handlers_stm32f4xx.c.o
 .text          0x00000000        0x0 build/machines/cortex/armv7em/stm32f407/lib/pinAccess.c.o
 .data          0x00000000        0x0 build/machines/cortex/armv7em/stm32f407/lib/pinAccess.c.o
 .bss           0x00000000        0x0 build/machines/cortex/armv7em/stm32f407/lib/pinAccess.c.o
 .text.clockForGpio
                0x00000000      0x134 build/machines/cortex/armv7em/stm32f407/lib/pinAccess.c.o
 .text.pinMode  0x00000000      0x1b8 build/machines/cortex/armv7em/stm32f407/lib/pinAccess.c.o
 .text.digitalWrite
                0x00000000       0xcc build/machines/cortex/armv7em/stm32f407/lib/pinAccess.c.o
 .text.digitalToggle
                0x00000000       0xd8 build/machines/cortex/armv7em/stm32f407/lib/pinAccess.c.o
 .text.digitalRead
                0x00000000       0xc0 build/machines/cortex/armv7em/stm32f407/lib/pinAccess.c.o
 .text.pinAlt   0x00000000      0x148 build/machines/cortex/armv7em/stm32f407/lib/pinAccess.c.o
 .text.pinAnalog
                0x00000000       0xdc build/machines/cortex/armv7em/stm32f407/lib/pinAccess.c.o
 .debug_info    0x00000000      0x587 build/machines/cortex/armv7em/stm32f407/lib/pinAccess.c.o
 .debug_abbrev  0x00000000      0x15c build/machines/cortex/armv7em/stm32f407/lib/pinAccess.c.o
 .debug_aranges
                0x00000000       0x50 build/machines/cortex/armv7em/stm32f407/lib/pinAccess.c.o
 .debug_ranges  0x00000000       0x40 build/machines/cortex/armv7em/stm32f407/lib/pinAccess.c.o
 .debug_line    0x00000000      0x60a build/machines/cortex/armv7em/stm32f407/lib/pinAccess.c.o
 .debug_str     0x00000000      0x44c build/machines/cortex/armv7em/stm32f407/lib/pinAccess.c.o
 .comment       0x00000000       0x4e build/machines/cortex/armv7em/stm32f407/lib/pinAccess.c.o
 .debug_frame   0x00000000      0x11c build/machines/cortex/armv7em/stm32f407/lib/pinAccess.c.o
 .ARM.attributes
                0x00000000       0x2e build/machines/cortex/armv7em/stm32f407/lib/pinAccess.c.o
 .text          0x00000000        0x0 build/machines/cortex/armv7em/stm32f407/STM32F4xx_StdPeriph_Driver/stm32f4xx_gpio.c.o
 .data          0x00000000        0x0 build/machines/cortex/armv7em/stm32f407/STM32F4xx_StdPeriph_Driver/stm32f4xx_gpio.c.o
 .bss           0x00000000        0x0 build/machines/cortex/armv7em/stm32f407/STM32F4xx_StdPeriph_Driver/stm32f4xx_gpio.c.o
 .text.GPIO_DeInit
                0x00000000      0x1c8 build/machines/cortex/armv7em/stm32f407/STM32F4xx_StdPeriph_Driver/stm32f4xx_gpio.c.o
 .text.GPIO_StructInit
                0x00000000       0x32 build/machines/cortex/armv7em/stm32f407/STM32F4xx_StdPeriph_Driver/stm32f4xx_gpio.c.o
 .text.GPIO_PinLockConfig
                0x00000000       0xe4 build/machines/cortex/armv7em/stm32f407/STM32F4xx_StdPeriph_Driver/stm32f4xx_gpio.c.o
 .text.GPIO_ReadInputData
                0x00000000       0xa8 build/machines/cortex/armv7em/stm32f407/STM32F4xx_StdPeriph_Driver/stm32f4xx_gpio.c.o
 .text.GPIO_ReadOutputDataBit
                0x00000000      0x13c build/machines/cortex/armv7em/stm32f407/STM32F4xx_StdPeriph_Driver/stm32f4xx_gpio.c.o
 .text.GPIO_ReadOutputData
                0x00000000       0xa8 build/machines/cortex/armv7em/stm32f407/STM32F4xx_StdPeriph_Driver/stm32f4xx_gpio.c.o
 .text.GPIO_SetBits
                0x00000000       0xbc build/machines/cortex/armv7em/stm32f407/STM32F4xx_StdPeriph_Driver/stm32f4xx_gpio.c.o
 .text.GPIO_ResetBits
                0x00000000       0xbc build/machines/cortex/armv7em/stm32f407/STM32F4xx_StdPeriph_Driver/stm32f4xx_gpio.c.o
 .text.GPIO_WriteBit
                0x00000000      0x150 build/machines/cortex/armv7em/stm32f407/STM32F4xx_StdPeriph_Driver/stm32f4xx_gpio.c.o
 .text.GPIO_Write
                0x00000000       0xac build/machines/cortex/armv7em/stm32f407/STM32F4xx_StdPeriph_Driver/stm32f4xx_gpio.c.o
 .text.GPIO_ToggleBits
                0x00000000       0xb4 build/machines/cortex/armv7em/stm32f407/STM32F4xx_StdPeriph_Driver/stm32f4xx_gpio.c.o
 .text.GPIO_PinAFConfig
                0x00000000      0x26c build/machines/cortex/armv7em/stm32f407/STM32F4xx_StdPeriph_Driver/stm32f4xx_gpio.c.o
 .text          0x00000000        0x0 build/machines/cortex/armv7em/stm32f407/STM32F4xx_StdPeriph_Driver/stm32f4xx_rcc.c.o
 .data          0x00000000        0x0 build/machines/cortex/armv7em/stm32f407/STM32F4xx_StdPeriph_Driver/stm32f4xx_rcc.c.o
 .bss           0x00000000        0x0 build/machines/cortex/armv7em/stm32f407/STM32F4xx_StdPeriph_Driver/stm32f4xx_rcc.c.o
 .data.APBAHBPrescTable
                0x00000000       0x10 build/machines/cortex/armv7em/stm32f407/STM32F4xx_StdPeriph_Driver/stm32f4xx_rcc.c.o
 .text.RCC_DeInit
                0x00000000       0x70 build/machines/cortex/armv7em/stm32f407/STM32F4xx_StdPeriph_Driver/stm32f4xx_rcc.c.o
 .text.RCC_HSEConfig
                0x00000000       0x44 build/machines/cortex/armv7em/stm32f407/STM32F4xx_StdPeriph_Driver/stm32f4xx_rcc.c.o
 .text.RCC_WaitForHSEStartUp
                0x00000000       0x50 build/machines/cortex/armv7em/stm32f407/STM32F4xx_StdPeriph_Driver/stm32f4xx_rcc.c.o
 .text.RCC_AdjustHSICalibrationValue
                0x00000000       0x4c build/machines/cortex/armv7em/stm32f407/STM32F4xx_StdPeriph_Driver/stm32f4xx_rcc.c.o
 .text.RCC_HSICmd
                0x00000000       0x38 build/machines/cortex/armv7em/stm32f407/STM32F4xx_StdPeriph_Driver/stm32f4xx_rcc.c.o
 .text.RCC_LSEConfig
                0x00000000       0x60 build/machines/cortex/armv7em/stm32f407/STM32F4xx_StdPeriph_Driver/stm32f4xx_rcc.c.o
 .text.RCC_LSICmd
                0x00000000       0x38 build/machines/cortex/armv7em/stm32f407/STM32F4xx_StdPeriph_Driver/stm32f4xx_rcc.c.o
 .text.RCC_PLLConfig
                0x00000000       0xb8 build/machines/cortex/armv7em/stm32f407/STM32F4xx_StdPeriph_Driver/stm32f4xx_rcc.c.o
 .text.RCC_PLLCmd
                0x00000000       0x38 build/machines/cortex/armv7em/stm32f407/STM32F4xx_StdPeriph_Driver/stm32f4xx_rcc.c.o
 .text.RCC_PLLI2SConfig
                0x00000000       0x58 build/machines/cortex/armv7em/stm32f407/STM32F4xx_StdPeriph_Driver/stm32f4xx_rcc.c.o
 .text.RCC_PLLI2SCmd
                0x00000000       0x38 build/machines/cortex/armv7em/stm32f407/STM32F4xx_StdPeriph_Driver/stm32f4xx_rcc.c.o
 .text.RCC_PLLSAIConfig
                0x00000000       0x78 build/machines/cortex/armv7em/stm32f407/STM32F4xx_StdPeriph_Driver/stm32f4xx_rcc.c.o
 .text.RCC_PLLSAICmd
                0x00000000       0x38 build/machines/cortex/armv7em/stm32f407/STM32F4xx_StdPeriph_Driver/stm32f4xx_rcc.c.o
 .text.RCC_ClockSecuritySystemCmd
                0x00000000       0x38 build/machines/cortex/armv7em/stm32f407/STM32F4xx_StdPeriph_Driver/stm32f4xx_rcc.c.o
 .text.RCC_MCO1Config
                0x00000000       0x98 build/machines/cortex/armv7em/stm32f407/STM32F4xx_StdPeriph_Driver/stm32f4xx_rcc.c.o
 .text.RCC_MCO2Config
                0x00000000       0x98 build/machines/cortex/armv7em/stm32f407/STM32F4xx_StdPeriph_Driver/stm32f4xx_rcc.c.o
 .text.RCC_SYSCLKConfig
                0x00000000       0x54 build/machines/cortex/armv7em/stm32f407/STM32F4xx_StdPeriph_Driver/stm32f4xx_rcc.c.o
 .text.RCC_GetSYSCLKSource
                0x00000000       0x1c build/machines/cortex/armv7em/stm32f407/STM32F4xx_StdPeriph_Driver/stm32f4xx_rcc.c.o
 .text.RCC_HCLKConfig
                0x00000000       0x78 build/machines/cortex/armv7em/stm32f407/STM32F4xx_StdPeriph_Driver/stm32f4xx_rcc.c.o
 .text.RCC_PCLK1Config
                0x00000000       0x68 build/machines/cortex/armv7em/stm32f407/STM32F4xx_StdPeriph_Driver/stm32f4xx_rcc.c.o
 .text.RCC_PCLK2Config
                0x00000000       0x6c build/machines/cortex/armv7em/stm32f407/STM32F4xx_StdPeriph_Driver/stm32f4xx_rcc.c.o
 .text.RCC_GetClocksFreq
                0x00000000      0x15c build/machines/cortex/armv7em/stm32f407/STM32F4xx_StdPeriph_Driver/stm32f4xx_rcc.c.o
 .text.RCC_RTCCLKConfig
                0x00000000      0x1e0 build/machines/cortex/armv7em/stm32f407/STM32F4xx_StdPeriph_Driver/stm32f4xx_rcc.c.o
 .text.RCC_RTCCLKCmd
                0x00000000       0x38 build/machines/cortex/armv7em/stm32f407/STM32F4xx_StdPeriph_Driver/stm32f4xx_rcc.c.o
 .text.RCC_BackupResetCmd
                0x00000000       0x38 build/machines/cortex/armv7em/stm32f407/STM32F4xx_StdPeriph_Driver/stm32f4xx_rcc.c.o
 .text.RCC_I2SCLKConfig
                0x00000000       0x34 build/machines/cortex/armv7em/stm32f407/STM32F4xx_StdPeriph_Driver/stm32f4xx_rcc.c.o
 .text.RCC_SAIBlockACLKConfig
                0x00000000       0x5c build/machines/cortex/armv7em/stm32f407/STM32F4xx_StdPeriph_Driver/stm32f4xx_rcc.c.o
 .text.RCC_SAIBlockBCLKConfig
                0x00000000       0x5c build/machines/cortex/armv7em/stm32f407/STM32F4xx_StdPeriph_Driver/stm32f4xx_rcc.c.o
 .text.RCC_SAIPLLI2SClkDivConfig
                0x00000000       0x54 build/machines/cortex/armv7em/stm32f407/STM32F4xx_StdPeriph_Driver/stm32f4xx_rcc.c.o
 .text.RCC_SAIPLLSAIClkDivConfig
                0x00000000       0x58 build/machines/cortex/armv7em/stm32f407/STM32F4xx_StdPeriph_Driver/stm32f4xx_rcc.c.o
 .text.RCC_LTDCCLKDivConfig
                0x00000000       0x64 build/machines/cortex/armv7em/stm32f407/STM32F4xx_StdPeriph_Driver/stm32f4xx_rcc.c.o
 .text.RCC_TIMCLKPresConfig
                0x00000000       0x34 build/machines/cortex/armv7em/stm32f407/STM32F4xx_StdPeriph_Driver/stm32f4xx_rcc.c.o
 .text.RCC_AHB2PeriphClockCmd
                0x00000000       0x70 build/machines/cortex/armv7em/stm32f407/STM32F4xx_StdPeriph_Driver/stm32f4xx_rcc.c.o
 .text.RCC_AHB3PeriphClockCmd
                0x00000000       0x70 build/machines/cortex/armv7em/stm32f407/STM32F4xx_StdPeriph_Driver/stm32f4xx_rcc.c.o
 .text.RCC_APB1PeriphClockCmd
                0x00000000       0x70 build/machines/cortex/armv7em/stm32f407/STM32F4xx_StdPeriph_Driver/stm32f4xx_rcc.c.o
 .text.RCC_AHB1PeriphResetCmd
                0x00000000       0x74 build/machines/cortex/armv7em/stm32f407/STM32F4xx_StdPeriph_Driver/stm32f4xx_rcc.c.o
 .text.RCC_AHB2PeriphResetCmd
                0x00000000       0x70 build/machines/cortex/armv7em/stm32f407/STM32F4xx_StdPeriph_Driver/stm32f4xx_rcc.c.o
 .text.RCC_AHB3PeriphResetCmd
                0x00000000       0x70 build/machines/cortex/armv7em/stm32f407/STM32F4xx_StdPeriph_Driver/stm32f4xx_rcc.c.o
 .text.RCC_APB1PeriphResetCmd
                0x00000000       0x70 build/machines/cortex/armv7em/stm32f407/STM32F4xx_StdPeriph_Driver/stm32f4xx_rcc.c.o
 .text.RCC_APB2PeriphResetCmd
                0x00000000       0x74 build/machines/cortex/armv7em/stm32f407/STM32F4xx_StdPeriph_Driver/stm32f4xx_rcc.c.o
 .text.RCC_AHB1PeriphClockLPModeCmd
                0x00000000       0x74 build/machines/cortex/armv7em/stm32f407/STM32F4xx_StdPeriph_Driver/stm32f4xx_rcc.c.o
 .text.RCC_AHB2PeriphClockLPModeCmd
                0x00000000       0x70 build/machines/cortex/armv7em/stm32f407/STM32F4xx_StdPeriph_Driver/stm32f4xx_rcc.c.o
 .text.RCC_AHB3PeriphClockLPModeCmd
                0x00000000       0x70 build/machines/cortex/armv7em/stm32f407/STM32F4xx_StdPeriph_Driver/stm32f4xx_rcc.c.o
 .text.RCC_APB1PeriphClockLPModeCmd
                0x00000000       0x70 build/machines/cortex/armv7em/stm32f407/STM32F4xx_StdPeriph_Driver/stm32f4xx_rcc.c.o
 .text.RCC_APB2PeriphClockLPModeCmd
                0x00000000       0x74 build/machines/cortex/armv7em/stm32f407/STM32F4xx_StdPeriph_Driver/stm32f4xx_rcc.c.o
 .text.RCC_LSEModeConfig
                0x00000000       0x50 build/machines/cortex/armv7em/stm32f407/STM32F4xx_StdPeriph_Driver/stm32f4xx_rcc.c.o
 .text.RCC_ITConfig
                0x00000000       0x7c build/machines/cortex/armv7em/stm32f407/STM32F4xx_StdPeriph_Driver/stm32f4xx_rcc.c.o
 .text.RCC_GetFlagStatus
                0x00000000       0xd4 build/machines/cortex/armv7em/stm32f407/STM32F4xx_StdPeriph_Driver/stm32f4xx_rcc.c.o
 .text.RCC_ClearFlag
                0x00000000       0x1c build/machines/cortex/armv7em/stm32f407/STM32F4xx_StdPeriph_Driver/stm32f4xx_rcc.c.o
 .text.RCC_GetITStatus
                0x00000000       0x70 build/machines/cortex/armv7em/stm32f407/STM32F4xx_StdPeriph_Driver/stm32f4xx_rcc.c.o
 .text.RCC_ClearITPendingBit
                0x00000000       0x30 build/machines/cortex/armv7em/stm32f407/STM32F4xx_StdPeriph_Driver/stm32f4xx_rcc.c.o
 .text          0x00000000        0x0 build/machines/cortex/armv7em/stm32f407/STM32F4xx_StdPeriph_Driver/stm32f4xx_exti.c.o
 .data          0x00000000        0x0 build/machines/cortex/armv7em/stm32f407/STM32F4xx_StdPeriph_Driver/stm32f4xx_exti.c.o
 .bss           0x00000000        0x0 build/machines/cortex/armv7em/stm32f407/STM32F4xx_StdPeriph_Driver/stm32f4xx_exti.c.o
 .text.EXTI_DeInit
                0x00000000       0x34 build/machines/cortex/armv7em/stm32f407/STM32F4xx_StdPeriph_Driver/stm32f4xx_exti.c.o
 .text.EXTI_StructInit
                0x00000000       0x2a build/machines/cortex/armv7em/stm32f407/STM32F4xx_StdPeriph_Driver/stm32f4xx_exti.c.o
 .text.EXTI_GenerateSWInterrupt
                0x00000000       0x3c build/machines/cortex/armv7em/stm32f407/STM32F4xx_StdPeriph_Driver/stm32f4xx_exti.c.o
 .text.EXTI_GetFlagStatus
                0x00000000       0xec build/machines/cortex/armv7em/stm32f407/STM32F4xx_StdPeriph_Driver/stm32f4xx_exti.c.o
 .text.EXTI_ClearFlag
                0x00000000       0x38 build/machines/cortex/armv7em/stm32f407/STM32F4xx_StdPeriph_Driver/stm32f4xx_exti.c.o
 .text.EXTI_GetITStatus
                0x00000000       0xf0 build/machines/cortex/armv7em/stm32f407/STM32F4xx_StdPeriph_Driver/stm32f4xx_exti.c.o
 .text.EXTI_ClearITPendingBit
                0x00000000       0x38 build/machines/cortex/armv7em/stm32f407/STM32F4xx_StdPeriph_Driver/stm32f4xx_exti.c.o
 .text          0x00000000        0x0 build/machines/cortex/armv7em/stm32f407/STM32F4xx_StdPeriph_Driver/stm32f4xx_syscfg.c.o
 .data          0x00000000        0x0 build/machines/cortex/armv7em/stm32f407/STM32F4xx_StdPeriph_Driver/stm32f4xx_syscfg.c.o
 .bss           0x00000000        0x0 build/machines/cortex/armv7em/stm32f407/STM32F4xx_StdPeriph_Driver/stm32f4xx_syscfg.c.o
 .text.SYSCFG_DeInit
                0x00000000       0x1c build/machines/cortex/armv7em/stm32f407/STM32F4xx_StdPeriph_Driver/stm32f4xx_syscfg.c.o
 .text.SYSCFG_MemoryRemapConfig
                0x00000000       0x40 build/machines/cortex/armv7em/stm32f407/STM32F4xx_StdPeriph_Driver/stm32f4xx_syscfg.c.o
 .text.SYSCFG_MemorySwappingBank
                0x00000000       0x34 build/machines/cortex/armv7em/stm32f407/STM32F4xx_StdPeriph_Driver/stm32f4xx_syscfg.c.o
 .text.SYSCFG_ETH_MediaInterfaceConfig
                0x00000000       0x34 build/machines/cortex/armv7em/stm32f407/STM32F4xx_StdPeriph_Driver/stm32f4xx_syscfg.c.o
 .text.SYSCFG_CompensationCellCmd
                0x00000000       0x34 build/machines/cortex/armv7em/stm32f407/STM32F4xx_StdPeriph_Driver/stm32f4xx_syscfg.c.o
 .text.SYSCFG_GetCompensationCellStatus
                0x00000000       0x30 build/machines/cortex/armv7em/stm32f407/STM32F4xx_StdPeriph_Driver/stm32f4xx_syscfg.c.o
 .text          0x00000000        0x0 build/machines/cortex/armv7em/stm32f407/STM32F4xx_StdPeriph_Driver/misc.c.o
 .data          0x00000000        0x0 build/machines/cortex/armv7em/stm32f407/STM32F4xx_StdPeriph_Driver/misc.c.o
 .bss           0x00000000        0x0 build/machines/cortex/armv7em/stm32f407/STM32F4xx_StdPeriph_Driver/misc.c.o
 .text.NVIC_PriorityGroupConfig
                0x00000000       0x58 build/machines/cortex/armv7em/stm32f407/STM32F4xx_StdPeriph_Driver/misc.c.o
 .text.NVIC_SetVectorTable
                0x00000000       0x58 build/machines/cortex/armv7em/stm32f407/STM32F4xx_StdPeriph_Driver/misc.c.o
 .text.NVIC_SystemLPConfig
                0x00000000       0x70 build/machines/cortex/armv7em/stm32f407/STM32F4xx_StdPeriph_Driver/misc.c.o
 .text.SysTick_CLKSourceConfig
                0x00000000       0x50 build/machines/cortex/armv7em/stm32f407/STM32F4xx_StdPeriph_Driver/misc.c.o
 .text          0x00000000        0x0 build/machines/cortex/armv7em/stm32f407/stm32f4discovery/stm32f4_discovery.c.o
 .data          0x00000000        0x0 build/machines/cortex/armv7em/stm32f407/stm32f4discovery/stm32f4_discovery.c.o
 .bss           0x00000000        0x0 build/machines/cortex/armv7em/stm32f407/stm32f4discovery/stm32f4_discovery.c.o
 .rodata.BUTTON_PIN
                0x00000000        0x2 build/machines/cortex/armv7em/stm32f407/stm32f4discovery/stm32f4_discovery.c.o
 .rodata.BUTTON_CLK
                0x00000000        0x4 build/machines/cortex/armv7em/stm32f407/stm32f4discovery/stm32f4_discovery.c.o
 .rodata.BUTTON_EXTI_LINE
                0x00000000        0x2 build/machines/cortex/armv7em/stm32f407/stm32f4discovery/stm32f4_discovery.c.o
 .rodata.BUTTON_PORT_SOURCE
                0x00000000        0x1 build/machines/cortex/armv7em/stm32f407/stm32f4discovery/stm32f4_discovery.c.o
 .rodata.BUTTON_PIN_SOURCE
                0x00000000        0x1 build/machines/cortex/armv7em/stm32f407/stm32f4discovery/stm32f4_discovery.c.o
 .rodata.BUTTON_IRQn
                0x00000000        0x1 build/machines/cortex/armv7em/stm32f407/stm32f4discovery/stm32f4_discovery.c.o
 .bss.NVIC_InitStructure
                0x00000000        0x4 build/machines/cortex/armv7em/stm32f407/stm32f4discovery/stm32f4_discovery.c.o
 .text          0x00000000        0x0 build/machines/cortex/armv7em/stm32f407/stm32f4discovery/tp.c.o
 .data          0x00000000        0x0 build/machines/cortex/armv7em/stm32f407/stm32f4discovery/tp.c.o
 .bss           0x00000000        0x0 build/machines/cortex/armv7em/stm32f407/stm32f4discovery/tp.c.o

Memory Configuration

Name             Origin             Length             Attributes
VECTOR           0x08000000         0x00000188         xr
FLASH            0x08000188         0x0000fe78         xr
RAM              0x20000000         0x00020000         xrw
MEMORY_B1        0x60000000         0x00000000         xr
*default*        0x00000000         0xffffffff

Linker script and memory map

LOAD build/os/tpl_os_kernel.c.o
LOAD build/os/tpl_os_timeobj_kernel.c.o
LOAD build/os/tpl_os_action.c.o
LOAD build/os/tpl_os_error.c.o
LOAD build/os/tpl_os_os_kernel.c.o
LOAD build/os/tpl_os_os.c.o
LOAD build/os/tpl_os_interrupt_kernel.c.o
LOAD build/os/tpl_os_task_kernel.c.o
LOAD build/os/tpl_os_resource_kernel.c.o
LOAD build/blink.c.o
LOAD build/blink/tpl_app_config.c.o
LOAD build/blink/tpl_dispatch_table.c.o
LOAD build/blink/tpl_invoque.S.o
LOAD build/blink/tpl_primary_irq.S.o
LOAD build/blink/tpl_vectors.c.o
LOAD build/blink/tpl_external_interrupts.c.o
LOAD build/blink/tpl_app_interrupts.c.o
LOAD build/machines/cortex/tpl_machine_cortex.c.o
LOAD build/machines/cortex/tpl_sc_handler.S.o
LOAD build/machines/cortex/tpl_startup.S.o
LOAD build/machines/cortex/armv7em/tpl_ctx_switch.S.o
LOAD build/machines/cortex/armv7em/tpl_ctx_switch_under_it.S.o
LOAD build/machines/cortex/armv7em/tpl_interrupts.S.o
LOAD build/machines/cortex/armv7em/stm32f407/tpl_memory_protection.c.o
LOAD build/machines/cortex/armv7em/stm32f407/tpl_machine_stm32f407.c.o
LOAD build/machines/cortex/armv7em/stm32f407/startup_stm32f4xx.c.o
LOAD build/machines/cortex/armv7em/stm32f407/system_stm32f4xx.c.o
LOAD build/machines/cortex/armv7em/stm32f407/handlers_stm32f4xx.c.o
LOAD build/machines/cortex/armv7em/stm32f407/lib/pinAccess.c.o
LOAD build/machines/cortex/armv7em/stm32f407/STM32F4xx_StdPeriph_Driver/stm32f4xx_gpio.c.o
LOAD build/machines/cortex/armv7em/stm32f407/STM32F4xx_StdPeriph_Driver/stm32f4xx_rcc.c.o
LOAD build/machines/cortex/armv7em/stm32f407/STM32F4xx_StdPeriph_Driver/stm32f4xx_exti.c.o
LOAD build/machines/cortex/armv7em/stm32f407/STM32F4xx_StdPeriph_Driver/stm32f4xx_syscfg.c.o
LOAD build/machines/cortex/armv7em/stm32f407/STM32F4xx_StdPeriph_Driver/misc.c.o
LOAD build/machines/cortex/armv7em/stm32f407/stm32f4discovery/stm32f4_discovery.c.o
LOAD build/machines/cortex/armv7em/stm32f407/stm32f4discovery/tp.c.o
                0x20020000                _estack = 0x20020000
                0x00000000                _Min_Heap_Size = 0x0
                0x00000400                _Min_Stack_Size = 0x400

.isr_vector     0x08000000      0x188
                0x08000000                . = ALIGN (0x4)
 *(.isr_vector)
 .isr_vector    0x08000000      0x188 build/blink/tpl_vectors.c.o
                0x08000000                tpl_it_vectors
                0x08000188                . = ALIGN (0x4)
                0x08000188                . = ALIGN (0x4)

ostext          0x08000188     0x19f8
 *(.SC_handler)
 *(.EI_handler)
 *(.osCode)
 .osCode        0x08000188      0x86c build/os/tpl_os_kernel.c.o
                0x08000188                tpl_current_os_state
                0x080001dc                tpl_schedule_from_running
                0x08000224                tpl_start_scheduling
                0x0800023c                tpl_start
                0x080002b4                tpl_run_elected
                0x08000340                tpl_block
                0x08000378                tpl_release
                0x080003b4                tpl_front_proc
                0x080003e0                tpl_terminate
                0x08000424                tpl_init_proc
                0x08000458                tpl_put_preempted_proc
                0x080004b8                tpl_put_new_proc
                0x08000544                tpl_init_os
                0x080005a8                tpl_get_internal_resource
                0x08000634                tpl_release_internal_resource
                0x08000684                tpl_call_terminate_task_service
                0x080006b8                tpl_call_terminate_isr2_service
                0x08000700                tpl_activate_task
                0x08000778                tpl_set_event
                0x08000798                tpl_compare_entries
                0x08000830                tpl_bubble_up
                0x080008b0                tpl_bubble_down
                0x08000966                tpl_remove_front_proc
                0x080009c8                tpl_preempt
 .osCode        0x080009f4      0x2f0 build/os/tpl_os_timeobj_kernel.c.o
                0x080009f4                tpl_enable_counters
                0x08000a0c                tpl_insert_time_obj
                0x08000aea                tpl_remove_time_obj
                0x08000b5c                tpl_counter_tick
 .osCode        0x08000ce4       0xb4 build/os/tpl_os_os_kernel.c.o
                0x08000ce4                tpl_get_active_application_mode_service
                0x08000d14                tpl_start_os_service
                0x08000d60                tpl_call_shutdown_os
                0x08000d7e                tpl_shutdown_os_service
 .osCode        0x08000d98      0x1e0 build/os/tpl_os_interrupt_kernel.c.o
                0x08000d98                tpl_get_interrupt_lock_status
                0x08000dd8                tpl_reset_interrupt_lock_status
                0x08000e14                tpl_terminate_isr2_service
                0x08000e58                tpl_null_it
                0x08000e6a                tpl_enable_all_interrupts_service
                0x08000e88                tpl_disable_all_interrupts_service
                0x08000eb8                tpl_resume_all_interrupts_service
                0x08000ef0                tpl_suspend_all_interrupts_service
                0x08000f18                tpl_resume_os_interrupts_service
                0x08000f50                tpl_suspend_os_interrupts_service
 .osCode        0x08000f78      0x2b4 build/os/tpl_os_task_kernel.c.o
                0x08000f78                tpl_activate_task_service
                0x08000fdc                tpl_terminate_task_service
                0x0800104c                tpl_chain_task_service
                0x080010fc                tpl_schedule_service
                0x08001178                tpl_get_task_id_service
                0x080011c8                tpl_get_task_state_service
 .osCode        0x0800122c      0x20c build/os/tpl_os_resource_kernel.c.o
                0x0800122c                tpl_release_all_resources
                0x0800128c                tpl_get_resource_service
                0x08001384                tpl_release_resource_service
 .osCode        0x08001438       0x7c build/blink.c.o
                0x08001438                main
                0x08001458                assert_failed
                0x0800146c                PreTaskHook
                0x08001478                PostTaskHook
                0x08001484                ShutdownHook
 .osCode        0x080014b4       0x40 build/blink/tpl_app_config.c.o
                0x080014b4                tpl_tick_SysTick
                0x080014e8                SysTick_Handler
 .osCode        0x080014f4       0x30 build/blink/tpl_primary_irq.S.o
                0x080014f4                tpl_primary_irq_handler_SysTick
 .osCode        0x08001524       0x20 build/blink/tpl_external_interrupts.c.o
                0x08001524                tpl_init_external_interrupts
 .osCode        0x08001544       0x24 build/blink/tpl_app_interrupts.c.o
                0x08001544                tpl_init_it_priority
                0x08001550                tpl_disable_os_interrupts
                0x0800155c                tpl_enable_os_interrupts
 .osCode        0x08001568      0x164 build/machines/cortex/tpl_machine_cortex.c.o
                0x08001568                tpl_init_context
                0x08001654                tpl_init_machine
                0x08001664                tpl_shutdown
                0x0800166e                tpl_init_machine_generic
                0x0800167a                tpl_init_machine_specific
                0x080016b0                tpl_check_stack_footprint
 .osCode        0x080016cc       0x6c build/machines/cortex/tpl_sc_handler.S.o
                0x080016cc                tpl_sc_handler
 .osCode        0x08001738       0x1c build/machines/cortex/tpl_startup.S.o
                0x08001738                tpl_reset_handler
 .osCode        0x08001754       0x4c build/machines/cortex/armv7em/tpl_ctx_switch.S.o
                0x08001754                tpl_save_context
                0x0800177a                tpl_load_context
 .osCode        0x080017a0       0x44 build/machines/cortex/armv7em/tpl_ctx_switch_under_it.S.o
                0x080017a0                tpl_save_context_under_it
                0x080017c2                tpl_load_context_under_it
 .osCode        0x080017e4       0x2c build/machines/cortex/armv7em/tpl_interrupts.S.o
                0x080017e4                tpl_disable_interrupts
                0x080017f8                tpl_enable_interrupts
 .osCode        0x08001810       0x7c build/machines/cortex/armv7em/stm32f407/tpl_machine_stm32f407.c.o
                0x08001860                tpl_set_systick_timer
 .osCode        0x0800188c      0x108 build/machines/cortex/armv7em/stm32f407/stm32f4discovery/tp.c.o
                0x0800188c                initBoard
                0x080018b4                ledOn
                0x080018d4                ledOff
                0x080018f4                ledToggle
                0x08001914                readButton
                0x08001964                delay
 *(.osApiCode)
 .osApiCode     0x08001994       0x2a build/os/tpl_os_os.c.o
                0x08001994                StartOS
 .osApiCode     0x080019be      0x1c2 build/blink/tpl_invoque.S.o
                0x080019be                GetActiveApplicationMode
                0x080019d4                tpl_start_os
                0x080019ea                ShutdownOS
                0x08001a00                EnableAllInterrupts
                0x08001a1a                DisableAllInterrupts
                0x08001a34                ResumeAllInterrupts
                0x08001a4e                SuspendAllInterrupts
                0x08001a68                ResumeOSInterrupts
                0x08001a82                SuspendOSInterrupts
                0x08001a9c                CallTerminateISR2
                0x08001ab6                ActivateTask
                0x08001acc                TerminateTask
                0x08001ae2                ChainTask
                0x08001af8                Schedule
                0x08001b0e                GetTaskID
                0x08001b24                GetTaskState
                0x08001b3a                CallTerminateTask
                0x08001b54                GetResource
                0x08001b6a                ReleaseResource
 *(.appCommonCode)
                0x08001b80                . = ALIGN (0x4)

osconst         0x08001b80       0xd4
 *(.osConst)
 .osConst       0x08001b80        0x2 build/os/tpl_os_kernel.c.o
                0x08001b80                INVALID_PROC
                0x08001b81                INVALID_TASK
 *fill*         0x08001b82        0x2 
 .osConst       0x08001b84       0x68 build/blink/tpl_app_config.c.o
                0x08001b84                tpl_stat_proc_table
                0x08001b90                tpl_dyn_proc_table
                0x08001b9c                tpl_resource_table
                0x08001ba4                IDLE_TASK_task_stat_desc
                0x08001bbc                SWC2_Task_task_stat_desc
                0x08001bd4                SWC1_Task_task_stat_desc
 .osConst       0x08001bec       0x4c build/blink/tpl_dispatch_table.c.o
                0x08001bec                tpl_dispatch_table
 *(.osApiConst)
 .osApiConst    0x08001c38       0x1c build/blink/tpl_app_config.c.o
                0x08001c38                proc_name_table
                0x08001c44                Resource_One
                0x08001c45                SWC2_Task
                0x08001c46                SWC1_Task
                0x08001c48                OSTICKSPERBASE
                0x08001c4c                OSMAXALLOWEDVALUE
                0x08001c50                OSMINCYCLE
                0x08001c54                . = ALIGN (0x4)

apptext         0x08001c54       0xd8
                0x08001c54                __PROGCONST_SECTION_START = .
                0x08001c54                __SEG_START_APP_CODE_CONST_RGN = .
                0x08001c54                . = ALIGN (0x4)
 *(.Task_SWC2_TaskCode)
 .Task_SWC2_TaskCode
                0x08001c54       0x8c build/blink.c.o
                0x08001c54                SWC2_Task_function
 *(.Task_SWC1_TaskCode)
 .Task_SWC1_TaskCode
                0x08001ce0       0x4c build/blink.c.o
                0x08001ce0                SWC1_Task_function
                0x08001d2c                . = ALIGN (0x4)

appconst        0x08001d2c      0x218
 *(.rodata)
 .rodata        0x08001d2c       0x1f build/blink/tpl_app_config.c.o
 *fill*         0x08001d4b        0x1 
 .rodata        0x08001d4c       0x60 build/machines/cortex/armv7em/stm32f407/STM32F4xx_StdPeriph_Driver/stm32f4xx_gpio.c.o
 .rodata        0x08001dac       0x5f build/machines/cortex/armv7em/stm32f407/STM32F4xx_StdPeriph_Driver/stm32f4xx_rcc.c.o
 *fill*         0x08001e0b        0x1 
 .rodata        0x08001e0c       0x60 build/machines/cortex/armv7em/stm32f407/STM32F4xx_StdPeriph_Driver/stm32f4xx_exti.c.o
 .rodata        0x08001e6c       0x62 build/machines/cortex/armv7em/stm32f407/STM32F4xx_StdPeriph_Driver/stm32f4xx_syscfg.c.o
 *fill*         0x08001ece        0x2 
 .rodata        0x08001ed0       0x56 build/machines/cortex/armv7em/stm32f407/STM32F4xx_StdPeriph_Driver/misc.c.o
 *(.rodata*)
 .rodata.OSDEFAULTAPPMODE
                0x08001f26        0x1 build/blink/tpl_app_config.c.o
                0x08001f26                OSDEFAULTAPPMODE
 *fill*         0x08001f27        0x1 
 .rodata.tpl_task_app_mode
                0x08001f28        0x2 build/blink/tpl_app_config.c.o
                0x08001f28                tpl_task_app_mode
 *fill*         0x08001f2a        0x2 
 .rodata.GPIO_PIN
                0x08001f2c        0x8 build/machines/cortex/armv7em/stm32f407/stm32f4discovery/stm32f4_discovery.c.o
                0x08001f2c                GPIO_PIN
 .rodata.GPIO_CLK
                0x08001f34       0x10 build/machines/cortex/armv7em/stm32f407/stm32f4discovery/stm32f4_discovery.c.o
                0x08001f34                GPIO_CLK
                0x08001f44                . = ALIGN (0x4)

procconst       0x08001f44        0x0
 *(.Task_SWC2_Task_SEC_CONST_32BIT)
 *(.Task_SWC2_Task_SEC_CALIB_32BIT)
 *(.Task_SWC2_Task_SEC_CARTO_32BIT)
 *(.Task_SWC2_Task_SEC_CONFIG_DATA_32BIT)
 *(.Task_SWC2_Task_SEC_CONST_16BIT)
 *(.Task_SWC2_Task_SEC_CALIB_16BIT)
 *(.Task_SWC2_Task_SEC_CARTO_16BIT)
 *(.Task_SWC2_Task_SEC_CONFIG_DATA_16BIT)
 *(.Task_SWC2_Task_SEC_CONST_8BIT)
 *(.Task_SWC2_Task_SEC_CALIB_8BIT)
 *(.Task_SWC2_Task_SEC_CARTO_8BIT)
 *(.Task_SWC2_Task_SEC_CONFIG_DATA_8BIT)
 *(.Task_SWC2_Task_SEC_CONST_BOOLEAN)
 *(.Task_SWC2_Task_SEC_CALIB_BOOLEAN)
 *(.Task_SWC2_Task_SEC_CARTO_BOOLEAN)
 *(.Task_SWC2_Task_SEC_CONFIG_DATA_BOOLEAN)
 *(.Task_SWC2_Task_SEC_CONST_UNSPECIFIED)
 *(.Task_SWC2_Task_SEC_CALIB_UNSPECIFIED)
 *(.Task_SWC2_Task_SEC_CARTO_UNSPECIFIED)
 *(.Task_SWC2_Task_SEC_CONFIG_DATA_UNSPECIFIED)
 *(.Task_SWC1_Task_SEC_CONST_32BIT)
 *(.Task_SWC1_Task_SEC_CALIB_32BIT)
 *(.Task_SWC1_Task_SEC_CARTO_32BIT)
 *(.Task_SWC1_Task_SEC_CONFIG_DATA_32BIT)
 *(.Task_SWC1_Task_SEC_CONST_16BIT)
 *(.Task_SWC1_Task_SEC_CALIB_16BIT)
 *(.Task_SWC1_Task_SEC_CARTO_16BIT)
 *(.Task_SWC1_Task_SEC_CONFIG_DATA_16BIT)
 *(.Task_SWC1_Task_SEC_CONST_8BIT)
 *(.Task_SWC1_Task_SEC_CALIB_8BIT)
 *(.Task_SWC1_Task_SEC_CARTO_8BIT)
 *(.Task_SWC1_Task_SEC_CONFIG_DATA_8BIT)
 *(.Task_SWC1_Task_SEC_CONST_BOOLEAN)
 *(.Task_SWC1_Task_SEC_CALIB_BOOLEAN)
 *(.Task_SWC1_Task_SEC_CARTO_BOOLEAN)
 *(.Task_SWC1_Task_SEC_CONFIG_DATA_BOOLEAN)
 *(.Task_SWC1_Task_SEC_CONST_UNSPECIFIED)
 *(.Task_SWC1_Task_SEC_CALIB_UNSPECIFIED)
 *(.Task_SWC1_Task_SEC_CARTO_UNSPECIFIED)
 *(.Task_SWC1_Task_SEC_CONFIG_DATA_UNSPECIFIED)
                0x08001f44                . = ALIGN (0x4)
                0x08001f43                __SEG_STOP_APP_CODE_CONST_RGN = (. - 0x1)
                0x08001f43                __PROGCONST_SECTION_STOP = (. - 0x1)

.text           0x08001f44      0xce4
                0x08001f44                . = ALIGN (0x4)
 *(.text)
 *(.text*)
 .text.NVIC_SetPriority
                0x08001f44       0x54 build/machines/cortex/tpl_machine_cortex.c.o
 .text.idle_function
                0x08001f98        0x6 build/machines/cortex/tpl_machine_cortex.c.o
                0x08001f98                idle_function
 *fill*         0x08001f9e        0x2 
 .text.NVIC_SetPriority
                0x08001fa0       0x54 build/machines/cortex/armv7em/stm32f407/tpl_machine_stm32f407.c.o
 .text.__libc_init_array
                0x08001ff4       0x70 build/machines/cortex/armv7em/stm32f407/startup_stm32f4xx.c.o
                0x08001ff4                __libc_init_array
 .text.__libc_fini_array
                0x08002064       0x40 build/machines/cortex/armv7em/stm32f407/startup_stm32f4xx.c.o
                0x08002064                __libc_fini_array
 .text.SystemInit
                0x080020a4       0x5c build/machines/cortex/armv7em/stm32f407/system_stm32f4xx.c.o
                0x080020a4                SystemInit
 .text.SetSysClock
                0x08002100       0xf4 build/machines/cortex/armv7em/stm32f407/system_stm32f4xx.c.o
 .text.NMI_Handler
                0x080021f4        0x8 build/machines/cortex/armv7em/stm32f407/handlers_stm32f4xx.c.o
                0x080021f4                NMI_Handler
 .text.HardFault_Handler
                0x080021fc       0x64 build/machines/cortex/armv7em/stm32f407/handlers_stm32f4xx.c.o
                0x080021fc                HardFault_Handler
 .text.MemManage_Handler
                0x08002260        0x8 build/machines/cortex/armv7em/stm32f407/handlers_stm32f4xx.c.o
                0x08002260                MemManage_Handler
 .text.BusFault_Handler
                0x08002268        0x8 build/machines/cortex/armv7em/stm32f407/handlers_stm32f4xx.c.o
                0x08002268                BusFault_Handler
 .text.UsageFault_Handler
                0x08002270        0x8 build/machines/cortex/armv7em/stm32f407/handlers_stm32f4xx.c.o
                0x08002270                UsageFault_Handler
 .text.DebugMonitor_Handler
                0x08002278        0x6 build/machines/cortex/armv7em/stm32f407/handlers_stm32f4xx.c.o
                0x08002278                DebugMonitor_Handler
 *fill*         0x0800227e        0x2 
 .text.GPIO_Init
                0x08002280      0x248 build/machines/cortex/armv7em/stm32f407/STM32F4xx_StdPeriph_Driver/stm32f4xx_gpio.c.o
                0x08002280                GPIO_Init
 .text.GPIO_ReadInputDataBit
                0x080024c8      0x13c build/machines/cortex/armv7em/stm32f407/STM32F4xx_StdPeriph_Driver/stm32f4xx_gpio.c.o
                0x080024c8                GPIO_ReadInputDataBit
 .text.RCC_AHB1PeriphClockCmd
                0x08002604       0x74 build/machines/cortex/armv7em/stm32f407/STM32F4xx_StdPeriph_Driver/stm32f4xx_rcc.c.o
                0x08002604                RCC_AHB1PeriphClockCmd
 .text.RCC_APB2PeriphClockCmd
                0x08002678       0x74 build/machines/cortex/armv7em/stm32f407/STM32F4xx_StdPeriph_Driver/stm32f4xx_rcc.c.o
                0x08002678                RCC_APB2PeriphClockCmd
 .text.EXTI_Init
                0x080026ec      0x150 build/machines/cortex/armv7em/stm32f407/STM32F4xx_StdPeriph_Driver/stm32f4xx_exti.c.o
                0x080026ec                EXTI_Init
 .text.SYSCFG_EXTILineConfig
                0x0800283c      0x134 build/machines/cortex/armv7em/stm32f407/STM32F4xx_StdPeriph_Driver/stm32f4xx_syscfg.c.o
                0x0800283c                SYSCFG_EXTILineConfig
 .text.NVIC_Init
                0x08002970       0xfc build/machines/cortex/armv7em/stm32f407/STM32F4xx_StdPeriph_Driver/misc.c.o
                0x08002970                NVIC_Init
 .text.STM_EVAL_LEDInit
                0x08002a6c       0x5c build/machines/cortex/armv7em/stm32f407/stm32f4discovery/stm32f4_discovery.c.o
                0x08002a6c                STM_EVAL_LEDInit
 .text.STM_EVAL_LEDOn
                0x08002ac8       0x30 build/machines/cortex/armv7em/stm32f407/stm32f4discovery/stm32f4_discovery.c.o
                0x08002ac8                STM_EVAL_LEDOn
 .text.STM_EVAL_LEDOff
                0x08002af8       0x30 build/machines/cortex/armv7em/stm32f407/stm32f4discovery/stm32f4_discovery.c.o
                0x08002af8                STM_EVAL_LEDOff
 .text.STM_EVAL_LEDToggle
                0x08002b28       0x3c build/machines/cortex/armv7em/stm32f407/stm32f4discovery/stm32f4_discovery.c.o
                0x08002b28                STM_EVAL_LEDToggle
 .text.STM_EVAL_PBInit
                0x08002b64       0x98 build/machines/cortex/armv7em/stm32f407/stm32f4discovery/stm32f4_discovery.c.o
                0x08002b64                STM_EVAL_PBInit
 .text.STM_EVAL_PBGetState
                0x08002bfc       0x2c build/machines/cortex/armv7em/stm32f407/stm32f4discovery/stm32f4_discovery.c.o
                0x08002bfc                STM_EVAL_PBGetState
 *(.glue_7)
 .glue_7        0x08002c28        0x0 linker stubs
 *(.glue_7t)
 .glue_7t       0x08002c28        0x0 linker stubs
 *(.eh_frame)
 *(.init)
 *(.fini)
                0x08002c28                . = ALIGN (0x4)
                0x08002c28                _etext = .
                0x08002c28                _exit = .

.vfp11_veneer   0x08002c28        0x0
 .vfp11_veneer  0x08002c28        0x0 linker stubs

.v4_bx          0x08002c28        0x0
 .v4_bx         0x08002c28        0x0 linker stubs

.iplt           0x08002c28        0x0
 .iplt          0x08002c28        0x0 build/os/tpl_os_kernel.c.o

.after_vectors  0x08002c28       0x98
 .after_vectors
                0x08002c28       0x98 build/machines/cortex/armv7em/stm32f407/startup_stm32f4xx.c.o
                0x08002c28                tpl_continue_reset_handler
                0x08002c74                system_init

.rel.dyn        0x08002cc0        0x0
 .rel.iplt      0x08002cc0        0x0 build/os/tpl_os_kernel.c.o

.ARM.extab
 *(.ARM.extab* .gnu.linkonce.armextab.*)

.ARM            0x08002cc0        0x0
                0x08002cc0                __exidx_start = .
 *(.ARM.exidx*)
                0x08002cc0                __exidx_end = .

.preinit_array  0x08002cc0        0x4
                0x08002cc0                PROVIDE (__preinit_array_start = .)
 *(.preinit_array*)
 .preinit_array_sysinit
                0x08002cc0        0x4 build/machines/cortex/armv7em/stm32f407/startup_stm32f4xx.c.o
                0x08002cc0                p_system_init
                0x08002cc4                PROVIDE (__preinit_array_end = .)

.init_array     0x08002cc4        0x0
                0x08002cc4                PROVIDE (__init_array_start = .)
 *(SORT_BY_NAME(.init_array.*))
 *(.init_array*)
                0x08002cc4                PROVIDE (__init_array_end = .)

.fini_array     0x08002cc4        0x0
                0x08002cc4                PROVIDE (__fini_array_start = .)
 *(.fini_array*)
 *(SORT_BY_NAME(.fini_array.*))
                0x08002cc4                PROVIDE (__fini_array_end = .)
                0x08002cc4                _sidata = .

.data           0x20000000      0x114 load address 0x08002cc4
                0x20000000                . = ALIGN (0x4)
                0x20000000                _sdata = .
 *(.data)
 *(.data*)
 .data.SystemCoreClock
                0x20000000        0x4 build/machines/cortex/armv7em/stm32f407/system_stm32f4xx.c.o
                0x20000000                SystemCoreClock
 .data.GPIO_PORT
                0x20000004       0x10 build/machines/cortex/armv7em/stm32f407/stm32f4discovery/stm32f4_discovery.c.o
                0x20000004                GPIO_PORT
 .data.BUTTON_PORT
                0x20000014        0x4 build/machines/cortex/armv7em/stm32f407/stm32f4discovery/stm32f4_discovery.c.o
                0x20000014                BUTTON_PORT
 .data.previousState.0
                0x20000018        0x1 build/machines/cortex/armv7em/stm32f407/stm32f4discovery/tp.c.o
 *(.osVar)
 .osVar         0x20000019        0x1 build/os/tpl_os_timeobj_kernel.c.o
 .osVar         0x2000001a        0x1 build/os/tpl_os_os_kernel.c.o
 *fill*         0x2000001b        0x1 
 .osVar         0x2000001c       0x14 build/os/tpl_os_interrupt_kernel.c.o
                0x2000001c                tpl_locking_depth
                0x20000020                tpl_user_task_lock
                0x20000024                tpl_cpt_user_task_lock_All
                0x20000028                tpl_cpt_user_task_lock_OS
                0x2000002c                tpl_cpt_os_task_lock
 .osVar         0x20000030       0xe4 build/blink/tpl_app_config.c.o
                0x20000030                tpl_kern
                0x2000004c                tpl_ready_list
                0x20000058                tpl_tail_for_prio
                0x20000060                SystemCounter_counter_desc
                0x2000007c                Resource_One_rez_desc
                0x20000084                res_sched_rez_desc
                0x2000008c                tpl_time_counter
                0x20000090                IDLE_TASK_int_context
                0x200000b4                IDLE_TASK_task_desc
                0x200000bc                SWC2_Task_int_context
                0x200000e0                SWC2_Task_task_desc
                0x200000e8                SWC1_Task_int_context
                0x2000010c                SWC1_Task_task_desc
 *(.Task_SWC2_Task_SEC_VAR_POWER_ON_INIT_32BIT)
 *(.Task_SWC2_Task_SEC_VAR_POWER_ON_INIT_16BIT)
 *(.Task_SWC2_Task_SEC_VAR_POWER_ON_INIT_8BIT)
 *(.Task_SWC2_Task_SEC_VAR_POWER_ON_INIT_BOOLEAN)
 *(.Task_SWC2_Task_SEC_VAR_POWER_ON_INIT_UNSPECIFIED)
 *(.Task_SWC1_Task_SEC_VAR_POWER_ON_INIT_32BIT)
 *(.Task_SWC1_Task_SEC_VAR_POWER_ON_INIT_16BIT)
 *(.Task_SWC1_Task_SEC_VAR_POWER_ON_INIT_8BIT)
 *(.Task_SWC1_Task_SEC_VAR_POWER_ON_INIT_BOOLEAN)
 *(.Task_SWC1_Task_SEC_VAR_POWER_ON_INIT_UNSPECIFIED)
                0x20000114                . = ALIGN (0x4)
                0x20000114                _edata = .

.igot.plt       0x20000114        0x0 load address 0x08002dd8
 .igot.plt      0x20000114        0x0 build/os/tpl_os_kernel.c.o

.Task_IDLE_TASKStack
                0x20000114      0x12c load address 0x08002dd8
 .Task_IDLE_TASKStack
                0x20000114      0x12c build/blink/tpl_app_config.c.o
                0x20000114                IDLE_TASK_stack_zone

.Task_SWC2_Task_SEC_VAR
                0x20000240        0x0
                0x20000240                . = ALIGN (__SEG_ALIGN_Task_SWC2_Task_VAR_RGN)
                0x20000240                __SEG_START_Task_SWC2_Task_VAR_RGN = .
 *(.Task_SWC2_Task_SEC_VAR_NOINIT_32BIT)
 *(.Task_SWC2_Task_SEC_VAR_FAST_32BIT)
 *(.Task_SWC2_Task_SEC_VAR_32BIT)
 *(.Task_SWC2_Task_SEC_VAR_NOINIT_16BIT)
 *(.Task_SWC2_Task_SEC_VAR_FAST_16BIT)
 *(.Task_SWC2_Task_SEC_VAR_16BIT)
 *(.Task_SWC2_Task_SEC_VAR_NOINIT_8BIT)
 *(.Task_SWC2_Task_SEC_VAR_FAST_8BIT)
 *(.Task_SWC2_Task_SEC_VAR_8BIT)
 *(.Task_SWC2_Task_SEC_VAR_NOINIT_BOOLEAN)
 *(.Task_SWC2_Task_SEC_VAR_FAST_BOOLEAN)
 *(.Task_SWC2_Task_SEC_VAR_BOOLEAN)
 *(.Task_SWC2_Task_SEC_VAR_NOINIT_UNSPECIFIED)
 *(.Task_SWC2_Task_SEC_VAR_FAST_UNSPECIFIED)
 *(.Task_SWC2_Task_SEC_VAR_UNSPECIFIED)
                0x20000240                __SEG_END_Task_SWC2_Task_VAR_RGN = .
                0x20000260                __SEG_SIZE_Task_SWC2_Task_VAR_RGN = ((__SEG_END_Task_SWC2_Task_VAR_RGN - __SEG_START_Task_SWC2_Task_VAR_RGN) < 0x1000)?0x1000:__SEG_SIZE_Task_SWC2_Task_VAR_RGN
                0x20000260                __SEG_SIZE_Task_SWC2_Task_VAR_RGN = ((__SEG_END_Task_SWC2_Task_VAR_RGN - __SEG_START_Task_SWC2_Task_VAR_RGN) < 0x400)?0x400:__SEG_SIZE_Task_SWC2_Task_VAR_RGN
                0x20000260                __SEG_SIZE_Task_SWC2_Task_VAR_RGN = ((__SEG_END_Task_SWC2_Task_VAR_RGN - __SEG_START_Task_SWC2_Task_VAR_RGN) < 0x200)?0x200:__SEG_SIZE_Task_SWC2_Task_VAR_RGN
                0x20000260                __SEG_SIZE_Task_SWC2_Task_VAR_RGN = ((__SEG_END_Task_SWC2_Task_VAR_RGN - __SEG_START_Task_SWC2_Task_VAR_RGN) < 0x100)?0x100:__SEG_SIZE_Task_SWC2_Task_VAR_RGN
                0x20000260                __SEG_SIZE_Task_SWC2_Task_VAR_RGN = ((__SEG_END_Task_SWC2_Task_VAR_RGN - __SEG_START_Task_SWC2_Task_VAR_RGN) < 0x80)?0x80:__SEG_SIZE_Task_SWC2_Task_VAR_RGN
                0x20000260                __SEG_SIZE_Task_SWC2_Task_VAR_RGN = ((__SEG_END_Task_SWC2_Task_VAR_RGN - __SEG_START_Task_SWC2_Task_VAR_RGN) < 0x40)?0x40:__SEG_SIZE_Task_SWC2_Task_VAR_RGN
                0x20000260                __SEG_SIZE_Task_SWC2_Task_VAR_RGN = ((__SEG_END_Task_SWC2_Task_VAR_RGN - __SEG_START_Task_SWC2_Task_VAR_RGN) < 0x20)?0x20:__SEG_SIZE_Task_SWC2_Task_VAR_RGN
                0x20000260                __SEG_ALIGN_Task_SWC2_Task_VAR_RGN = __SEG_SIZE_Task_SWC2_Task_VAR_RGN

.Task_SWC1_Task_SEC_VAR
                0x20000240        0x0
                0x20000240                . = ALIGN (__SEG_ALIGN_Task_SWC1_Task_VAR_RGN)
                0x20000240                __SEG_START_Task_SWC1_Task_VAR_RGN = .
 *(.Task_SWC1_Task_SEC_VAR_NOINIT_32BIT)
 *(.Task_SWC1_Task_SEC_VAR_FAST_32BIT)
 *(.Task_SWC1_Task_SEC_VAR_32BIT)
 *(.Task_SWC1_Task_SEC_VAR_NOINIT_16BIT)
 *(.Task_SWC1_Task_SEC_VAR_FAST_16BIT)
 *(.Task_SWC1_Task_SEC_VAR_16BIT)
 *(.Task_SWC1_Task_SEC_VAR_NOINIT_8BIT)
 *(.Task_SWC1_Task_SEC_VAR_FAST_8BIT)
 *(.Task_SWC1_Task_SEC_VAR_8BIT)
 *(.Task_SWC1_Task_SEC_VAR_NOINIT_BOOLEAN)
 *(.Task_SWC1_Task_SEC_VAR_FAST_BOOLEAN)
 *(.Task_SWC1_Task_SEC_VAR_BOOLEAN)
 *(.Task_SWC1_Task_SEC_VAR_NOINIT_UNSPECIFIED)
 *(.Task_SWC1_Task_SEC_VAR_FAST_UNSPECIFIED)
 *(.Task_SWC1_Task_SEC_VAR_UNSPECIFIED)
                0x20000240                __SEG_END_Task_SWC1_Task_VAR_RGN = .
                0x20000260                __SEG_SIZE_Task_SWC1_Task_VAR_RGN = ((__SEG_END_Task_SWC1_Task_VAR_RGN - __SEG_START_Task_SWC1_Task_VAR_RGN) < 0x1000)?0x1000:__SEG_SIZE_Task_SWC1_Task_VAR_RGN
                0x20000260                __SEG_SIZE_Task_SWC1_Task_VAR_RGN = ((__SEG_END_Task_SWC1_Task_VAR_RGN - __SEG_START_Task_SWC1_Task_VAR_RGN) < 0x400)?0x400:__SEG_SIZE_Task_SWC1_Task_VAR_RGN
                0x20000260                __SEG_SIZE_Task_SWC1_Task_VAR_RGN = ((__SEG_END_Task_SWC1_Task_VAR_RGN - __SEG_START_Task_SWC1_Task_VAR_RGN) < 0x200)?0x200:__SEG_SIZE_Task_SWC1_Task_VAR_RGN
                0x20000260                __SEG_SIZE_Task_SWC1_Task_VAR_RGN = ((__SEG_END_Task_SWC1_Task_VAR_RGN - __SEG_START_Task_SWC1_Task_VAR_RGN) < 0x100)?0x100:__SEG_SIZE_Task_SWC1_Task_VAR_RGN
                0x20000260                __SEG_SIZE_Task_SWC1_Task_VAR_RGN = ((__SEG_END_Task_SWC1_Task_VAR_RGN - __SEG_START_Task_SWC1_Task_VAR_RGN) < 0x80)?0x80:__SEG_SIZE_Task_SWC1_Task_VAR_RGN
                0x20000260                __SEG_SIZE_Task_SWC1_Task_VAR_RGN = ((__SEG_END_Task_SWC1_Task_VAR_RGN - __SEG_START_Task_SWC1_Task_VAR_RGN) < 0x40)?0x40:__SEG_SIZE_Task_SWC1_Task_VAR_RGN
                0x20000260                __SEG_SIZE_Task_SWC1_Task_VAR_RGN = ((__SEG_END_Task_SWC1_Task_VAR_RGN - __SEG_START_Task_SWC1_Task_VAR_RGN) < 0x20)?0x20:__SEG_SIZE_Task_SWC1_Task_VAR_RGN
                0x20000260                __SEG_ALIGN_Task_SWC1_Task_VAR_RGN = __SEG_SIZE_Task_SWC1_Task_VAR_RGN

.Task_SWC2_Task_SEC_STACK
                0x20000240      0x2ec load address 0x08002f04
                0x20000400                . = ALIGN (__SEG_ALIGN_Task_SWC2_Task_STACK_RGN)
 *fill*         0x20000240      0x1c0 
                0x20000400                __SEG_START_Task_SWC2_Task_STACK_RGN = .
 *(.Task_SWC2_TaskStack)
 .Task_SWC2_TaskStack
                0x20000400      0x12c build/blink/tpl_app_config.c.o
                0x20000400                SWC2_Task_stack_zone
                0x2000052c                . = ALIGN (0x4)
                0x2000052c                __SEG_END_Task_SWC2_Task_STACK_RGN = .
                0x20000440                __SEG_SIZE_Task_SWC2_Task_STACK_RGN = ((__SEG_END_Task_SWC2_Task_STACK_RGN - __SEG_START_Task_SWC2_Task_STACK_RGN) < 0x1000)?0x1000:__SEG_SIZE_Task_SWC2_Task_STACK_RGN
                0x20000440                __SEG_SIZE_Task_SWC2_Task_STACK_RGN = ((__SEG_END_Task_SWC2_Task_STACK_RGN - __SEG_START_Task_SWC2_Task_STACK_RGN) < 0x400)?0x400:__SEG_SIZE_Task_SWC2_Task_STACK_RGN
                0x20000440                __SEG_SIZE_Task_SWC2_Task_STACK_RGN = ((__SEG_END_Task_SWC2_Task_STACK_RGN - __SEG_START_Task_SWC2_Task_STACK_RGN) < 0x200)?0x200:__SEG_SIZE_Task_SWC2_Task_STACK_RGN
                [0x20000440]                __SEG_SIZE_Task_SWC2_Task_STACK_RGN = ((__SEG_END_Task_SWC2_Task_STACK_RGN - __SEG_START_Task_SWC2_Task_STACK_RGN) < 0x100)?0x100:__SEG_SIZE_Task_SWC2_Task_STACK_RGN
                [0x20000440]                __SEG_SIZE_Task_SWC2_Task_STACK_RGN = ((__SEG_END_Task_SWC2_Task_STACK_RGN - __SEG_START_Task_SWC2_Task_STACK_RGN) < 0x80)?0x80:__SEG_SIZE_Task_SWC2_Task_STACK_RGN
                [0x20000440]                __SEG_SIZE_Task_SWC2_Task_STACK_RGN = ((__SEG_END_Task_SWC2_Task_STACK_RGN - __SEG_START_Task_SWC2_Task_STACK_RGN) < 0x40)?0x40:__SEG_SIZE_Task_SWC2_Task_STACK_RGN
                [0x20000440]                __SEG_SIZE_Task_SWC2_Task_STACK_RGN = ((__SEG_END_Task_SWC2_Task_STACK_RGN - __SEG_START_Task_SWC2_Task_STACK_RGN) < 0x20)?0x20:__SEG_SIZE_Task_SWC2_Task_STACK_RGN
                0x20000440                __SEG_ALIGN_Task_SWC2_Task_STACK_RGN = __SEG_SIZE_Task_SWC2_Task_STACK_RGN

.Task_SWC1_Task_SEC_STACK
                0x2000052c      0x200 load address 0x080031f0
                0x20000600                . = ALIGN (__SEG_ALIGN_Task_SWC1_Task_STACK_RGN)
 *fill*         0x2000052c       0xd4 
                0x20000600                __SEG_START_Task_SWC1_Task_STACK_RGN = .
 *(.Task_SWC1_TaskStack)
 .Task_SWC1_TaskStack
                0x20000600      0x12c build/blink/tpl_app_config.c.o
                0x20000600                SWC1_Task_stack_zone
                0x2000072c                . = ALIGN (0x4)
                0x2000072c                __SEG_END_Task_SWC1_Task_STACK_RGN = .
                0x2000072c                __SEG_SIZE_Task_SWC1_Task_STACK_RGN = ((__SEG_END_Task_SWC1_Task_STACK_RGN - __SEG_START_Task_SWC1_Task_STACK_RGN) < 0x1000)?0x1000:__SEG_SIZE_Task_SWC1_Task_STACK_RGN
                0x2000072c                __SEG_SIZE_Task_SWC1_Task_STACK_RGN = ((__SEG_END_Task_SWC1_Task_STACK_RGN - __SEG_START_Task_SWC1_Task_STACK_RGN) < 0x400)?0x400:__SEG_SIZE_Task_SWC1_Task_STACK_RGN
                0x2000072c                __SEG_SIZE_Task_SWC1_Task_STACK_RGN = ((__SEG_END_Task_SWC1_Task_STACK_RGN - __SEG_START_Task_SWC1_Task_STACK_RGN) < 0x200)?0x200:__SEG_SIZE_Task_SWC1_Task_STACK_RGN
                [0x2000072c]                __SEG_SIZE_Task_SWC1_Task_STACK_RGN = ((__SEG_END_Task_SWC1_Task_STACK_RGN - __SEG_START_Task_SWC1_Task_STACK_RGN) < 0x100)?0x100:__SEG_SIZE_Task_SWC1_Task_STACK_RGN
                [0x2000072c]                __SEG_SIZE_Task_SWC1_Task_STACK_RGN = ((__SEG_END_Task_SWC1_Task_STACK_RGN - __SEG_START_Task_SWC1_Task_STACK_RGN) < 0x80)?0x80:__SEG_SIZE_Task_SWC1_Task_STACK_RGN
                [0x2000072c]                __SEG_SIZE_Task_SWC1_Task_STACK_RGN = ((__SEG_END_Task_SWC1_Task_STACK_RGN - __SEG_START_Task_SWC1_Task_STACK_RGN) < 0x40)?0x40:__SEG_SIZE_Task_SWC1_Task_STACK_RGN
                [0x2000072c]                __SEG_SIZE_Task_SWC1_Task_STACK_RGN = ((__SEG_END_Task_SWC1_Task_STACK_RGN - __SEG_START_Task_SWC1_Task_STACK_RGN) < 0x20)?0x20:__SEG_SIZE_Task_SWC1_Task_STACK_RGN
                0x2000072c                __SEG_ALIGN_Task_SWC1_Task_STACK_RGN = __SEG_SIZE_Task_SWC1_Task_STACK_RGN

appvars
                0x2000072c                . = ALIGN (0x4)

.bss            0x2000072c        0x0
                0x2000072c                _sbss = .
                0x2000072c                __bss_start__ = _sbss
 *(.bss)
 *(.bss*)
 *(COMMON)
                0x2000072c                . = ALIGN (0x4)
                0x2000072c                _ebss = .
                0x2000072c                __bss_end__ = _ebss

._user_heap_stack
                0x2000072c      0x400 load address 0x080033f0
                0x2000072c                . = ALIGN (0x4)
                0x2000072c                __heap_start__ = .
                [!provide]                PROVIDE (end = .)
                [!provide]                PROVIDE (_end = .)
                0x2000072c                . = (. + _Min_Heap_Size)
                0x20000b2c                . = (. + _Min_Stack_Size)
 *fill*         0x2000072c      0x400 
                0x20000b2c                . = ALIGN (0x4)

.memory_b1_text
 *(.mb1text)
 *(.mb1text*)
 *(.mb1rodata)
 *(.mb1rodata*)

/DISCARD/
 libc.a(*)
 libm.a(*)
 libgcc.a(*)

.ARM.attributes
                0x00000000       0x30
 *(.ARM.attributes)
 .ARM.attributes
                0x00000000       0x2e build/os/tpl_os_kernel.c.o
 .ARM.attributes
                0x0000002e       0x2e build/os/tpl_os_timeobj_kernel.c.o
 .ARM.attributes
                0x0000005c       0x2e build/os/tpl_os_os_kernel.c.o
 .ARM.attributes
                0x0000008a       0x2e build/os/tpl_os_os.c.o
 .ARM.attributes
                0x000000b8       0x2e build/os/tpl_os_interrupt_kernel.c.o
 .ARM.attributes
                0x000000e6       0x2e build/os/tpl_os_task_kernel.c.o
 .ARM.attributes
                0x00000114       0x2e build/os/tpl_os_resource_kernel.c.o
 .ARM.attributes
                0x00000142       0x2e build/blink.c.o
 .ARM.attributes
                0x00000170       0x2e build/blink/tpl_app_config.c.o
 .ARM.attributes
                0x0000019e       0x37 build/blink/tpl_dispatch_table.c.o
 .ARM.attributes
                0x000001d5       0x20 build/blink/tpl_invoque.S.o
 .ARM.attributes
                0x000001f5       0x20 build/blink/tpl_primary_irq.S.o
 .ARM.attributes
                0x00000215       0x37 build/blink/tpl_vectors.c.o
 .ARM.attributes
                0x0000024c       0x2e build/blink/tpl_external_interrupts.c.o
 .ARM.attributes
                0x0000027a       0x2e build/blink/tpl_app_interrupts.c.o
 .ARM.attributes
                0x000002a8       0x2e build/machines/cortex/tpl_machine_cortex.c.o
 .ARM.attributes
                0x000002d6       0x20 build/machines/cortex/tpl_sc_handler.S.o
 .ARM.attributes
                0x000002f6       0x20 build/machines/cortex/tpl_startup.S.o
 .ARM.attributes
                0x00000316       0x20 build/machines/cortex/armv7em/tpl_ctx_switch.S.o
 .ARM.attributes
                0x00000336       0x20 build/machines/cortex/armv7em/tpl_ctx_switch_under_it.S.o
 .ARM.attributes
                0x00000356       0x20 build/machines/cortex/armv7em/tpl_interrupts.S.o
 .ARM.attributes
                0x00000376       0x2e build/machines/cortex/armv7em/stm32f407/tpl_machine_stm32f407.c.o
 .ARM.attributes
                0x000003a4       0x2e build/machines/cortex/armv7em/stm32f407/startup_stm32f4xx.c.o
 .ARM.attributes
                0x000003d2       0x2e build/machines/cortex/armv7em/stm32f407/system_stm32f4xx.c.o
 .ARM.attributes
                0x00000400       0x2e build/machines/cortex/armv7em/stm32f407/handlers_stm32f4xx.c.o
 .ARM.attributes
                0x0000042e       0x2e build/machines/cortex/armv7em/stm32f407/STM32F4xx_StdPeriph_Driver/stm32f4xx_gpio.c.o
 .ARM.attributes
                0x0000045c       0x2e build/machines/cortex/armv7em/stm32f407/STM32F4xx_StdPeriph_Driver/stm32f4xx_rcc.c.o
 .ARM.attributes
                0x0000048a       0x2e build/machines/cortex/armv7em/stm32f407/STM32F4xx_StdPeriph_Driver/stm32f4xx_exti.c.o
 .ARM.attributes
                0x000004b8       0x2e build/machines/cortex/armv7em/stm32f407/STM32F4xx_StdPeriph_Driver/stm32f4xx_syscfg.c.o
 .ARM.attributes
                0x000004e6       0x2e build/machines/cortex/armv7em/stm32f407/STM32F4xx_StdPeriph_Driver/misc.c.o
 .ARM.attributes
                0x00000514       0x2e build/machines/cortex/armv7em/stm32f407/stm32f4discovery/stm32f4_discovery.c.o
 .ARM.attributes
                0x00000542       0x2e build/machines/cortex/armv7em/stm32f407/stm32f4discovery/tp.c.o
LOAD c:/program files (x86)/gnu arm embedded toolchain/10 2020-q4-major/bin/../lib/gcc/arm-none-eabi/10.2.1/../../../../arm-none-eabi/lib/thumb/v7e-m/nofp\libc.a
LOAD c:/program files (x86)/gnu arm embedded toolchain/10 2020-q4-major/bin/../lib/gcc/arm-none-eabi/10.2.1/thumb/v7e-m/nofp\libgcc.a
OUTPUT(blink_exe elf32-littlearm)
LOAD linker stubs
LOAD c:/program files (x86)/gnu arm embedded toolchain/10 2020-q4-major/bin/../lib/gcc/arm-none-eabi/10.2.1/../../../../arm-none-eabi/lib/thumb/v7e-m/nofp\libc.a
LOAD c:/program files (x86)/gnu arm embedded toolchain/10 2020-q4-major/bin/../lib/gcc/arm-none-eabi/10.2.1/../../../../arm-none-eabi/lib/thumb/v7e-m/nofp\libm.a
LOAD c:/program files (x86)/gnu arm embedded toolchain/10 2020-q4-major/bin/../lib/gcc/arm-none-eabi/10.2.1/thumb/v7e-m/nofp\libgcc.a

.debug_info     0x00000000     0x7eac
 .debug_info    0x00000000      0xb36 build/os/tpl_os_kernel.c.o
 .debug_info    0x00000b36      0x3d9 build/os/tpl_os_timeobj_kernel.c.o
 .debug_info    0x00000f0f      0x17a build/os/tpl_os_os_kernel.c.o
 .debug_info    0x00001089       0xb7 build/os/tpl_os_os.c.o
 .debug_info    0x00001140      0x52c build/os/tpl_os_interrupt_kernel.c.o
 .debug_info    0x0000166c      0x580 build/os/tpl_os_task_kernel.c.o
 .debug_info    0x00001bec      0x5b0 build/os/tpl_os_resource_kernel.c.o
 .debug_info    0x0000219c      0x257 build/blink.c.o
 .debug_info    0x000023f3      0x9c1 build/blink/tpl_app_config.c.o
 .debug_info    0x00002db4       0xab build/blink/tpl_dispatch_table.c.o
 .debug_info    0x00002e5f       0x26 build/blink/tpl_invoque.S.o
 .debug_info    0x00002e85       0x26 build/blink/tpl_primary_irq.S.o
 .debug_info    0x00002eab       0xc0 build/blink/tpl_vectors.c.o
 .debug_info    0x00002f6b      0x29e build/blink/tpl_external_interrupts.c.o
 .debug_info    0x00003209       0xa2 build/blink/tpl_app_interrupts.c.o
 .debug_info    0x000032ab      0xa23 build/machines/cortex/tpl_machine_cortex.c.o
 .debug_info    0x00003cce       0x26 build/machines/cortex/tpl_sc_handler.S.o
 .debug_info    0x00003cf4       0x26 build/machines/cortex/tpl_startup.S.o
 .debug_info    0x00003d1a       0x26 build/machines/cortex/armv7em/tpl_ctx_switch.S.o
 .debug_info    0x00003d40       0x26 build/machines/cortex/armv7em/tpl_ctx_switch_under_it.S.o
 .debug_info    0x00003d66       0x26 build/machines/cortex/armv7em/tpl_interrupts.S.o
 .debug_info    0x00003d8c      0x6b6 build/machines/cortex/armv7em/stm32f407/tpl_machine_stm32f407.c.o
 .debug_info    0x00004442      0x299 build/machines/cortex/armv7em/stm32f407/startup_stm32f4xx.c.o
 .debug_info    0x000046db      0x63e build/machines/cortex/armv7em/stm32f407/system_stm32f4xx.c.o
 .debug_info    0x00004d19      0x5b0 build/machines/cortex/armv7em/stm32f407/handlers_stm32f4xx.c.o
 .debug_info    0x000052c9      0x649 build/machines/cortex/armv7em/stm32f407/STM32F4xx_StdPeriph_Driver/stm32f4xx_gpio.c.o
 .debug_info    0x00005912      0xf02 build/machines/cortex/armv7em/stm32f407/STM32F4xx_StdPeriph_Driver/stm32f4xx_rcc.c.o
 .debug_info    0x00006814      0x37d build/machines/cortex/armv7em/stm32f407/STM32F4xx_StdPeriph_Driver/stm32f4xx_exti.c.o
 .debug_info    0x00006b91      0x28e build/machines/cortex/armv7em/stm32f407/STM32F4xx_StdPeriph_Driver/stm32f4xx_syscfg.c.o
 .debug_info    0x00006e1f      0x55c build/machines/cortex/armv7em/stm32f407/STM32F4xx_StdPeriph_Driver/misc.c.o
 .debug_info    0x0000737b      0x8d6 build/machines/cortex/armv7em/stm32f407/stm32f4discovery/stm32f4_discovery.c.o
 .debug_info    0x00007c51      0x25b build/machines/cortex/armv7em/stm32f407/stm32f4discovery/tp.c.o

.debug_abbrev   0x00000000     0x21e9
 .debug_abbrev  0x00000000      0x27a build/os/tpl_os_kernel.c.o
 .debug_abbrev  0x0000027a      0x136 build/os/tpl_os_timeobj_kernel.c.o
 .debug_abbrev  0x000003b0       0x9a build/os/tpl_os_os_kernel.c.o
 .debug_abbrev  0x0000044a       0x6b build/os/tpl_os_os.c.o
 .debug_abbrev  0x000004b5      0x199 build/os/tpl_os_interrupt_kernel.c.o
 .debug_abbrev  0x0000064e      0x18f build/os/tpl_os_task_kernel.c.o
 .debug_abbrev  0x000007dd      0x176 build/os/tpl_os_resource_kernel.c.o
 .debug_abbrev  0x00000953      0x119 build/blink.c.o
 .debug_abbrev  0x00000a6c      0x1b1 build/blink/tpl_app_config.c.o
 .debug_abbrev  0x00000c1d       0x80 build/blink/tpl_dispatch_table.c.o
 .debug_abbrev  0x00000c9d       0x14 build/blink/tpl_invoque.S.o
 .debug_abbrev  0x00000cb1       0x14 build/blink/tpl_primary_irq.S.o
 .debug_abbrev  0x00000cc5       0x92 build/blink/tpl_vectors.c.o
 .debug_abbrev  0x00000d57       0xaa build/blink/tpl_external_interrupts.c.o
 .debug_abbrev  0x00000e01       0x44 build/blink/tpl_app_interrupts.c.o
 .debug_abbrev  0x00000e45      0x2e5 build/machines/cortex/tpl_machine_cortex.c.o
 .debug_abbrev  0x0000112a       0x14 build/machines/cortex/tpl_sc_handler.S.o
 .debug_abbrev  0x0000113e       0x14 build/machines/cortex/tpl_startup.S.o
 .debug_abbrev  0x00001152       0x14 build/machines/cortex/armv7em/tpl_ctx_switch.S.o
 .debug_abbrev  0x00001166       0x14 build/machines/cortex/armv7em/tpl_ctx_switch_under_it.S.o
 .debug_abbrev  0x0000117a       0x14 build/machines/cortex/armv7em/tpl_interrupts.S.o
 .debug_abbrev  0x0000118e      0x17b build/machines/cortex/armv7em/stm32f407/tpl_machine_stm32f407.c.o
 .debug_abbrev  0x00001309      0x145 build/machines/cortex/armv7em/stm32f407/startup_stm32f4xx.c.o
 .debug_abbrev  0x0000144e      0x165 build/machines/cortex/armv7em/stm32f407/system_stm32f4xx.c.o
 .debug_abbrev  0x000015b3      0x11f build/machines/cortex/armv7em/stm32f407/handlers_stm32f4xx.c.o
 .debug_abbrev  0x000016d2      0x1dc build/machines/cortex/armv7em/stm32f407/STM32F4xx_StdPeriph_Driver/stm32f4xx_gpio.c.o
 .debug_abbrev  0x000018ae      0x1d1 build/machines/cortex/armv7em/stm32f407/STM32F4xx_StdPeriph_Driver/stm32f4xx_rcc.c.o
 .debug_abbrev  0x00001a7f      0x1e0 build/machines/cortex/armv7em/stm32f407/STM32F4xx_StdPeriph_Driver/stm32f4xx_exti.c.o
 .debug_abbrev  0x00001c5f      0x13e build/machines/cortex/armv7em/stm32f407/STM32F4xx_StdPeriph_Driver/stm32f4xx_syscfg.c.o
 .debug_abbrev  0x00001d9d      0x170 build/machines/cortex/armv7em/stm32f407/STM32F4xx_StdPeriph_Driver/misc.c.o
 .debug_abbrev  0x00001f0d      0x1c5 build/machines/cortex/armv7em/stm32f407/stm32f4discovery/stm32f4_discovery.c.o
 .debug_abbrev  0x000020d2      0x117 build/machines/cortex/armv7em/stm32f407/stm32f4discovery/tp.c.o

.debug_aranges  0x00000000      0x938
 .debug_aranges
                0x00000000       0xd8 build/os/tpl_os_kernel.c.o
 .debug_aranges
                0x000000d8       0x40 build/os/tpl_os_timeobj_kernel.c.o
 .debug_aranges
                0x00000118       0x38 build/os/tpl_os_os_kernel.c.o
 .debug_aranges
                0x00000150       0x20 build/os/tpl_os_os.c.o
 .debug_aranges
                0x00000170       0x68 build/os/tpl_os_interrupt_kernel.c.o
 .debug_aranges
                0x000001d8       0x48 build/os/tpl_os_task_kernel.c.o
 .debug_aranges
                0x00000220       0x30 build/os/tpl_os_resource_kernel.c.o
 .debug_aranges
                0x00000250       0x50 build/blink.c.o
 .debug_aranges
                0x000002a0       0x28 build/blink/tpl_app_config.c.o
 .debug_aranges
                0x000002c8       0x18 build/blink/tpl_dispatch_table.c.o
 .debug_aranges
                0x000002e0       0x20 build/blink/tpl_invoque.S.o
 .debug_aranges
                0x00000300       0x20 build/blink/tpl_primary_irq.S.o
 .debug_aranges
                0x00000320       0x18 build/blink/tpl_vectors.c.o
 .debug_aranges
                0x00000338       0x20 build/blink/tpl_external_interrupts.c.o
 .debug_aranges
                0x00000358       0x30 build/blink/tpl_app_interrupts.c.o
 .debug_aranges
                0x00000388       0x58 build/machines/cortex/tpl_machine_cortex.c.o
 .debug_aranges
                0x000003e0       0x20 build/machines/cortex/tpl_sc_handler.S.o
 .debug_aranges
                0x00000400       0x20 build/machines/cortex/tpl_startup.S.o
 .debug_aranges
                0x00000420       0x20 build/machines/cortex/armv7em/tpl_ctx_switch.S.o
 .debug_aranges
                0x00000440       0x20 build/machines/cortex/armv7em/tpl_ctx_switch_under_it.S.o
 .debug_aranges
                0x00000460       0x20 build/machines/cortex/armv7em/tpl_interrupts.S.o
 .debug_aranges
                0x00000480       0x30 build/machines/cortex/armv7em/stm32f407/tpl_machine_stm32f407.c.o
 .debug_aranges
                0x000004b0       0x38 build/machines/cortex/armv7em/stm32f407/startup_stm32f4xx.c.o
 .debug_aranges
                0x000004e8       0x30 build/machines/cortex/armv7em/stm32f407/system_stm32f4xx.c.o
 .debug_aranges
                0x00000518       0x60 build/machines/cortex/armv7em/stm32f407/handlers_stm32f4xx.c.o
 .debug_aranges
                0x00000578       0x88 build/machines/cortex/armv7em/stm32f407/STM32F4xx_StdPeriph_Driver/stm32f4xx_gpio.c.o
 .debug_aranges
                0x00000600      0x1c0 build/machines/cortex/armv7em/stm32f407/STM32F4xx_StdPeriph_Driver/stm32f4xx_rcc.c.o
 .debug_aranges
                0x000007c0       0x58 build/machines/cortex/armv7em/stm32f407/STM32F4xx_StdPeriph_Driver/stm32f4xx_exti.c.o
 .debug_aranges
                0x00000818       0x50 build/machines/cortex/armv7em/stm32f407/STM32F4xx_StdPeriph_Driver/stm32f4xx_syscfg.c.o
 .debug_aranges
                0x00000868       0x40 build/machines/cortex/armv7em/stm32f407/STM32F4xx_StdPeriph_Driver/misc.c.o
 .debug_aranges
                0x000008a8       0x48 build/machines/cortex/armv7em/stm32f407/stm32f4discovery/stm32f4_discovery.c.o
 .debug_aranges
                0x000008f0       0x48 build/machines/cortex/armv7em/stm32f407/stm32f4discovery/tp.c.o

.debug_ranges   0x00000000      0x6d0
 .debug_ranges  0x00000000       0xe0 build/os/tpl_os_kernel.c.o
 .debug_ranges  0x000000e0       0x30 build/os/tpl_os_timeobj_kernel.c.o
 .debug_ranges  0x00000110       0x28 build/os/tpl_os_os_kernel.c.o
 .debug_ranges  0x00000138       0x10 build/os/tpl_os_os.c.o
 .debug_ranges  0x00000148       0x58 build/os/tpl_os_interrupt_kernel.c.o
 .debug_ranges  0x000001a0       0x38 build/os/tpl_os_task_kernel.c.o
 .debug_ranges  0x000001d8       0x20 build/os/tpl_os_resource_kernel.c.o
 .debug_ranges  0x000001f8       0x40 build/blink.c.o
 .debug_ranges  0x00000238       0x18 build/blink/tpl_app_config.c.o
 .debug_ranges  0x00000250       0x10 build/blink/tpl_external_interrupts.c.o
 .debug_ranges  0x00000260       0x20 build/blink/tpl_app_interrupts.c.o
 .debug_ranges  0x00000280       0x48 build/machines/cortex/tpl_machine_cortex.c.o
 .debug_ranges  0x000002c8       0x20 build/machines/cortex/armv7em/stm32f407/tpl_machine_stm32f407.c.o
 .debug_ranges  0x000002e8       0x28 build/machines/cortex/armv7em/stm32f407/startup_stm32f4xx.c.o
 .debug_ranges  0x00000310       0x20 build/machines/cortex/armv7em/stm32f407/system_stm32f4xx.c.o
 .debug_ranges  0x00000330       0x50 build/machines/cortex/armv7em/stm32f407/handlers_stm32f4xx.c.o
 .debug_ranges  0x00000380       0x78 build/machines/cortex/armv7em/stm32f407/STM32F4xx_StdPeriph_Driver/stm32f4xx_gpio.c.o
 .debug_ranges  0x000003f8      0x1b0 build/machines/cortex/armv7em/stm32f407/STM32F4xx_StdPeriph_Driver/stm32f4xx_rcc.c.o
 .debug_ranges  0x000005a8       0x48 build/machines/cortex/armv7em/stm32f407/STM32F4xx_StdPeriph_Driver/stm32f4xx_exti.c.o
 .debug_ranges  0x000005f0       0x40 build/machines/cortex/armv7em/stm32f407/STM32F4xx_StdPeriph_Driver/stm32f4xx_syscfg.c.o
 .debug_ranges  0x00000630       0x30 build/machines/cortex/armv7em/stm32f407/STM32F4xx_StdPeriph_Driver/misc.c.o
 .debug_ranges  0x00000660       0x38 build/machines/cortex/armv7em/stm32f407/stm32f4discovery/stm32f4_discovery.c.o
 .debug_ranges  0x00000698       0x38 build/machines/cortex/armv7em/stm32f407/stm32f4discovery/tp.c.o

.debug_line     0x00000000     0x58ab
 .debug_line    0x00000000      0x598 build/os/tpl_os_kernel.c.o
 .debug_line    0x00000598      0x2ef build/os/tpl_os_timeobj_kernel.c.o
 .debug_line    0x00000887       0xfd build/os/tpl_os_os_kernel.c.o
 .debug_line    0x00000984       0xc5 build/os/tpl_os_os.c.o
 .debug_line    0x00000a49      0x1fc build/os/tpl_os_interrupt_kernel.c.o
 .debug_line    0x00000c45      0x29c build/os/tpl_os_task_kernel.c.o
 .debug_line    0x00000ee1      0x24e build/os/tpl_os_resource_kernel.c.o
 .debug_line    0x0000112f      0x2f4 build/blink.c.o
 .debug_line    0x00001423      0x198 build/blink/tpl_app_config.c.o
 .debug_line    0x000015bb       0x68 build/blink/tpl_dispatch_table.c.o
 .debug_line    0x00001623      0x121 build/blink/tpl_invoque.S.o
 .debug_line    0x00001744       0x5c build/blink/tpl_primary_irq.S.o
 .debug_line    0x000017a0       0x99 build/blink/tpl_vectors.c.o
 .debug_line    0x00001839      0x1a3 build/blink/tpl_external_interrupts.c.o
 .debug_line    0x000019dc       0x51 build/blink/tpl_app_interrupts.c.o
 .debug_line    0x00001a2d      0x414 build/machines/cortex/tpl_machine_cortex.c.o
 .debug_line    0x00001e41       0x98 build/machines/cortex/tpl_sc_handler.S.o
 .debug_line    0x00001ed9       0x66 build/machines/cortex/tpl_startup.S.o
 .debug_line    0x00001f3f       0x88 build/machines/cortex/armv7em/tpl_ctx_switch.S.o
 .debug_line    0x00001fc7       0x8d build/machines/cortex/armv7em/tpl_ctx_switch_under_it.S.o
 .debug_line    0x00002054       0x7f build/machines/cortex/armv7em/tpl_interrupts.S.o
 .debug_line    0x000020d3      0x2d4 build/machines/cortex/armv7em/stm32f407/tpl_machine_stm32f407.c.o
 .debug_line    0x000023a7      0x1df build/machines/cortex/armv7em/stm32f407/startup_stm32f4xx.c.o
 .debug_line    0x00002586      0x383 build/machines/cortex/armv7em/stm32f407/system_stm32f4xx.c.o
 .debug_line    0x00002909      0x347 build/machines/cortex/armv7em/stm32f407/handlers_stm32f4xx.c.o
 .debug_line    0x00002c50      0xa83 build/machines/cortex/armv7em/stm32f407/STM32F4xx_StdPeriph_Driver/stm32f4xx_gpio.c.o
 .debug_line    0x000036d3     0x1024 build/machines/cortex/armv7em/stm32f407/STM32F4xx_StdPeriph_Driver/stm32f4xx_rcc.c.o
 .debug_line    0x000046f7      0x4cd build/machines/cortex/armv7em/stm32f407/STM32F4xx_StdPeriph_Driver/stm32f4xx_exti.c.o
 .debug_line    0x00004bc4      0x383 build/machines/cortex/armv7em/stm32f407/STM32F4xx_StdPeriph_Driver/stm32f4xx_syscfg.c.o
 .debug_line    0x00004f47      0x397 build/machines/cortex/armv7em/stm32f407/STM32F4xx_StdPeriph_Driver/misc.c.o
 .debug_line    0x000052de      0x34f build/machines/cortex/armv7em/stm32f407/stm32f4discovery/stm32f4_discovery.c.o
 .debug_line    0x0000562d      0x27e build/machines/cortex/armv7em/stm32f407/stm32f4discovery/tp.c.o

.debug_str      0x00000000     0x313b
 .debug_str     0x00000000      0x746 build/os/tpl_os_kernel.c.o
                                0x82c (size before relaxing)
 .debug_str     0x00000746      0x1e1 build/os/tpl_os_timeobj_kernel.c.o
                                0x3f7 (size before relaxing)
 .debug_str     0x00000927       0x98 build/os/tpl_os_os_kernel.c.o
                                0x2c9 (size before relaxing)
 .debug_str     0x000009bf       0x35 build/os/tpl_os_os.c.o
                                0x22b (size before relaxing)
 .debug_str     0x000009f4      0x1d0 build/os/tpl_os_interrupt_kernel.c.o
                                0x640 (size before relaxing)
 .debug_str     0x00000bc4       0xbe build/os/tpl_os_task_kernel.c.o
                                0x56e (size before relaxing)
 .debug_str     0x00000c82       0xc6 build/os/tpl_os_resource_kernel.c.o
                                0x59c (size before relaxing)
 .debug_str     0x00000d48       0xe8 build/blink.c.o
                                0x32e (size before relaxing)
 .debug_str     0x00000e30      0x1f6 build/blink/tpl_app_config.c.o
                                0x87c (size before relaxing)
 .debug_str     0x00001026       0x3e build/blink/tpl_dispatch_table.c.o
                                0x214 (size before relaxing)
 .debug_str     0x00001064       0x22 build/blink/tpl_invoque.S.o
                                 0xbf (size before relaxing)
 .debug_str     0x00001086       0x18 build/blink/tpl_primary_irq.S.o
                                 0xc3 (size before relaxing)
 .debug_str     0x0000109e       0x3a build/blink/tpl_vectors.c.o
                                0x210 (size before relaxing)
 .debug_str     0x000010d8      0x159 build/blink/tpl_external_interrupts.c.o
                                0x348 (size before relaxing)
 .debug_str     0x00001231       0x63 build/blink/tpl_app_interrupts.c.o
                                0x239 (size before relaxing)
 .debug_str     0x00001294      0x6a9 build/machines/cortex/tpl_machine_cortex.c.o
                                0xaff (size before relaxing)
 .debug_str     0x0000193d       0x33 build/machines/cortex/tpl_sc_handler.S.o
                                 0xde (size before relaxing)
 .debug_str     0x00001970       0x30 build/machines/cortex/tpl_startup.S.o
                                 0xdb (size before relaxing)
 .debug_str     0x000019a0       0x3b build/machines/cortex/armv7em/tpl_ctx_switch.S.o
                                 0xe6 (size before relaxing)
 .debug_str     0x000019db       0x44 build/machines/cortex/armv7em/tpl_ctx_switch_under_it.S.o
                                 0xef (size before relaxing)
 .debug_str     0x00001a1f       0x3b build/machines/cortex/armv7em/tpl_interrupts.S.o
                                 0xe6 (size before relaxing)
 .debug_str     0x00001a5a       0xab build/machines/cortex/armv7em/stm32f407/tpl_machine_stm32f407.c.o
                                0x88b (size before relaxing)
 .debug_str     0x00001b05      0x17c build/machines/cortex/armv7em/stm32f407/startup_stm32f4xx.c.o
                                0x369 (size before relaxing)
 .debug_str     0x00001c81       0xe2 build/machines/cortex/armv7em/stm32f407/system_stm32f4xx.c.o
                                0x485 (size before relaxing)
 .debug_str     0x00001d63      0x1ce build/machines/cortex/armv7em/stm32f407/handlers_stm32f4xx.c.o
                                0x485 (size before relaxing)
 .debug_str     0x00001f31      0x349 build/machines/cortex/armv7em/stm32f407/STM32F4xx_StdPeriph_Driver/stm32f4xx_gpio.c.o
                                0x564 (size before relaxing)
 .debug_str     0x0000227a      0x6ec build/machines/cortex/armv7em/stm32f407/STM32F4xx_StdPeriph_Driver/stm32f4xx_rcc.c.o
                                0xa86 (size before relaxing)
 .debug_str     0x00002966      0x1e3 build/machines/cortex/armv7em/stm32f407/STM32F4xx_StdPeriph_Driver/stm32f4xx_exti.c.o
                                0x436 (size before relaxing)
 .debug_str     0x00002b49      0x193 build/machines/cortex/armv7em/stm32f407/STM32F4xx_StdPeriph_Driver/stm32f4xx_syscfg.c.o
                                0x3d2 (size before relaxing)
 .debug_str     0x00002cdc      0x19a build/machines/cortex/armv7em/stm32f407/STM32F4xx_StdPeriph_Driver/misc.c.o
                                0x492 (size before relaxing)
 .debug_str     0x00002e76      0x1e1 build/machines/cortex/armv7em/stm32f407/stm32f4discovery/stm32f4_discovery.c.o
                                0xbed (size before relaxing)
 .debug_str     0x00003057       0xe4 build/machines/cortex/armv7em/stm32f407/stm32f4discovery/tp.c.o
                                0x34c (size before relaxing)

.comment        0x00000000       0x4d
 .comment       0x00000000       0x4d build/os/tpl_os_kernel.c.o
                                 0x4e (size before relaxing)
 .comment       0x0000004d       0x4e build/os/tpl_os_timeobj_kernel.c.o
 .comment       0x0000004d       0x4e build/os/tpl_os_os_kernel.c.o
 .comment       0x0000004d       0x4e build/os/tpl_os_os.c.o
 .comment       0x0000004d       0x4e build/os/tpl_os_interrupt_kernel.c.o
 .comment       0x0000004d       0x4e build/os/tpl_os_task_kernel.c.o
 .comment       0x0000004d       0x4e build/os/tpl_os_resource_kernel.c.o
 .comment       0x0000004d       0x4e build/blink.c.o
 .comment       0x0000004d       0x4e build/blink/tpl_app_config.c.o
 .comment       0x0000004d       0x4e build/blink/tpl_dispatch_table.c.o
 .comment       0x0000004d       0x4e build/blink/tpl_vectors.c.o
 .comment       0x0000004d       0x4e build/blink/tpl_external_interrupts.c.o
 .comment       0x0000004d       0x4e build/blink/tpl_app_interrupts.c.o
 .comment       0x0000004d       0x4e build/machines/cortex/tpl_machine_cortex.c.o
 .comment       0x0000004d       0x4e build/machines/cortex/armv7em/stm32f407/tpl_machine_stm32f407.c.o
 .comment       0x0000004d       0x4e build/machines/cortex/armv7em/stm32f407/startup_stm32f4xx.c.o
 .comment       0x0000004d       0x4e build/machines/cortex/armv7em/stm32f407/system_stm32f4xx.c.o
 .comment       0x0000004d       0x4e build/machines/cortex/armv7em/stm32f407/handlers_stm32f4xx.c.o
 .comment       0x0000004d       0x4e build/machines/cortex/armv7em/stm32f407/STM32F4xx_StdPeriph_Driver/stm32f4xx_gpio.c.o
 .comment       0x0000004d       0x4e build/machines/cortex/armv7em/stm32f407/STM32F4xx_StdPeriph_Driver/stm32f4xx_rcc.c.o
 .comment       0x0000004d       0x4e build/machines/cortex/armv7em/stm32f407/STM32F4xx_StdPeriph_Driver/stm32f4xx_exti.c.o
 .comment       0x0000004d       0x4e build/machines/cortex/armv7em/stm32f407/STM32F4xx_StdPeriph_Driver/stm32f4xx_syscfg.c.o
 .comment       0x0000004d       0x4e build/machines/cortex/armv7em/stm32f407/STM32F4xx_StdPeriph_Driver/misc.c.o
 .comment       0x0000004d       0x4e build/machines/cortex/armv7em/stm32f407/stm32f4discovery/stm32f4_discovery.c.o
 .comment       0x0000004d       0x4e build/machines/cortex/armv7em/stm32f407/stm32f4discovery/tp.c.o

.debug_frame    0x00000000     0x1ba4
 .debug_frame   0x00000000      0x360 build/os/tpl_os_kernel.c.o
 .debug_frame   0x00000360       0xcc build/os/tpl_os_timeobj_kernel.c.o
 .debug_frame   0x0000042c       0xa0 build/os/tpl_os_os_kernel.c.o
 .debug_frame   0x000004cc       0x34 build/os/tpl_os_os.c.o
 .debug_frame   0x00000500      0x14c build/os/tpl_os_interrupt_kernel.c.o
 .debug_frame   0x0000064c       0xe8 build/os/tpl_os_task_kernel.c.o
 .debug_frame   0x00000734       0x80 build/os/tpl_os_resource_kernel.c.o
 .debug_frame   0x000007b4      0x100 build/blink.c.o
 .debug_frame   0x000008b4       0x48 build/blink/tpl_app_config.c.o
 .debug_frame   0x000008fc       0x30 build/blink/tpl_external_interrupts.c.o
 .debug_frame   0x0000092c       0x70 build/blink/tpl_app_interrupts.c.o
 .debug_frame   0x0000099c      0x118 build/machines/cortex/tpl_machine_cortex.c.o
 .debug_frame   0x00000ab4       0x78 build/machines/cortex/armv7em/stm32f407/tpl_machine_stm32f407.c.o
 .debug_frame   0x00000b2c       0xa0 build/machines/cortex/armv7em/stm32f407/startup_stm32f4xx.c.o
 .debug_frame   0x00000bcc       0x7c build/machines/cortex/armv7em/stm32f407/system_stm32f4xx.c.o
 .debug_frame   0x00000c48       0xf8 build/machines/cortex/armv7em/stm32f407/handlers_stm32f4xx.c.o
 .debug_frame   0x00000d40      0x214 build/machines/cortex/armv7em/stm32f407/STM32F4xx_StdPeriph_Driver/stm32f4xx_gpio.c.o
 .debug_frame   0x00000f54      0x77c build/machines/cortex/armv7em/stm32f407/STM32F4xx_StdPeriph_Driver/stm32f4xx_rcc.c.o
 .debug_frame   0x000016d0      0x130 build/machines/cortex/armv7em/stm32f407/STM32F4xx_StdPeriph_Driver/stm32f4xx_exti.c.o
 .debug_frame   0x00001800      0x108 build/machines/cortex/armv7em/stm32f407/STM32F4xx_StdPeriph_Driver/stm32f4xx_syscfg.c.o
 .debug_frame   0x00001908       0xc4 build/machines/cortex/armv7em/stm32f407/STM32F4xx_StdPeriph_Driver/misc.c.o
 .debug_frame   0x000019cc       0xf4 build/machines/cortex/armv7em/stm32f407/stm32f4discovery/stm32f4_discovery.c.o
 .debug_frame   0x00001ac0       0xe4 build/machines/cortex/armv7em/stm32f407/stm32f4discovery/tp.c.o
