
Discarded input sections

 .text          0x00000000        0x0 build/os/tpl_os_kernel.c.o
 .data          0x00000000        0x0 build/os/tpl_os_kernel.c.o
 .bss           0x00000000        0x0 build/os/tpl_os_kernel.c.o
 .text          0x00000000        0x0 build/os/tpl_os_timeobj_kernel.c.o
 .data          0x00000000        0x0 build/os/tpl_os_timeobj_kernel.c.o
 .bss           0x00000000        0x0 build/os/tpl_os_timeobj_kernel.c.o
 .text          0x00000000        0x0 build/os/tpl_os_action.c.o
 .data          0x00000000        0x0 build/os/tpl_os_action.c.o
 .bss           0x00000000        0x0 build/os/tpl_os_action.c.o
 .text          0x00000000        0x0 build/os/tpl_os_error.c.o
 .data          0x00000000        0x0 build/os/tpl_os_error.c.o
 .bss           0x00000000        0x0 build/os/tpl_os_error.c.o
 .debug_info    0x00000000       0x64 build/os/tpl_os_error.c.o
 .debug_abbrev  0x00000000       0x26 build/os/tpl_os_error.c.o
 .debug_aranges
                0x00000000       0x18 build/os/tpl_os_error.c.o
 .debug_line    0x00000000       0x1d build/os/tpl_os_error.c.o
 .debug_str     0x00000000      0x1ed build/os/tpl_os_error.c.o
 .comment       0x00000000       0x4e build/os/tpl_os_error.c.o
 .ARM.attributes
                0x00000000       0x37 build/os/tpl_os_error.c.o
 .text          0x00000000        0x0 build/os/tpl_os_os_kernel.c.o
 .data          0x00000000        0x0 build/os/tpl_os_os_kernel.c.o
 .bss           0x00000000        0x0 build/os/tpl_os_os_kernel.c.o
 .text          0x00000000        0x0 build/os/tpl_os_os.c.o
 .data          0x00000000        0x0 build/os/tpl_os_os.c.o
 .bss           0x00000000        0x0 build/os/tpl_os_os.c.o
 .text          0x00000000        0x0 build/os/tpl_os_interrupt_kernel.c.o
 .data          0x00000000        0x0 build/os/tpl_os_interrupt_kernel.c.o
 .bss           0x00000000        0x0 build/os/tpl_os_interrupt_kernel.c.o
 .text          0x00000000        0x0 build/os/tpl_os_task_kernel.c.o
 .data          0x00000000        0x0 build/os/tpl_os_task_kernel.c.o
 .bss           0x00000000        0x0 build/os/tpl_os_task_kernel.c.o
 .text          0x00000000        0x0 build/os/tpl_os_resource_kernel.c.o
 .data          0x00000000        0x0 build/os/tpl_os_resource_kernel.c.o
 .bss           0x00000000        0x0 build/os/tpl_os_resource_kernel.c.o
 .osConst       0x00000000        0x2 build/os/tpl_os_resource_kernel.c.o
 .text          0x00000000        0x0 build/os/tpl_os_event_kernel.c.o
 .data          0x00000000        0x0 build/os/tpl_os_event_kernel.c.o
 .bss           0x00000000        0x0 build/os/tpl_os_event_kernel.c.o
 .text          0x00000000        0x0 build/os/tpl_os_alarm_kernel.c.o
 .data          0x00000000        0x0 build/os/tpl_os_alarm_kernel.c.o
 .bss           0x00000000        0x0 build/os/tpl_os_alarm_kernel.c.o
 .osConst       0x00000000        0x1 build/os/tpl_os_alarm_kernel.c.o
 .text          0x00000000        0x0 build/blink.c.o
 .data          0x00000000        0x0 build/blink.c.o
 .bss           0x00000000        0x0 build/blink.c.o
 .text          0x00000000        0x0 build/blink/tpl_app_config.c.o
 .data          0x00000000        0x0 build/blink/tpl_app_config.c.o
 .bss           0x00000000        0x0 build/blink/tpl_app_config.c.o
 .rodata.std    0x00000000        0x1 build/blink/tpl_app_config.c.o
 .text          0x00000000        0x0 build/blink/tpl_dispatch_table.c.o
 .data          0x00000000        0x0 build/blink/tpl_dispatch_table.c.o
 .bss           0x00000000        0x0 build/blink/tpl_dispatch_table.c.o
 .text          0x00000000        0x0 build/blink/tpl_invoque.S.o
 .data          0x00000000        0x0 build/blink/tpl_invoque.S.o
 .bss           0x00000000        0x0 build/blink/tpl_invoque.S.o
 .text          0x00000000        0x0 build/blink/tpl_primary_irq.S.o
 .data          0x00000000        0x0 build/blink/tpl_primary_irq.S.o
 .bss           0x00000000        0x0 build/blink/tpl_primary_irq.S.o
 .osVar         0x00000000        0x0 build/blink/tpl_primary_irq.S.o
 .text          0x00000000        0x0 build/blink/tpl_vectors.c.o
 .data          0x00000000        0x0 build/blink/tpl_vectors.c.o
 .bss           0x00000000        0x0 build/blink/tpl_vectors.c.o
 .text          0x00000000        0x0 build/blink/tpl_external_interrupts.c.o
 .data          0x00000000        0x0 build/blink/tpl_external_interrupts.c.o
 .bss           0x00000000        0x0 build/blink/tpl_external_interrupts.c.o
 .text          0x00000000        0x0 build/blink/tpl_app_interrupts.c.o
 .data          0x00000000        0x0 build/blink/tpl_app_interrupts.c.o
 .bss           0x00000000        0x0 build/blink/tpl_app_interrupts.c.o
 .text          0x00000000        0x0 build/machines/cortex/tpl_machine_cortex.c.o
 .data          0x00000000        0x0 build/machines/cortex/tpl_machine_cortex.c.o
 .bss           0x00000000        0x0 build/machines/cortex/tpl_machine_cortex.c.o
 .bss.tpl_isr2_disabled
[...]
Memory Configuration

Name             Origin             Length             Attributes
VECTOR           0x08000000         0x00000188         xr
FLASH            0x08000188         0x0000fe78         xr
RAM              0x20000000         0x00020000         xrw
MEMORY_B1        0x60000000         0x00000000         xr
*default*        0x00000000         0xffffffff

Linker script and memory map

LOAD build/os/tpl_os_kernel.c.o
LOAD build/os/tpl_os_timeobj_kernel.c.o
LOAD build/os/tpl_os_action.c.o
LOAD build/os/tpl_os_error.c.o
LOAD build/os/tpl_os_os_kernel.c.o
LOAD build/os/tpl_os_os.c.o
LOAD build/os/tpl_os_interrupt_kernel.c.o
LOAD build/os/tpl_os_task_kernel.c.o
LOAD build/os/tpl_os_resource_kernel.c.o
LOAD build/os/tpl_os_event_kernel.c.o
LOAD build/os/tpl_os_alarm_kernel.c.o
LOAD build/blink.c.o
LOAD build/blink/tpl_app_config.c.o
LOAD build/blink/tpl_dispatch_table.c.o
LOAD build/blink/tpl_invoque.S.o
LOAD build/blink/tpl_primary_irq.S.o
LOAD build/blink/tpl_vectors.c.o
LOAD build/blink/tpl_external_interrupts.c.o
LOAD build/blink/tpl_app_interrupts.c.o
LOAD build/machines/cortex/tpl_machine_cortex.c.o
LOAD build/machines/cortex/tpl_sc_handler.S.o
LOAD build/machines/cortex/tpl_startup.S.o
LOAD build/machines/cortex/armv7em/tpl_ctx_switch.S.o
LOAD build/machines/cortex/armv7em/tpl_ctx_switch_under_it.S.o
LOAD build/machines/cortex/armv7em/tpl_interrupts.S.o
LOAD build/machines/cortex/armv7em/stm32f407/tpl_memory_protection.c.o
LOAD build/machines/cortex/armv7em/stm32f407/tpl_machine_stm32f407.c.o
LOAD build/machines/cortex/armv7em/stm32f407/startup_stm32f4xx.c.o
LOAD build/machines/cortex/armv7em/stm32f407/system_stm32f4xx.c.o
LOAD build/machines/cortex/armv7em/stm32f407/handlers_stm32f4xx.c.o
LOAD build/machines/cortex/armv7em/stm32f407/lib/pinAccess.c.o
LOAD build/machines/cortex/armv7em/stm32f407/STM32F4xx_StdPeriph_Driver/stm32f4xx_gpio.c.o
LOAD build/machines/cortex/armv7em/stm32f407/STM32F4xx_StdPeriph_Driver/stm32f4xx_rcc.c.o
LOAD build/machines/cortex/armv7em/stm32f407/STM32F4xx_StdPeriph_Driver/stm32f4xx_exti.c.o
LOAD build/machines/cortex/armv7em/stm32f407/STM32F4xx_StdPeriph_Driver/stm32f4xx_syscfg.c.o
LOAD build/machines/cortex/armv7em/stm32f407/STM32F4xx_StdPeriph_Driver/misc.c.o
LOAD build/machines/cortex/armv7em/stm32f407/stm32f4discovery/stm32f4_discovery.c.o
LOAD build/machines/cortex/armv7em/stm32f407/stm32f4discovery/tp.c.o
                0x20020000                _estack = 0x20020000
                0x00000000                _Min_Heap_Size = 0x0
                0x00000400                _Min_Stack_Size = 0x400

.isr_vector     0x08000000      0x188
                0x08000000                . = ALIGN (0x4)
 *(.isr_vector)
 .isr_vector    0x08000000      0x188 build/blink/tpl_vectors.c.o
                0x08000000                tpl_it_vectors
                0x08000188                . = ALIGN (0x4)
                0x08000188                . = ALIGN (0x4)

ostext          0x08000188     0x217e
 *(.SC_handler)
 *(.EI_handler)
 *(.osCode)
 .osCode        0x08000188      0x95c build/os/tpl_os_kernel.c.o
                0x08000188                tpl_current_os_state
                0x080001dc                tpl_schedule_from_running
                0x08000224                tpl_start_scheduling
                0x0800023c                tpl_start
                0x080002b4                tpl_run_elected
                0x08000340                tpl_block
                0x08000378                tpl_release
                0x080003b4                tpl_front_proc
                0x080003e0                tpl_terminate
                0x08000450                tpl_init_proc
                0x08000484                tpl_put_preempted_proc
                0x080004e4                tpl_put_new_proc
                0x08000570                tpl_init_os
                0x08000614                tpl_get_internal_resource
                0x080006a0                tpl_release_internal_resource
                0x080006f0                tpl_call_terminate_task_service
                0x08000724                tpl_call_terminate_isr2_service
                0x0800076c                tpl_activate_task
                0x08000808                tpl_set_event
                0x08000888                tpl_compare_entries
                0x08000920                tpl_bubble_up
                0x080009a0                tpl_bubble_down
                0x08000a56                tpl_remove_front_proc
                0x08000ab8                tpl_preempt
 .osCode        0x08000ae4      0x2f0 build/os/tpl_os_timeobj_kernel.c.o
                0x08000ae4                tpl_enable_counters
                0x08000afc                tpl_insert_time_obj
                0x08000bda                tpl_remove_time_obj
                0x08000c4c                tpl_counter_tick
 .osCode        0x08000dd4       0x64 build/os/tpl_os_action.c.o
                0x08000dd4                tpl_action_callback
                0x08000dea                tpl_action_activate_task
                0x08000e0e                tpl_action_setevent
 .osCode        0x08000e38       0xac build/os/tpl_os_os_kernel.c.o
                0x08000e38                tpl_get_active_application_mode_service
                0x08000e68                tpl_start_os_service
                0x08000eb4                tpl_call_shutdown_os
                0x08000eca                tpl_shutdown_os_service
 .osCode        0x08000ee4      0x1e0 build/os/tpl_os_interrupt_kernel.c.o
                0x08000ee4                tpl_get_interrupt_lock_status
                0x08000f24                tpl_reset_interrupt_lock_status
                0x08000f60                tpl_terminate_isr2_service
                0x08000fa4                tpl_null_it
                0x08000fb6                tpl_enable_all_interrupts_service
                0x08000fd4                tpl_disable_all_interrupts_service
                0x08001004                tpl_resume_all_interrupts_service
                0x0800103c                tpl_suspend_all_interrupts_service
                0x08001064                tpl_resume_os_interrupts_service
                0x0800109c                tpl_suspend_os_interrupts_service
 .osCode        0x080010c4      0x2b4 build/os/tpl_os_task_kernel.c.o
                0x080010c4                tpl_activate_task_service
                0x08001128                tpl_terminate_task_service
                0x08001198                tpl_chain_task_service
                0x08001248                tpl_schedule_service
                0x080012c4                tpl_get_task_id_service
                0x08001314                tpl_get_task_state_service
 .osCode        0x08001378      0x20c build/os/tpl_os_resource_kernel.c.o
                0x08001378                tpl_release_all_resources
                0x080013d8                tpl_get_resource_service
                0x080014d0                tpl_release_resource_service
 .osCode        0x08001584      0x260 build/os/tpl_os_event_kernel.c.o
                0x08001584                tpl_set_event_service
                0x08001634                tpl_clear_event_service
                0x080016b8                tpl_get_event_service
                0x08001750                tpl_wait_event_service
 .osCode        0x080017e4      0x344 build/os/tpl_os_alarm_kernel.c.o
                0x080017e4                tpl_raise_alarm
                0x08001808                tpl_get_alarm_base_service
                0x08001878                tpl_get_alarm_service
                0x08001904                tpl_set_rel_alarm_service
                0x080019f8                tpl_set_abs_alarm_service
                0x08001ac4                tpl_cancel_alarm_service
 .osCode        0x08001b28       0x4c build/blink.c.o
                0x08001b28                main
                0x08001b48                assert_failed
                0x08001b5c                PreTaskHook
                0x08001b68                PostTaskHook
 .osCode        0x08001b74       0x40 build/blink/tpl_app_config.c.o
                0x08001b74                tpl_tick_SysTick
                0x08001ba8                SysTick_Handler
 .osCode        0x08001bb4       0x30 build/blink/tpl_primary_irq.S.o
                0x08001bb4                tpl_primary_irq_handler_SysTick
 .osCode        0x08001be4       0x20 build/blink/tpl_external_interrupts.c.o
                0x08001be4                tpl_init_external_interrupts
 .osCode        0x08001c04       0x24 build/blink/tpl_app_interrupts.c.o
                0x08001c04                tpl_init_it_priority
                0x08001c10                tpl_disable_os_interrupts
                0x08001c1c                tpl_enable_os_interrupts
 .osCode        0x08001c28      0x164 build/machines/cortex/tpl_machine_cortex.c.o
                0x08001c28                tpl_init_context
                0x08001d14                tpl_init_machine
                0x08001d24                tpl_shutdown
                0x08001d2e                tpl_init_machine_generic
                0x08001d3a                tpl_init_machine_specific
                0x08001d70                tpl_check_stack_footprint
 .osCode        0x08001d8c       0x6c build/machines/cortex/tpl_sc_handler.S.o
                0x08001d8c                tpl_sc_handler
 .osCode        0x08001df8       0x1c build/machines/cortex/tpl_startup.S.o
                0x08001df8                tpl_reset_handler
 .osCode        0x08001e14       0x4c build/machines/cortex/armv7em/tpl_ctx_switch.S.o
                0x08001e14                tpl_save_context
                0x08001e3a                tpl_load_context
 .osCode        0x08001e60       0x44 build/machines/cortex/armv7em/tpl_ctx_switch_under_it.S.o
                0x08001e60                tpl_save_context_under_it
                0x08001e82                tpl_load_context_under_it
 .osCode        0x08001ea4       0x2c build/machines/cortex/armv7em/tpl_interrupts.S.o
                0x08001ea4                tpl_disable_interrupts
                0x08001eb8                tpl_enable_interrupts
 .osCode        0x08001ed0       0x7c build/machines/cortex/armv7em/stm32f407/tpl_machine_stm32f407.c.o
                0x08001f20                tpl_set_systick_timer
 .osCode        0x08001f4c      0x108 build/machines/cortex/armv7em/stm32f407/stm32f4discovery/tp.c.o
                0x08001f4c                initBoard
                0x08001f74                ledOn
                0x08001f94                ledOff
                0x08001fb4                ledToggle
                0x08001fd4                readButton
                0x08002024                delay
 *(.osApiCode)
 .osApiCode     0x08002054       0x2a build/os/tpl_os_os.c.o
                0x08002054                StartOS
 .osApiCode     0x0800207e      0x288 build/blink/tpl_invoque.S.o
                0x0800207e                GetActiveApplicationMode
                0x08002094                tpl_start_os
                0x080020aa                ShutdownOS
                0x080020c0                EnableAllInterrupts
                0x080020da                DisableAllInterrupts
                0x080020f4                ResumeAllInterrupts
                0x0800210e                SuspendAllInterrupts
                0x08002128                ResumeOSInterrupts
                0x08002142                SuspendOSInterrupts
                0x0800215c                CallTerminateISR2
                0x08002176                ActivateTask
                0x0800218c                TerminateTask
                0x080021a2                ChainTask
                0x080021b8                Schedule
                0x080021ce                GetTaskID
                0x080021e4                GetTaskState
                0x080021fa                CallTerminateTask
                0x08002214                GetResource
                0x0800222a                ReleaseResource
                0x08002240                SetEvent
                0x08002256                ClearEvent
                0x0800226c                GetEvent
                0x08002282                WaitEvent
                0x08002298                GetAlarmBase
                0x080022ae                GetAlarm
                0x080022c4                SetRelAlarm
                0x080022da                SetAbsAlarm
                0x080022f0                CancelAlarm
 *(.appCommonCode)
                0x08002308                . = ALIGN (0x4)

osconst         0x08002308      0x1a8
 *(.osConst)
 .osConst       0x08002308        0x2 build/os/tpl_os_kernel.c.o
                0x08002308                INVALID_PROC
                0x08002309                INVALID_TASK
 *fill*         0x0800230a        0x2 
 .osConst       0x0800230c      0x108 build/blink/tpl_app_config.c.o
                0x0800230c                tpl_stat_proc_table
                0x08002320                tpl_dyn_proc_table
                0x08002334                tpl_task_events_table
                0x08002338                tpl_resource_table
                0x0800233c                IDLE_TASK_task_stat_desc
                0x08002354                SWC2_MainTask_task_stat_desc
                0x0800236c                SWC1_Task_500ms_task_stat_desc
                0x08002384                SWC1_Task_250ms_task_stat_desc
                0x0800239c                SWC1_Init_task_stat_desc
                0x080023b4                Alarm_1000ms_action
                0x080023bc                Alarm_1000ms_static
                0x080023c8                Alarm_2000ms_action
                0x080023d0                Alarm_2000ms_static
                0x080023dc                Alarm_250ms_action
                0x080023e4                Alarm_250ms_static
                0x080023f0                Alarm_500ms_action
                0x080023f8                Alarm_500ms_static
                0x08002404                tpl_alarm_table
 .osConst       0x08002414       0x70 build/blink/tpl_dispatch_table.c.o
                0x08002414                tpl_dispatch_table
 *(.osApiConst)
 .osApiConst    0x08002484       0x2c build/blink/tpl_app_config.c.o
                0x08002484                proc_name_table
                0x08002498                event1
                0x08002499                SWC2_MainTask
                0x0800249a                SWC1_Task_500ms
                0x0800249b                SWC1_Task_250ms
                0x0800249c                SWC1_Init
                0x0800249d                Alarm_1000ms
                0x0800249e                Alarm_2000ms
                0x0800249f                Alarm_250ms
                0x080024a0                Alarm_500ms
                0x080024a4                OSTICKSPERBASE
                0x080024a8                OSMAXALLOWEDVALUE
                0x080024ac                OSMINCYCLE
                0x080024b0                . = ALIGN (0x4)

apptext         0x080024b0       0x86
                0x080024b0                __PROGCONST_SECTION_START = .
                0x080024b0                __SEG_START_APP_CODE_CONST_RGN = .
                0x080024b0                . = ALIGN (0x4)
 *(.Task_SWC2_MainTaskCode)
 .Task_SWC2_MainTaskCode
                0x080024b0       0x50 build/blink.c.o
                0x080024b0                SWC2_MainTask_function
 *(.Task_SWC1_Task_500msCode)
 .Task_SWC1_Task_500msCode
                0x08002500       0x12 build/blink.c.o
                0x08002500                SWC1_Task_500ms_function
 *(.Task_SWC1_Task_250msCode)
 .Task_SWC1_Task_250msCode
                0x08002512       0x12 build/blink.c.o
                0x08002512                SWC1_Task_250ms_function
 *(.Task_SWC1_InitCode)
 .Task_SWC1_InitCode
                0x08002524       0x12 build/blink.c.o
                0x08002524                SWC1_Init_function
                0x08002538                . = ALIGN (0x4)

appconst        0x08002538      0x240
 *(.rodata)
 .rodata        0x08002538       0x43 build/blink/tpl_app_config.c.o
 *fill*         0x0800257b        0x1 
 .rodata        0x0800257c       0x60 build/machines/cortex/armv7em/stm32f407/STM32F4xx_StdPeriph_Driver/stm32f4xx_gpio.c.o
 .rodata        0x080025dc       0x5f build/machines/cortex/armv7em/stm32f407/STM32F4xx_StdPeriph_Driver/stm32f4xx_rcc.c.o
 *fill*         0x0800263b        0x1 
 .rodata        0x0800263c       0x60 build/machines/cortex/armv7em/stm32f407/STM32F4xx_StdPeriph_Driver/stm32f4xx_exti.c.o
 .rodata        0x0800269c       0x62 build/machines/cortex/armv7em/stm32f407/STM32F4xx_StdPeriph_Driver/stm32f4xx_syscfg.c.o
 *fill*         0x080026fe        0x2 
 .rodata        0x08002700       0x56 build/machines/cortex/armv7em/stm32f407/STM32F4xx_StdPeriph_Driver/misc.c.o
 *(.rodata*)
 .rodata.OSDEFAULTAPPMODE
                0x08002756        0x1 build/blink/tpl_app_config.c.o
                0x08002756                OSDEFAULTAPPMODE
 *fill*         0x08002757        0x1 
 .rodata.tpl_task_app_mode
                0x08002758        0x4 build/blink/tpl_app_config.c.o
                0x08002758                tpl_task_app_mode
 .rodata.tpl_alarm_app_mode
                0x0800275c        0x4 build/blink/tpl_app_config.c.o
                0x0800275c                tpl_alarm_app_mode
 .rodata.GPIO_PIN
                0x08002760        0x8 build/machines/cortex/armv7em/stm32f407/stm32f4discovery/stm32f4_discovery.c.o
                0x08002760                GPIO_PIN
 .rodata.GPIO_CLK
                0x08002768       0x10 build/machines/cortex/armv7em/stm32f407/stm32f4discovery/stm32f4_discovery.c.o
                0x08002768                GPIO_CLK
                0x08002778                . = ALIGN (0x4)

procconst       0x08002778        0x0
 *(.Task_SWC2_MainTask_SEC_CONST_32BIT)
 *(.Task_SWC2_MainTask_SEC_CALIB_32BIT)
 *(.Task_SWC2_MainTask_SEC_CARTO_32BIT)
 *(.Task_SWC2_MainTask_SEC_CONFIG_DATA_32BIT)
 *(.Task_SWC2_MainTask_SEC_CONST_16BIT)
 *(.Task_SWC2_MainTask_SEC_CALIB_16BIT)
 *(.Task_SWC2_MainTask_SEC_CARTO_16BIT)
 *(.Task_SWC2_MainTask_SEC_CONFIG_DATA_16BIT)
 *(.Task_SWC2_MainTask_SEC_CONST_8BIT)
 *(.Task_SWC2_MainTask_SEC_CALIB_8BIT)
 *(.Task_SWC2_MainTask_SEC_CARTO_8BIT)
 *(.Task_SWC2_MainTask_SEC_CONFIG_DATA_8BIT)
 *(.Task_SWC2_MainTask_SEC_CONST_BOOLEAN)
 *(.Task_SWC2_MainTask_SEC_CALIB_BOOLEAN)
 *(.Task_SWC2_MainTask_SEC_CARTO_BOOLEAN)
 *(.Task_SWC2_MainTask_SEC_CONFIG_DATA_BOOLEAN)
 *(.Task_SWC2_MainTask_SEC_CONST_UNSPECIFIED)
 *(.Task_SWC2_MainTask_SEC_CALIB_UNSPECIFIED)
 *(.Task_SWC2_MainTask_SEC_CARTO_UNSPECIFIED)
 *(.Task_SWC2_MainTask_SEC_CONFIG_DATA_UNSPECIFIED)
 *(.Task_SWC1_Task_500ms_SEC_CONST_32BIT)
 *(.Task_SWC1_Task_500ms_SEC_CALIB_32BIT)
 *(.Task_SWC1_Task_500ms_SEC_CARTO_32BIT)
 *(.Task_SWC1_Task_500ms_SEC_CONFIG_DATA_32BIT)
 *(.Task_SWC1_Task_500ms_SEC_CONST_16BIT)
 *(.Task_SWC1_Task_500ms_SEC_CALIB_16BIT)
 *(.Task_SWC1_Task_500ms_SEC_CARTO_16BIT)
 *(.Task_SWC1_Task_500ms_SEC_CONFIG_DATA_16BIT)
 *(.Task_SWC1_Task_500ms_SEC_CONST_8BIT)
 *(.Task_SWC1_Task_500ms_SEC_CALIB_8BIT)
 *(.Task_SWC1_Task_500ms_SEC_CARTO_8BIT)
 *(.Task_SWC1_Task_500ms_SEC_CONFIG_DATA_8BIT)
 *(.Task_SWC1_Task_500ms_SEC_CONST_BOOLEAN)
 *(.Task_SWC1_Task_500ms_SEC_CALIB_BOOLEAN)
 *(.Task_SWC1_Task_500ms_SEC_CARTO_BOOLEAN)
 *(.Task_SWC1_Task_500ms_SEC_CONFIG_DATA_BOOLEAN)
 *(.Task_SWC1_Task_500ms_SEC_CONST_UNSPECIFIED)
 *(.Task_SWC1_Task_500ms_SEC_CALIB_UNSPECIFIED)
 *(.Task_SWC1_Task_500ms_SEC_CARTO_UNSPECIFIED)
 *(.Task_SWC1_Task_500ms_SEC_CONFIG_DATA_UNSPECIFIED)
 *(.Task_SWC1_Task_250ms_SEC_CONST_32BIT)
 *(.Task_SWC1_Task_250ms_SEC_CALIB_32BIT)
 *(.Task_SWC1_Task_250ms_SEC_CARTO_32BIT)
 *(.Task_SWC1_Task_250ms_SEC_CONFIG_DATA_32BIT)
 *(.Task_SWC1_Task_250ms_SEC_CONST_16BIT)
 *(.Task_SWC1_Task_250ms_SEC_CALIB_16BIT)
 *(.Task_SWC1_Task_250ms_SEC_CARTO_16BIT)
 *(.Task_SWC1_Task_250ms_SEC_CONFIG_DATA_16BIT)
 *(.Task_SWC1_Task_250ms_SEC_CONST_8BIT)
 *(.Task_SWC1_Task_250ms_SEC_CALIB_8BIT)
 *(.Task_SWC1_Task_250ms_SEC_CARTO_8BIT)
 *(.Task_SWC1_Task_250ms_SEC_CONFIG_DATA_8BIT)
 *(.Task_SWC1_Task_250ms_SEC_CONST_BOOLEAN)
 *(.Task_SWC1_Task_250ms_SEC_CALIB_BOOLEAN)
 *(.Task_SWC1_Task_250ms_SEC_CARTO_BOOLEAN)
 *(.Task_SWC1_Task_250ms_SEC_CONFIG_DATA_BOOLEAN)
 *(.Task_SWC1_Task_250ms_SEC_CONST_UNSPECIFIED)
 *(.Task_SWC1_Task_250ms_SEC_CALIB_UNSPECIFIED)
 *(.Task_SWC1_Task_250ms_SEC_CARTO_UNSPECIFIED)
 *(.Task_SWC1_Task_250ms_SEC_CONFIG_DATA_UNSPECIFIED)
 *(.Task_SWC1_Init_SEC_CONST_32BIT)
 *(.Task_SWC1_Init_SEC_CALIB_32BIT)
 *(.Task_SWC1_Init_SEC_CARTO_32BIT)
 *(.Task_SWC1_Init_SEC_CONFIG_DATA_32BIT)
 *(.Task_SWC1_Init_SEC_CONST_16BIT)
 *(.Task_SWC1_Init_SEC_CALIB_16BIT)
 *(.Task_SWC1_Init_SEC_CARTO_16BIT)
 *(.Task_SWC1_Init_SEC_CONFIG_DATA_16BIT)
 *(.Task_SWC1_Init_SEC_CONST_8BIT)
 *(.Task_SWC1_Init_SEC_CALIB_8BIT)
 *(.Task_SWC1_Init_SEC_CARTO_8BIT)
 *(.Task_SWC1_Init_SEC_CONFIG_DATA_8BIT)
 *(.Task_SWC1_Init_SEC_CONST_BOOLEAN)
 *(.Task_SWC1_Init_SEC_CALIB_BOOLEAN)
 *(.Task_SWC1_Init_SEC_CARTO_BOOLEAN)
 *(.Task_SWC1_Init_SEC_CONFIG_DATA_BOOLEAN)
 *(.Task_SWC1_Init_SEC_CONST_UNSPECIFIED)
 *(.Task_SWC1_Init_SEC_CALIB_UNSPECIFIED)
 *(.Task_SWC1_Init_SEC_CARTO_UNSPECIFIED)
 *(.Task_SWC1_Init_SEC_CONFIG_DATA_UNSPECIFIED)
                0x08002778                . = ALIGN (0x4)
                0x08002777                __SEG_STOP_APP_CODE_CONST_RGN = (. - 0x1)
                0x08002777                __PROGCONST_SECTION_STOP = (. - 0x1)

.text           0x08002778      0xcf4
                0x08002778                . = ALIGN (0x4)
 *(.text)
 *(.text*)
 .text.Alarm_500msCallback_callback
                0x08002778        0xe build/blink.c.o
                0x08002778                Alarm_500msCallback_callback
 *fill*         0x08002786        0x2 
 .text.NVIC_SetPriority
                0x08002788       0x54 build/machines/cortex/tpl_machine_cortex.c.o
 .text.idle_function
                0x080027dc        0x6 build/machines/cortex/tpl_machine_cortex.c.o
                0x080027dc                idle_function
 *fill*         0x080027e2        0x2 
 .text.NVIC_SetPriority
                0x080027e4       0x54 build/machines/cortex/armv7em/stm32f407/tpl_machine_stm32f407.c.o
 .text.__libc_init_array
                0x08002838       0x70 build/machines/cortex/armv7em/stm32f407/startup_stm32f4xx.c.o
                0x08002838                __libc_init_array
 .text.__libc_fini_array
                0x080028a8       0x40 build/machines/cortex/armv7em/stm32f407/startup_stm32f4xx.c.o
                0x080028a8                __libc_fini_array
 .text.SystemInit
                0x080028e8       0x5c build/machines/cortex/armv7em/stm32f407/system_stm32f4xx.c.o
                0x080028e8                SystemInit
 .text.SetSysClock
                0x08002944       0xf4 build/machines/cortex/armv7em/stm32f407/system_stm32f4xx.c.o
 .text.NMI_Handler
                0x08002a38        0x8 build/machines/cortex/armv7em/stm32f407/handlers_stm32f4xx.c.o
                0x08002a38                NMI_Handler
 .text.HardFault_Handler
                0x08002a40       0x64 build/machines/cortex/armv7em/stm32f407/handlers_stm32f4xx.c.o
                0x08002a40                HardFault_Handler
 .text.MemManage_Handler
                0x08002aa4        0x8 build/machines/cortex/armv7em/stm32f407/handlers_stm32f4xx.c.o
                0x08002aa4                MemManage_Handler
 .text.BusFault_Handler
                0x08002aac        0x8 build/machines/cortex/armv7em/stm32f407/handlers_stm32f4xx.c.o
                0x08002aac                BusFault_Handler
 .text.UsageFault_Handler
                0x08002ab4        0x8 build/machines/cortex/armv7em/stm32f407/handlers_stm32f4xx.c.o
                0x08002ab4                UsageFault_Handler
 .text.DebugMonitor_Handler
                0x08002abc        0x6 build/machines/cortex/armv7em/stm32f407/handlers_stm32f4xx.c.o
                0x08002abc                DebugMonitor_Handler
 *fill*         0x08002ac2        0x2 
 .text.GPIO_Init
                0x08002ac4      0x248 build/machines/cortex/armv7em/stm32f407/STM32F4xx_StdPeriph_Driver/stm32f4xx_gpio.c.o
                0x08002ac4                GPIO_Init
 .text.GPIO_ReadInputDataBit
                0x08002d0c      0x13c build/machines/cortex/armv7em/stm32f407/STM32F4xx_StdPeriph_Driver/stm32f4xx_gpio.c.o
                0x08002d0c                GPIO_ReadInputDataBit
 .text.RCC_AHB1PeriphClockCmd
                0x08002e48       0x74 build/machines/cortex/armv7em/stm32f407/STM32F4xx_StdPeriph_Driver/stm32f4xx_rcc.c.o
                0x08002e48                RCC_AHB1PeriphClockCmd
 .text.RCC_APB2PeriphClockCmd
                0x08002ebc       0x74 build/machines/cortex/armv7em/stm32f407/STM32F4xx_StdPeriph_Driver/stm32f4xx_rcc.c.o
                0x08002ebc                RCC_APB2PeriphClockCmd
 .text.EXTI_Init
                0x08002f30      0x150 build/machines/cortex/armv7em/stm32f407/STM32F4xx_StdPeriph_Driver/stm32f4xx_exti.c.o
                0x08002f30                EXTI_Init
 .text.SYSCFG_EXTILineConfig
                0x08003080      0x134 build/machines/cortex/armv7em/stm32f407/STM32F4xx_StdPeriph_Driver/stm32f4xx_syscfg.c.o
                0x08003080                SYSCFG_EXTILineConfig
 .text.NVIC_Init
                0x080031b4       0xfc build/machines/cortex/armv7em/stm32f407/STM32F4xx_StdPeriph_Driver/misc.c.o
                0x080031b4                NVIC_Init
 .text.STM_EVAL_LEDInit
                0x080032b0       0x5c build/machines/cortex/armv7em/stm32f407/stm32f4discovery/stm32f4_discovery.c.o
                0x080032b0                STM_EVAL_LEDInit
 .text.STM_EVAL_LEDOn
                0x0800330c       0x30 build/machines/cortex/armv7em/stm32f407/stm32f4discovery/stm32f4_discovery.c.o
                0x0800330c                STM_EVAL_LEDOn
 .text.STM_EVAL_LEDOff
                0x0800333c       0x30 build/machines/cortex/armv7em/stm32f407/stm32f4discovery/stm32f4_discovery.c.o
                0x0800333c                STM_EVAL_LEDOff
 .text.STM_EVAL_LEDToggle
                0x0800336c       0x3c build/machines/cortex/armv7em/stm32f407/stm32f4discovery/stm32f4_discovery.c.o
                0x0800336c                STM_EVAL_LEDToggle
 .text.STM_EVAL_PBInit
                0x080033a8       0x98 build/machines/cortex/armv7em/stm32f407/stm32f4discovery/stm32f4_discovery.c.o
                0x080033a8                STM_EVAL_PBInit
 .text.STM_EVAL_PBGetState
                0x08003440       0x2c build/machines/cortex/armv7em/stm32f407/stm32f4discovery/stm32f4_discovery.c.o
                0x08003440                STM_EVAL_PBGetState
 *(.glue_7)
 .glue_7        0x0800346c        0x0 linker stubs
 *(.glue_7t)
 .glue_7t       0x0800346c        0x0 linker stubs
 *(.eh_frame)
 *(.init)
 *(.fini)
                0x0800346c                . = ALIGN (0x4)
                0x0800346c                _etext = .
                0x0800346c                _exit = .

.vfp11_veneer   0x0800346c        0x0
 .vfp11_veneer  0x0800346c        0x0 linker stubs

.v4_bx          0x0800346c        0x0
 .v4_bx         0x0800346c        0x0 linker stubs

.iplt           0x0800346c        0x0
 .iplt          0x0800346c        0x0 build/os/tpl_os_kernel.c.o

.after_vectors  0x0800346c       0x98
 .after_vectors
                0x0800346c       0x98 build/machines/cortex/armv7em/stm32f407/startup_stm32f4xx.c.o
                0x0800346c                tpl_continue_reset_handler
                0x080034b8                system_init

.rel.dyn        0x08003504        0x0
 .rel.iplt      0x08003504        0x0 build/os/tpl_os_kernel.c.o

.ARM.extab
 *(.ARM.extab* .gnu.linkonce.armextab.*)

.ARM            0x08003504        0x0
                0x08003504                __exidx_start = .
 *(.ARM.exidx*)
                0x08003504                __exidx_end = .

.preinit_array  0x08003504        0x4
                0x08003504                PROVIDE (__preinit_array_start = .)
 *(.preinit_array*)
 .preinit_array_sysinit
                0x08003504        0x4 build/machines/cortex/armv7em/stm32f407/startup_stm32f4xx.c.o
                0x08003504                p_system_init
                0x08003508                PROVIDE (__preinit_array_end = .)

.init_array     0x08003508        0x0
                0x08003508                PROVIDE (__init_array_start = .)
 *(SORT_BY_NAME(.init_array.*))
 *(.init_array*)
                0x08003508                PROVIDE (__init_array_end = .)

.fini_array     0x08003508        0x0
                0x08003508                PROVIDE (__fini_array_start = .)
 *(.fini_array*)
 *(SORT_BY_NAME(.fini_array.*))
                0x08003508                PROVIDE (__fini_array_end = .)
                0x08003508                _sidata = .

.data           0x20000000      0x1d8 load address 0x08003508
                0x20000000                . = ALIGN (0x4)
                0x20000000                _sdata = .
 *(.data)
 *(.data*)
 .data.SystemCoreClock
                0x20000000        0x4 build/machines/cortex/armv7em/stm32f407/system_stm32f4xx.c.o
                0x20000000                SystemCoreClock
 .data.GPIO_PORT
                0x20000004       0x10 build/machines/cortex/armv7em/stm32f407/stm32f4discovery/stm32f4_discovery.c.o
                0x20000004                GPIO_PORT
 .data.BUTTON_PORT
                0x20000014        0x4 build/machines/cortex/armv7em/stm32f407/stm32f4discovery/stm32f4_discovery.c.o
                0x20000014                BUTTON_PORT
 .data.previousState.0
                0x20000018        0x1 build/machines/cortex/armv7em/stm32f407/stm32f4discovery/tp.c.o
 *(.osVar)
 *fill*         0x20000019        0x3 
 .osVar         0x2000001c        0x3 build/os/tpl_os_kernel.c.o
                0x2000001c                INTERNAL_RES_SCHEDULER
 .osVar         0x2000001f        0x1 build/os/tpl_os_timeobj_kernel.c.o
 .osVar         0x20000020        0x1 build/os/tpl_os_os_kernel.c.o
 *fill*         0x20000021        0x3 
 .osVar         0x20000024       0x14 build/os/tpl_os_interrupt_kernel.c.o
                0x20000024                tpl_locking_depth
                0x20000028                tpl_user_task_lock
                0x2000002c                tpl_cpt_user_task_lock_All
                0x20000030                tpl_cpt_user_task_lock_OS
                0x20000034                tpl_cpt_os_task_lock
 .osVar         0x20000038      0x1a0 build/blink/tpl_app_config.c.o
                0x20000038                tpl_kern
                0x20000054                tpl_ready_list
                0x20000064                tpl_tail_for_prio
                0x2000006c                SystemCounter_counter_desc
                0x20000088                res_sched_rez_desc
                0x20000090                INTERNAL_RES_SCHEDULER_rez_desc
                0x20000094                tpl_time_counter
                0x20000098                IDLE_TASK_int_context
                0x200000bc                IDLE_TASK_task_desc
                0x200000c4                SWC2_MainTask_int_context
                0x200000e8                SWC2_MainTask_task_desc
                0x200000f0                SWC2_MainTask_task_evts
                0x200000f4                SWC1_Task_500ms_int_context
                0x20000118                SWC1_Task_500ms_task_desc
                0x20000120                SWC1_Task_250ms_int_context
                0x20000144                SWC1_Task_250ms_task_desc
                0x2000014c                SWC1_Init_int_context
                0x20000170                SWC1_Init_task_desc
                0x20000178                Alarm_1000ms_alarm_desc
                0x20000190                Alarm_2000ms_alarm_desc
                0x200001a8                Alarm_250ms_alarm_desc
                0x200001c0                Alarm_500ms_alarm_desc
 *(.Task_SWC2_MainTask_SEC_VAR_POWER_ON_INIT_32BIT)
 *(.Task_SWC2_MainTask_SEC_VAR_POWER_ON_INIT_16BIT)
 *(.Task_SWC2_MainTask_SEC_VAR_POWER_ON_INIT_8BIT)
 *(.Task_SWC2_MainTask_SEC_VAR_POWER_ON_INIT_BOOLEAN)
 *(.Task_SWC2_MainTask_SEC_VAR_POWER_ON_INIT_UNSPECIFIED)
 *(.Task_SWC1_Task_500ms_SEC_VAR_POWER_ON_INIT_32BIT)
 *(.Task_SWC1_Task_500ms_SEC_VAR_POWER_ON_INIT_16BIT)
 *(.Task_SWC1_Task_500ms_SEC_VAR_POWER_ON_INIT_8BIT)
 *(.Task_SWC1_Task_500ms_SEC_VAR_POWER_ON_INIT_BOOLEAN)
 *(.Task_SWC1_Task_500ms_SEC_VAR_POWER_ON_INIT_UNSPECIFIED)
 *(.Task_SWC1_Task_250ms_SEC_VAR_POWER_ON_INIT_32BIT)
 *(.Task_SWC1_Task_250ms_SEC_VAR_POWER_ON_INIT_16BIT)
 *(.Task_SWC1_Task_250ms_SEC_VAR_POWER_ON_INIT_8BIT)
 *(.Task_SWC1_Task_250ms_SEC_VAR_POWER_ON_INIT_BOOLEAN)
 *(.Task_SWC1_Task_250ms_SEC_VAR_POWER_ON_INIT_UNSPECIFIED)
 *(.Task_SWC1_Init_SEC_VAR_POWER_ON_INIT_32BIT)
 *(.Task_SWC1_Init_SEC_VAR_POWER_ON_INIT_16BIT)
 *(.Task_SWC1_Init_SEC_VAR_POWER_ON_INIT_8BIT)
 *(.Task_SWC1_Init_SEC_VAR_POWER_ON_INIT_BOOLEAN)
 *(.Task_SWC1_Init_SEC_VAR_POWER_ON_INIT_UNSPECIFIED)
                0x200001d8                . = ALIGN (0x4)
                0x200001d8                _edata = .

.igot.plt       0x200001d8        0x0 load address 0x080036e0
 .igot.plt      0x200001d8        0x0 build/os/tpl_os_kernel.c.o

.Task_IDLE_TASKStack
                0x200001d8      0x12c load address 0x080036e0
 .Task_IDLE_TASKStack
                0x200001d8      0x12c build/blink/tpl_app_config.c.o
                0x200001d8                IDLE_TASK_stack_zone

.Task_SWC2_MainTask_SEC_VAR
                0x20000304       0x1c load address 0x0800380c
                0x20000320                . = ALIGN (__SEG_ALIGN_Task_SWC2_MainTask_VAR_RGN)
 *fill*         0x20000304       0x1c 
                0x20000320                __SEG_START_Task_SWC2_MainTask_VAR_RGN = .
 *(.Task_SWC2_MainTask_SEC_VAR_NOINIT_32BIT)
 *(.Task_SWC2_MainTask_SEC_VAR_FAST_32BIT)
 *(.Task_SWC2_MainTask_SEC_VAR_32BIT)
 *(.Task_SWC2_MainTask_SEC_VAR_NOINIT_16BIT)
 *(.Task_SWC2_MainTask_SEC_VAR_FAST_16BIT)
 *(.Task_SWC2_MainTask_SEC_VAR_16BIT)
 *(.Task_SWC2_MainTask_SEC_VAR_NOINIT_8BIT)
 *(.Task_SWC2_MainTask_SEC_VAR_FAST_8BIT)
 *(.Task_SWC2_MainTask_SEC_VAR_8BIT)
 *(.Task_SWC2_MainTask_SEC_VAR_NOINIT_BOOLEAN)
 *(.Task_SWC2_MainTask_SEC_VAR_FAST_BOOLEAN)
 *(.Task_SWC2_MainTask_SEC_VAR_BOOLEAN)
 *(.Task_SWC2_MainTask_SEC_VAR_NOINIT_UNSPECIFIED)
 *(.Task_SWC2_MainTask_SEC_VAR_FAST_UNSPECIFIED)
 *(.Task_SWC2_MainTask_SEC_VAR_UNSPECIFIED)
                0x20000320                __SEG_END_Task_SWC2_MainTask_VAR_RGN = .
                0x20000324                __SEG_SIZE_Task_SWC2_MainTask_VAR_RGN = ((__SEG_END_Task_SWC2_MainTask_VAR_RGN - __SEG_START_Task_SWC2_MainTask_VAR_RGN) < 0x1000)?0x1000:__SEG_SIZE_Task_SWC2_MainTask_VAR_RGN
                0x20000324                __SEG_SIZE_Task_SWC2_MainTask_VAR_RGN = ((__SEG_END_Task_SWC2_MainTask_VAR_RGN - __SEG_START_Task_SWC2_MainTask_VAR_RGN) < 0x400)?0x400:__SEG_SIZE_Task_SWC2_MainTask_VAR_RGN
                0x20000324                __SEG_SIZE_Task_SWC2_MainTask_VAR_RGN = ((__SEG_END_Task_SWC2_MainTask_VAR_RGN - __SEG_START_Task_SWC2_MainTask_VAR_RGN) < 0x200)?0x200:__SEG_SIZE_Task_SWC2_MainTask_VAR_RGN
                0x20000324                __SEG_SIZE_Task_SWC2_MainTask_VAR_RGN = ((__SEG_END_Task_SWC2_MainTask_VAR_RGN - __SEG_START_Task_SWC2_MainTask_VAR_RGN) < 0x100)?0x100:__SEG_SIZE_Task_SWC2_MainTask_VAR_RGN
                0x20000324                __SEG_SIZE_Task_SWC2_MainTask_VAR_RGN = ((__SEG_END_Task_SWC2_MainTask_VAR_RGN - __SEG_START_Task_SWC2_MainTask_VAR_RGN) < 0x80)?0x80:__SEG_SIZE_Task_SWC2_MainTask_VAR_RGN
                0x20000324                __SEG_SIZE_Task_SWC2_MainTask_VAR_RGN = ((__SEG_END_Task_SWC2_MainTask_VAR_RGN - __SEG_START_Task_SWC2_MainTask_VAR_RGN) < 0x40)?0x40:__SEG_SIZE_Task_SWC2_MainTask_VAR_RGN
                0x20000324                __SEG_SIZE_Task_SWC2_MainTask_VAR_RGN = ((__SEG_END_Task_SWC2_MainTask_VAR_RGN - __SEG_START_Task_SWC2_MainTask_VAR_RGN) < 0x20)?0x20:__SEG_SIZE_Task_SWC2_MainTask_VAR_RGN
                0x20000324                __SEG_ALIGN_Task_SWC2_MainTask_VAR_RGN = __SEG_SIZE_Task_SWC2_MainTask_VAR_RGN

.Task_SWC1_Task_500ms_SEC_VAR
                0x20000320        0x0
                0x20000320                . = ALIGN (__SEG_ALIGN_Task_SWC1_Task_500ms_VAR_RGN)
                0x20000320                __SEG_START_Task_SWC1_Task_500ms_VAR_RGN = .
 *(.Task_SWC1_Task_500ms_SEC_VAR_NOINIT_32BIT)
 *(.Task_SWC1_Task_500ms_SEC_VAR_FAST_32BIT)
 *(.Task_SWC1_Task_500ms_SEC_VAR_32BIT)
 *(.Task_SWC1_Task_500ms_SEC_VAR_NOINIT_16BIT)
 *(.Task_SWC1_Task_500ms_SEC_VAR_FAST_16BIT)
 *(.Task_SWC1_Task_500ms_SEC_VAR_16BIT)
 *(.Task_SWC1_Task_500ms_SEC_VAR_NOINIT_8BIT)
 *(.Task_SWC1_Task_500ms_SEC_VAR_FAST_8BIT)
 *(.Task_SWC1_Task_500ms_SEC_VAR_8BIT)
 *(.Task_SWC1_Task_500ms_SEC_VAR_NOINIT_BOOLEAN)
 *(.Task_SWC1_Task_500ms_SEC_VAR_FAST_BOOLEAN)
 *(.Task_SWC1_Task_500ms_SEC_VAR_BOOLEAN)
 *(.Task_SWC1_Task_500ms_SEC_VAR_NOINIT_UNSPECIFIED)
 *(.Task_SWC1_Task_500ms_SEC_VAR_FAST_UNSPECIFIED)
 *(.Task_SWC1_Task_500ms_SEC_VAR_UNSPECIFIED)
                0x20000320                __SEG_END_Task_SWC1_Task_500ms_VAR_RGN = .
                0x20000340                __SEG_SIZE_Task_SWC1_Task_500ms_VAR_RGN = ((__SEG_END_Task_SWC1_Task_500ms_VAR_RGN - __SEG_START_Task_SWC1_Task_500ms_VAR_RGN) < 0x1000)?0x1000:__SEG_SIZE_Task_SWC1_Task_500ms_VAR_RGN
                0x20000340                __SEG_SIZE_Task_SWC1_Task_500ms_VAR_RGN = ((__SEG_END_Task_SWC1_Task_500ms_VAR_RGN - __SEG_START_Task_SWC1_Task_500ms_VAR_RGN) < 0x400)?0x400:__SEG_SIZE_Task_SWC1_Task_500ms_VAR_RGN
                0x20000340                __SEG_SIZE_Task_SWC1_Task_500ms_VAR_RGN = ((__SEG_END_Task_SWC1_Task_500ms_VAR_RGN - __SEG_START_Task_SWC1_Task_500ms_VAR_RGN) < 0x200)?0x200:__SEG_SIZE_Task_SWC1_Task_500ms_VAR_RGN
                0x20000340                __SEG_SIZE_Task_SWC1_Task_500ms_VAR_RGN = ((__SEG_END_Task_SWC1_Task_500ms_VAR_RGN - __SEG_START_Task_SWC1_Task_500ms_VAR_RGN) < 0x100)?0x100:__SEG_SIZE_Task_SWC1_Task_500ms_VAR_RGN
                0x20000340                __SEG_SIZE_Task_SWC1_Task_500ms_VAR_RGN = ((__SEG_END_Task_SWC1_Task_500ms_VAR_RGN - __SEG_START_Task_SWC1_Task_500ms_VAR_RGN) < 0x80)?0x80:__SEG_SIZE_Task_SWC1_Task_500ms_VAR_RGN
                0x20000340                __SEG_SIZE_Task_SWC1_Task_500ms_VAR_RGN = ((__SEG_END_Task_SWC1_Task_500ms_VAR_RGN - __SEG_START_Task_SWC1_Task_500ms_VAR_RGN) < 0x40)?0x40:__SEG_SIZE_Task_SWC1_Task_500ms_VAR_RGN
                0x20000340                __SEG_SIZE_Task_SWC1_Task_500ms_VAR_RGN = ((__SEG_END_Task_SWC1_Task_500ms_VAR_RGN - __SEG_START_Task_SWC1_Task_500ms_VAR_RGN) < 0x20)?0x20:__SEG_SIZE_Task_SWC1_Task_500ms_VAR_RGN
                0x20000340                __SEG_ALIGN_Task_SWC1_Task_500ms_VAR_RGN = __SEG_SIZE_Task_SWC1_Task_500ms_VAR_RGN

.Task_SWC1_Task_250ms_SEC_VAR
                0x20000320        0x0
                0x20000320                . = ALIGN (__SEG_ALIGN_Task_SWC1_Task_250ms_VAR_RGN)
                0x20000320                __SEG_START_Task_SWC1_Task_250ms_VAR_RGN = .
 *(.Task_SWC1_Task_250ms_SEC_VAR_NOINIT_32BIT)
 *(.Task_SWC1_Task_250ms_SEC_VAR_FAST_32BIT)
 *(.Task_SWC1_Task_250ms_SEC_VAR_32BIT)
 *(.Task_SWC1_Task_250ms_SEC_VAR_NOINIT_16BIT)
 *(.Task_SWC1_Task_250ms_SEC_VAR_FAST_16BIT)
 *(.Task_SWC1_Task_250ms_SEC_VAR_16BIT)
 *(.Task_SWC1_Task_250ms_SEC_VAR_NOINIT_8BIT)
 *(.Task_SWC1_Task_250ms_SEC_VAR_FAST_8BIT)
 *(.Task_SWC1_Task_250ms_SEC_VAR_8BIT)
 *(.Task_SWC1_Task_250ms_SEC_VAR_NOINIT_BOOLEAN)
 *(.Task_SWC1_Task_250ms_SEC_VAR_FAST_BOOLEAN)
 *(.Task_SWC1_Task_250ms_SEC_VAR_BOOLEAN)
 *(.Task_SWC1_Task_250ms_SEC_VAR_NOINIT_UNSPECIFIED)
 *(.Task_SWC1_Task_250ms_SEC_VAR_FAST_UNSPECIFIED)
 *(.Task_SWC1_Task_250ms_SEC_VAR_UNSPECIFIED)
                0x20000320                __SEG_END_Task_SWC1_Task_250ms_VAR_RGN = .
                0x20000340                __SEG_SIZE_Task_SWC1_Task_250ms_VAR_RGN = ((__SEG_END_Task_SWC1_Task_250ms_VAR_RGN - __SEG_START_Task_SWC1_Task_250ms_VAR_RGN) < 0x1000)?0x1000:__SEG_SIZE_Task_SWC1_Task_250ms_VAR_RGN
                0x20000340                __SEG_SIZE_Task_SWC1_Task_250ms_VAR_RGN = ((__SEG_END_Task_SWC1_Task_250ms_VAR_RGN - __SEG_START_Task_SWC1_Task_250ms_VAR_RGN) < 0x400)?0x400:__SEG_SIZE_Task_SWC1_Task_250ms_VAR_RGN
                0x20000340                __SEG_SIZE_Task_SWC1_Task_250ms_VAR_RGN = ((__SEG_END_Task_SWC1_Task_250ms_VAR_RGN - __SEG_START_Task_SWC1_Task_250ms_VAR_RGN) < 0x200)?0x200:__SEG_SIZE_Task_SWC1_Task_250ms_VAR_RGN
                0x20000340                __SEG_SIZE_Task_SWC1_Task_250ms_VAR_RGN = ((__SEG_END_Task_SWC1_Task_250ms_VAR_RGN - __SEG_START_Task_SWC1_Task_250ms_VAR_RGN) < 0x100)?0x100:__SEG_SIZE_Task_SWC1_Task_250ms_VAR_RGN
                0x20000340                __SEG_SIZE_Task_SWC1_Task_250ms_VAR_RGN = ((__SEG_END_Task_SWC1_Task_250ms_VAR_RGN - __SEG_START_Task_SWC1_Task_250ms_VAR_RGN) < 0x80)?0x80:__SEG_SIZE_Task_SWC1_Task_250ms_VAR_RGN
                0x20000340                __SEG_SIZE_Task_SWC1_Task_250ms_VAR_RGN = ((__SEG_END_Task_SWC1_Task_250ms_VAR_RGN - __SEG_START_Task_SWC1_Task_250ms_VAR_RGN) < 0x40)?0x40:__SEG_SIZE_Task_SWC1_Task_250ms_VAR_RGN
                0x20000340                __SEG_SIZE_Task_SWC1_Task_250ms_VAR_RGN = ((__SEG_END_Task_SWC1_Task_250ms_VAR_RGN - __SEG_START_Task_SWC1_Task_250ms_VAR_RGN) < 0x20)?0x20:__SEG_SIZE_Task_SWC1_Task_250ms_VAR_RGN
                0x20000340                __SEG_ALIGN_Task_SWC1_Task_250ms_VAR_RGN = __SEG_SIZE_Task_SWC1_Task_250ms_VAR_RGN

.Task_SWC1_Init_SEC_VAR
                0x20000320        0x0
                0x20000320                . = ALIGN (__SEG_ALIGN_Task_SWC1_Init_VAR_RGN)
                0x20000320                __SEG_START_Task_SWC1_Init_VAR_RGN = .
 *(.Task_SWC1_Init_SEC_VAR_NOINIT_32BIT)
 *(.Task_SWC1_Init_SEC_VAR_FAST_32BIT)
 *(.Task_SWC1_Init_SEC_VAR_32BIT)
 *(.Task_SWC1_Init_SEC_VAR_NOINIT_16BIT)
 *(.Task_SWC1_Init_SEC_VAR_FAST_16BIT)
 *(.Task_SWC1_Init_SEC_VAR_16BIT)
 *(.Task_SWC1_Init_SEC_VAR_NOINIT_8BIT)
 *(.Task_SWC1_Init_SEC_VAR_FAST_8BIT)
 *(.Task_SWC1_Init_SEC_VAR_8BIT)
 *(.Task_SWC1_Init_SEC_VAR_NOINIT_BOOLEAN)
 *(.Task_SWC1_Init_SEC_VAR_FAST_BOOLEAN)
 *(.Task_SWC1_Init_SEC_VAR_BOOLEAN)
 *(.Task_SWC1_Init_SEC_VAR_NOINIT_UNSPECIFIED)
 *(.Task_SWC1_Init_SEC_VAR_FAST_UNSPECIFIED)
 *(.Task_SWC1_Init_SEC_VAR_UNSPECIFIED)
                0x20000320                __SEG_END_Task_SWC1_Init_VAR_RGN = .
                0x20000340                __SEG_SIZE_Task_SWC1_Init_VAR_RGN = ((__SEG_END_Task_SWC1_Init_VAR_RGN - __SEG_START_Task_SWC1_Init_VAR_RGN) < 0x1000)?0x1000:__SEG_SIZE_Task_SWC1_Init_VAR_RGN
                0x20000340                __SEG_SIZE_Task_SWC1_Init_VAR_RGN = ((__SEG_END_Task_SWC1_Init_VAR_RGN - __SEG_START_Task_SWC1_Init_VAR_RGN) < 0x400)?0x400:__SEG_SIZE_Task_SWC1_Init_VAR_RGN
                0x20000340                __SEG_SIZE_Task_SWC1_Init_VAR_RGN = ((__SEG_END_Task_SWC1_Init_VAR_RGN - __SEG_START_Task_SWC1_Init_VAR_RGN) < 0x200)?0x200:__SEG_SIZE_Task_SWC1_Init_VAR_RGN
                0x20000340                __SEG_SIZE_Task_SWC1_Init_VAR_RGN = ((__SEG_END_Task_SWC1_Init_VAR_RGN - __SEG_START_Task_SWC1_Init_VAR_RGN) < 0x100)?0x100:__SEG_SIZE_Task_SWC1_Init_VAR_RGN
                0x20000340                __SEG_SIZE_Task_SWC1_Init_VAR_RGN = ((__SEG_END_Task_SWC1_Init_VAR_RGN - __SEG_START_Task_SWC1_Init_VAR_RGN) < 0x80)?0x80:__SEG_SIZE_Task_SWC1_Init_VAR_RGN
                0x20000340                __SEG_SIZE_Task_SWC1_Init_VAR_RGN = ((__SEG_END_Task_SWC1_Init_VAR_RGN - __SEG_START_Task_SWC1_Init_VAR_RGN) < 0x40)?0x40:__SEG_SIZE_Task_SWC1_Init_VAR_RGN
                0x20000340                __SEG_SIZE_Task_SWC1_Init_VAR_RGN = ((__SEG_END_Task_SWC1_Init_VAR_RGN - __SEG_START_Task_SWC1_Init_VAR_RGN) < 0x20)?0x20:__SEG_SIZE_Task_SWC1_Init_VAR_RGN
                0x20000340                __SEG_ALIGN_Task_SWC1_Init_VAR_RGN = __SEG_SIZE_Task_SWC1_Init_VAR_RGN

.Task_SWC2_MainTask_SEC_STACK
                0x20000320      0x20c load address 0x08003828
                0x20000400                . = ALIGN (__SEG_ALIGN_Task_SWC2_MainTask_STACK_RGN)
 *fill*         0x20000320       0xe0 
                0x20000400                __SEG_START_Task_SWC2_MainTask_STACK_RGN = .
 *(.Task_SWC2_MainTaskStack)
 .Task_SWC2_MainTaskStack
                0x20000400      0x12c build/blink/tpl_app_config.c.o
                0x20000400                SWC2_MainTask_stack_zone
                0x2000052c                . = ALIGN (0x4)
                0x2000052c                __SEG_END_Task_SWC2_MainTask_STACK_RGN = .
                0x20000520                __SEG_SIZE_Task_SWC2_MainTask_STACK_RGN = ((__SEG_END_Task_SWC2_MainTask_STACK_RGN - __SEG_START_Task_SWC2_MainTask_STACK_RGN) < 0x1000)?0x1000:__SEG_SIZE_Task_SWC2_MainTask_STACK_RGN
                0x20000520                __SEG_SIZE_Task_SWC2_MainTask_STACK_RGN = ((__SEG_END_Task_SWC2_MainTask_STACK_RGN - __SEG_START_Task_SWC2_MainTask_STACK_RGN) < 0x400)?0x400:__SEG_SIZE_Task_SWC2_MainTask_STACK_RGN
                0x20000520                __SEG_SIZE_Task_SWC2_MainTask_STACK_RGN = ((__SEG_END_Task_SWC2_MainTask_STACK_RGN - __SEG_START_Task_SWC2_MainTask_STACK_RGN) < 0x200)?0x200:__SEG_SIZE_Task_SWC2_MainTask_STACK_RGN
                [0x20000520]                __SEG_SIZE_Task_SWC2_MainTask_STACK_RGN = ((__SEG_END_Task_SWC2_MainTask_STACK_RGN - __SEG_START_Task_SWC2_MainTask_STACK_RGN) < 0x100)?0x100:__SEG_SIZE_Task_SWC2_MainTask_STACK_RGN
                [0x20000520]                __SEG_SIZE_Task_SWC2_MainTask_STACK_RGN = ((__SEG_END_Task_SWC2_MainTask_STACK_RGN - __SEG_START_Task_SWC2_MainTask_STACK_RGN) < 0x80)?0x80:__SEG_SIZE_Task_SWC2_MainTask_STACK_RGN
                [0x20000520]                __SEG_SIZE_Task_SWC2_MainTask_STACK_RGN = ((__SEG_END_Task_SWC2_MainTask_STACK_RGN - __SEG_START_Task_SWC2_MainTask_STACK_RGN) < 0x40)?0x40:__SEG_SIZE_Task_SWC2_MainTask_STACK_RGN
                [0x20000520]                __SEG_SIZE_Task_SWC2_MainTask_STACK_RGN = ((__SEG_END_Task_SWC2_MainTask_STACK_RGN - __SEG_START_Task_SWC2_MainTask_STACK_RGN) < 0x20)?0x20:__SEG_SIZE_Task_SWC2_MainTask_STACK_RGN
                0x20000520                __SEG_ALIGN_Task_SWC2_MainTask_STACK_RGN = __SEG_SIZE_Task_SWC2_MainTask_STACK_RGN

.Task_SWC1_Task_500ms_SEC_STACK
                0x2000052c      0x200 load address 0x08003a34
                0x20000600                . = ALIGN (__SEG_ALIGN_Task_SWC1_Task_500ms_STACK_RGN)
 *fill*         0x2000052c       0xd4 
                0x20000600                __SEG_START_Task_SWC1_Task_500ms_STACK_RGN = .
 *(.Task_SWC1_Task_500msStack)
 .Task_SWC1_Task_500msStack
                0x20000600      0x12c build/blink/tpl_app_config.c.o
                0x20000600                SWC1_Task_500ms_stack_zone
                0x2000072c                . = ALIGN (0x4)
                0x2000072c                __SEG_END_Task_SWC1_Task_500ms_STACK_RGN = .
                0x2000072c                __SEG_SIZE_Task_SWC1_Task_500ms_STACK_RGN = ((__SEG_END_Task_SWC1_Task_500ms_STACK_RGN - __SEG_START_Task_SWC1_Task_500ms_STACK_RGN) < 0x1000)?0x1000:__SEG_SIZE_Task_SWC1_Task_500ms_STACK_RGN
                0x2000072c                __SEG_SIZE_Task_SWC1_Task_500ms_STACK_RGN = ((__SEG_END_Task_SWC1_Task_500ms_STACK_RGN - __SEG_START_Task_SWC1_Task_500ms_STACK_RGN) < 0x400)?0x400:__SEG_SIZE_Task_SWC1_Task_500ms_STACK_RGN
                0x2000072c                __SEG_SIZE_Task_SWC1_Task_500ms_STACK_RGN = ((__SEG_END_Task_SWC1_Task_500ms_STACK_RGN - __SEG_START_Task_SWC1_Task_500ms_STACK_RGN) < 0x200)?0x200:__SEG_SIZE_Task_SWC1_Task_500ms_STACK_RGN
                [0x2000072c]                __SEG_SIZE_Task_SWC1_Task_500ms_STACK_RGN = ((__SEG_END_Task_SWC1_Task_500ms_STACK_RGN - __SEG_START_Task_SWC1_Task_500ms_STACK_RGN) < 0x100)?0x100:__SEG_SIZE_Task_SWC1_Task_500ms_STACK_RGN
                [0x2000072c]                __SEG_SIZE_Task_SWC1_Task_500ms_STACK_RGN = ((__SEG_END_Task_SWC1_Task_500ms_STACK_RGN - __SEG_START_Task_SWC1_Task_500ms_STACK_RGN) < 0x80)?0x80:__SEG_SIZE_Task_SWC1_Task_500ms_STACK_RGN
                [0x2000072c]                __SEG_SIZE_Task_SWC1_Task_500ms_STACK_RGN = ((__SEG_END_Task_SWC1_Task_500ms_STACK_RGN - __SEG_START_Task_SWC1_Task_500ms_STACK_RGN) < 0x40)?0x40:__SEG_SIZE_Task_SWC1_Task_500ms_STACK_RGN
                [0x2000072c]                __SEG_SIZE_Task_SWC1_Task_500ms_STACK_RGN = ((__SEG_END_Task_SWC1_Task_500ms_STACK_RGN - __SEG_START_Task_SWC1_Task_500ms_STACK_RGN) < 0x20)?0x20:__SEG_SIZE_Task_SWC1_Task_500ms_STACK_RGN
                0x2000072c                __SEG_ALIGN_Task_SWC1_Task_500ms_STACK_RGN = __SEG_SIZE_Task_SWC1_Task_500ms_STACK_RGN

.Task_SWC1_Task_250ms_SEC_STACK
                0x2000072c      0x200 load address 0x08003c34
                0x20000800                . = ALIGN (__SEG_ALIGN_Task_SWC1_Task_250ms_STACK_RGN)
 *fill*         0x2000072c       0xd4 
                0x20000800                __SEG_START_Task_SWC1_Task_250ms_STACK_RGN = .
 *(.Task_SWC1_Task_250msStack)
 .Task_SWC1_Task_250msStack
                0x20000800      0x12c build/blink/tpl_app_config.c.o
                0x20000800                SWC1_Task_250ms_stack_zone
                0x2000092c                . = ALIGN (0x4)
                0x2000092c                __SEG_END_Task_SWC1_Task_250ms_STACK_RGN = .
                0x2000092c                __SEG_SIZE_Task_SWC1_Task_250ms_STACK_RGN = ((__SEG_END_Task_SWC1_Task_250ms_STACK_RGN - __SEG_START_Task_SWC1_Task_250ms_STACK_RGN) < 0x1000)?0x1000:__SEG_SIZE_Task_SWC1_Task_250ms_STACK_RGN
                0x2000092c                __SEG_SIZE_Task_SWC1_Task_250ms_STACK_RGN = ((__SEG_END_Task_SWC1_Task_250ms_STACK_RGN - __SEG_START_Task_SWC1_Task_250ms_STACK_RGN) < 0x400)?0x400:__SEG_SIZE_Task_SWC1_Task_250ms_STACK_RGN
                0x2000092c                __SEG_SIZE_Task_SWC1_Task_250ms_STACK_RGN = ((__SEG_END_Task_SWC1_Task_250ms_STACK_RGN - __SEG_START_Task_SWC1_Task_250ms_STACK_RGN) < 0x200)?0x200:__SEG_SIZE_Task_SWC1_Task_250ms_STACK_RGN
                [0x2000092c]                __SEG_SIZE_Task_SWC1_Task_250ms_STACK_RGN = ((__SEG_END_Task_SWC1_Task_250ms_STACK_RGN - __SEG_START_Task_SWC1_Task_250ms_STACK_RGN) < 0x100)?0x100:__SEG_SIZE_Task_SWC1_Task_250ms_STACK_RGN
                [0x2000092c]                __SEG_SIZE_Task_SWC1_Task_250ms_STACK_RGN = ((__SEG_END_Task_SWC1_Task_250ms_STACK_RGN - __SEG_START_Task_SWC1_Task_250ms_STACK_RGN) < 0x80)?0x80:__SEG_SIZE_Task_SWC1_Task_250ms_STACK_RGN
                [0x2000092c]                __SEG_SIZE_Task_SWC1_Task_250ms_STACK_RGN = ((__SEG_END_Task_SWC1_Task_250ms_STACK_RGN - __SEG_START_Task_SWC1_Task_250ms_STACK_RGN) < 0x40)?0x40:__SEG_SIZE_Task_SWC1_Task_250ms_STACK_RGN
                [0x2000092c]                __SEG_SIZE_Task_SWC1_Task_250ms_STACK_RGN = ((__SEG_END_Task_SWC1_Task_250ms_STACK_RGN - __SEG_START_Task_SWC1_Task_250ms_STACK_RGN) < 0x20)?0x20:__SEG_SIZE_Task_SWC1_Task_250ms_STACK_RGN
                0x2000092c                __SEG_ALIGN_Task_SWC1_Task_250ms_STACK_RGN = __SEG_SIZE_Task_SWC1_Task_250ms_STACK_RGN

.Task_SWC1_Init_SEC_STACK
                0x2000092c      0x200 load address 0x08003e34
                0x20000a00                . = ALIGN (__SEG_ALIGN_Task_SWC1_Init_STACK_RGN)
 *fill*         0x2000092c       0xd4 
                0x20000a00                __SEG_START_Task_SWC1_Init_STACK_RGN = .
 *(.Task_SWC1_InitStack)
 .Task_SWC1_InitStack
                0x20000a00      0x12c build/blink/tpl_app_config.c.o
                0x20000a00                SWC1_Init_stack_zone
                0x20000b2c                . = ALIGN (0x4)
                0x20000b2c                __SEG_END_Task_SWC1_Init_STACK_RGN = .
                0x20000b2c                __SEG_SIZE_Task_SWC1_Init_STACK_RGN = ((__SEG_END_Task_SWC1_Init_STACK_RGN - __SEG_START_Task_SWC1_Init_STACK_RGN) < 0x1000)?0x1000:__SEG_SIZE_Task_SWC1_Init_STACK_RGN
                0x20000b2c                __SEG_SIZE_Task_SWC1_Init_STACK_RGN = ((__SEG_END_Task_SWC1_Init_STACK_RGN - __SEG_START_Task_SWC1_Init_STACK_RGN) < 0x400)?0x400:__SEG_SIZE_Task_SWC1_Init_STACK_RGN
                0x20000b2c                __SEG_SIZE_Task_SWC1_Init_STACK_RGN = ((__SEG_END_Task_SWC1_Init_STACK_RGN - __SEG_START_Task_SWC1_Init_STACK_RGN) < 0x200)?0x200:__SEG_SIZE_Task_SWC1_Init_STACK_RGN
                [0x20000b2c]                __SEG_SIZE_Task_SWC1_Init_STACK_RGN = ((__SEG_END_Task_SWC1_Init_STACK_RGN - __SEG_START_Task_SWC1_Init_STACK_RGN) < 0x100)?0x100:__SEG_SIZE_Task_SWC1_Init_STACK_RGN
                [0x20000b2c]                __SEG_SIZE_Task_SWC1_Init_STACK_RGN = ((__SEG_END_Task_SWC1_Init_STACK_RGN - __SEG_START_Task_SWC1_Init_STACK_RGN) < 0x80)?0x80:__SEG_SIZE_Task_SWC1_Init_STACK_RGN
                [0x20000b2c]                __SEG_SIZE_Task_SWC1_Init_STACK_RGN = ((__SEG_END_Task_SWC1_Init_STACK_RGN - __SEG_START_Task_SWC1_Init_STACK_RGN) < 0x40)?0x40:__SEG_SIZE_Task_SWC1_Init_STACK_RGN
                [0x20000b2c]                __SEG_SIZE_Task_SWC1_Init_STACK_RGN = ((__SEG_END_Task_SWC1_Init_STACK_RGN - __SEG_START_Task_SWC1_Init_STACK_RGN) < 0x20)?0x20:__SEG_SIZE_Task_SWC1_Init_STACK_RGN
                0x20000b2c                __SEG_ALIGN_Task_SWC1_Init_STACK_RGN = __SEG_SIZE_Task_SWC1_Init_STACK_RGN

appvars
                0x20000b2c                . = ALIGN (0x4)

.bss            0x20000b2c        0x0
                0x20000b2c                _sbss = .
                0x20000b2c                __bss_start__ = _sbss
 *(.bss)
 *(.bss*)
 *(COMMON)
                0x20000b2c                . = ALIGN (0x4)
                0x20000b2c                _ebss = .
                0x20000b2c                __bss_end__ = _ebss

._user_heap_stack
                0x20000b2c      0x400 load address 0x08004034
                0x20000b2c                . = ALIGN (0x4)
                0x20000b2c                __heap_start__ = .
                [!provide]                PROVIDE (end = .)
                [!provide]                PROVIDE (_end = .)
                0x20000b2c                . = (. + _Min_Heap_Size)
                0x20000f2c                . = (. + _Min_Stack_Size)
 *fill*         0x20000b2c      0x400 
                0x20000f2c                . = ALIGN (0x4)

.memory_b1_text
 *(.mb1text)
 *(.mb1text*)
 *(.mb1rodata)
 *(.mb1rodata*)

/DISCARD/
 libc.a(*)
 libm.a(*)
 libgcc.a(*)

.ARM.attributes
                0x00000000       0x30
 *(.ARM.attributes)
 .ARM.attributes
                0x00000000       0x2e build/os/tpl_os_kernel.c.o
 .ARM.attributes
                0x0000002e       0x2e build/os/tpl_os_timeobj_kernel.c.o
 .ARM.attributes
                0x0000005c       0x2e build/os/tpl_os_action.c.o
 .ARM.attributes
                0x0000008a       0x2e build/os/tpl_os_os_kernel.c.o
 .ARM.attributes
                0x000000b8       0x2e build/os/tpl_os_os.c.o
 .ARM.attributes
                0x000000e6       0x2e build/os/tpl_os_interrupt_kernel.c.o
 .ARM.attributes
                0x00000114       0x2e build/os/tpl_os_task_kernel.c.o
 .ARM.attributes
                0x00000142       0x2e build/os/tpl_os_resource_kernel.c.o
 .ARM.attributes
                0x00000170       0x2e build/os/tpl_os_event_kernel.c.o
 .ARM.attributes
                0x0000019e       0x2e build/os/tpl_os_alarm_kernel.c.o
 .ARM.attributes
                0x000001cc       0x2e build/blink.c.o
 .ARM.attributes
                0x000001fa       0x2e build/blink/tpl_app_config.c.o
 .ARM.attributes
                0x00000228       0x37 build/blink/tpl_dispatch_table.c.o
 .ARM.attributes
                0x0000025f       0x20 build/blink/tpl_invoque.S.o
 .ARM.attributes
                0x0000027f       0x20 build/blink/tpl_primary_irq.S.o
 .ARM.attributes
                0x0000029f       0x37 build/blink/tpl_vectors.c.o
 .ARM.attributes
                0x000002d6       0x2e build/blink/tpl_external_interrupts.c.o
 .ARM.attributes
                0x00000304       0x2e build/blink/tpl_app_interrupts.c.o
 .ARM.attributes
                0x00000332       0x2e build/machines/cortex/tpl_machine_cortex.c.o
 .ARM.attributes
                0x00000360       0x20 build/machines/cortex/tpl_sc_handler.S.o
 .ARM.attributes
                0x00000380       0x20 build/machines/cortex/tpl_startup.S.o
 .ARM.attributes
                0x000003a0       0x20 build/machines/cortex/armv7em/tpl_ctx_switch.S.o
 .ARM.attributes
                0x000003c0       0x20 build/machines/cortex/armv7em/tpl_ctx_switch_under_it.S.o
 .ARM.attributes
                0x000003e0       0x20 build/machines/cortex/armv7em/tpl_interrupts.S.o
 .ARM.attributes
                0x00000400       0x2e build/machines/cortex/armv7em/stm32f407/tpl_machine_stm32f407.c.o
 .ARM.attributes
                0x0000042e       0x2e build/machines/cortex/armv7em/stm32f407/startup_stm32f4xx.c.o
 .ARM.attributes
                0x0000045c       0x2e build/machines/cortex/armv7em/stm32f407/system_stm32f4xx.c.o
 .ARM.attributes
                0x0000048a       0x2e build/machines/cortex/armv7em/stm32f407/handlers_stm32f4xx.c.o
 .ARM.attributes
                0x000004b8       0x2e build/machines/cortex/armv7em/stm32f407/STM32F4xx_StdPeriph_Driver/stm32f4xx_gpio.c.o
 .ARM.attributes
                0x000004e6       0x2e build/machines/cortex/armv7em/stm32f407/STM32F4xx_StdPeriph_Driver/stm32f4xx_rcc.c.o
 .ARM.attributes
                0x00000514       0x2e build/machines/cortex/armv7em/stm32f407/STM32F4xx_StdPeriph_Driver/stm32f4xx_exti.c.o
 .ARM.attributes
                0x00000542       0x2e build/machines/cortex/armv7em/stm32f407/STM32F4xx_StdPeriph_Driver/stm32f4xx_syscfg.c.o
 .ARM.attributes
                0x00000570       0x2e build/machines/cortex/armv7em/stm32f407/STM32F4xx_StdPeriph_Driver/misc.c.o
 .ARM.attributes
                0x0000059e       0x2e build/machines/cortex/armv7em/stm32f407/stm32f4discovery/stm32f4_discovery.c.o
 .ARM.attributes
                0x000005cc       0x2e build/machines/cortex/armv7em/stm32f407/stm32f4discovery/tp.c.o
LOAD c:/program files (x86)/gnu arm embedded toolchain/10 2020-q4-major/bin/../lib/gcc/arm-none-eabi/10.2.1/../../../../arm-none-eabi/lib/thumb/v7e-m/nofp\libc.a
LOAD c:/program files (x86)/gnu arm embedded toolchain/10 2020-q4-major/bin/../lib/gcc/arm-none-eabi/10.2.1/thumb/v7e-m/nofp\libgcc.a
OUTPUT(blink_exe elf32-littlearm)
LOAD linker stubs
LOAD c:/program files (x86)/gnu arm embedded toolchain/10 2020-q4-major/bin/../lib/gcc/arm-none-eabi/10.2.1/../../../../arm-none-eabi/lib/thumb/v7e-m/nofp\libc.a
LOAD c:/program files (x86)/gnu arm embedded toolchain/10 2020-q4-major/bin/../lib/gcc/arm-none-eabi/10.2.1/../../../../arm-none-eabi/lib/thumb/v7e-m/nofp\libm.a
LOAD c:/program files (x86)/gnu arm embedded toolchain/10 2020-q4-major/bin/../lib/gcc/arm-none-eabi/10.2.1/thumb/v7e-m/nofp\libgcc.a

.debug_info     0x00000000     0x92b5
 .debug_info    0x00000000      0xd8d build/os/tpl_os_kernel.c.o
 .debug_info    0x00000d8d      0x3d9 build/os/tpl_os_timeobj_kernel.c.o
 .debug_info    0x00001166      0x262 build/os/tpl_os_action.c.o
 .debug_info    0x000013c8      0x17a build/os/tpl_os_os_kernel.c.o
 .debug_info    0x00001542       0xb7 build/os/tpl_os_os.c.o
 .debug_info    0x000015f9      0x52c build/os/tpl_os_interrupt_kernel.c.o
 .debug_info    0x00001b25      0x580 build/os/tpl_os_task_kernel.c.o
 .debug_info    0x000020a5      0x5b0 build/os/tpl_os_resource_kernel.c.o
 .debug_info    0x00002655      0x5b3 build/os/tpl_os_event_kernel.c.o
 .debug_info    0x00002c08      0x58a build/os/tpl_os_alarm_kernel.c.o
 .debug_info    0x00003192      0x23b build/blink.c.o
 .debug_info    0x000033cd      0xdf0 build/blink/tpl_app_config.c.o
 .debug_info    0x000041bd       0xab build/blink/tpl_dispatch_table.c.o
 .debug_info    0x00004268       0x26 build/blink/tpl_invoque.S.o
 .debug_info    0x0000428e       0x26 build/blink/tpl_primary_irq.S.o
 .debug_info    0x000042b4       0xc0 build/blink/tpl_vectors.c.o
 .debug_info    0x00004374      0x29e build/blink/tpl_external_interrupts.c.o
 .debug_info    0x00004612       0xa2 build/blink/tpl_app_interrupts.c.o
 .debug_info    0x000046b4      0xa23 build/machines/cortex/tpl_machine_cortex.c.o
 .debug_info    0x000050d7       0x26 build/machines/cortex/tpl_sc_handler.S.o
 .debug_info    0x000050fd       0x26 build/machines/cortex/tpl_startup.S.o
 .debug_info    0x00005123       0x26 build/machines/cortex/armv7em/tpl_ctx_switch.S.o
 .debug_info    0x00005149       0x26 build/machines/cortex/armv7em/tpl_ctx_switch_under_it.S.o
 .debug_info    0x0000516f       0x26 build/machines/cortex/armv7em/tpl_interrupts.S.o
 .debug_info    0x00005195      0x6b6 build/machines/cortex/armv7em/stm32f407/tpl_machine_stm32f407.c.o
 .debug_info    0x0000584b      0x299 build/machines/cortex/armv7em/stm32f407/startup_stm32f4xx.c.o
 .debug_info    0x00005ae4      0x63e build/machines/cortex/armv7em/stm32f407/system_stm32f4xx.c.o
 .debug_info    0x00006122      0x5b0 build/machines/cortex/armv7em/stm32f407/handlers_stm32f4xx.c.o
 .debug_info    0x000066d2      0x649 build/machines/cortex/armv7em/stm32f407/STM32F4xx_StdPeriph_Driver/stm32f4xx_gpio.c.o
 .debug_info    0x00006d1b      0xf02 build/machines/cortex/armv7em/stm32f407/STM32F4xx_StdPeriph_Driver/stm32f4xx_rcc.c.o
 .debug_info    0x00007c1d      0x37d build/machines/cortex/armv7em/stm32f407/STM32F4xx_StdPeriph_Driver/stm32f4xx_exti.c.o
 .debug_info    0x00007f9a      0x28e build/machines/cortex/armv7em/stm32f407/STM32F4xx_StdPeriph_Driver/stm32f4xx_syscfg.c.o
 .debug_info    0x00008228      0x55c build/machines/cortex/armv7em/stm32f407/STM32F4xx_StdPeriph_Driver/misc.c.o
 .debug_info    0x00008784      0x8d6 build/machines/cortex/armv7em/stm32f407/stm32f4discovery/stm32f4_discovery.c.o
 .debug_info    0x0000905a      0x25b build/machines/cortex/armv7em/stm32f407/stm32f4discovery/tp.c.o

.debug_abbrev   0x00000000     0x259a
 .debug_abbrev  0x00000000      0x26c build/os/tpl_os_kernel.c.o
 .debug_abbrev  0x0000026c      0x136 build/os/tpl_os_timeobj_kernel.c.o
 .debug_abbrev  0x000003a2       0xda build/os/tpl_os_action.c.o
 .debug_abbrev  0x0000047c       0x9a build/os/tpl_os_os_kernel.c.o
 .debug_abbrev  0x00000516       0x6b build/os/tpl_os_os.c.o
 .debug_abbrev  0x00000581      0x199 build/os/tpl_os_interrupt_kernel.c.o
 .debug_abbrev  0x0000071a      0x18f build/os/tpl_os_task_kernel.c.o
 .debug_abbrev  0x000008a9      0x176 build/os/tpl_os_resource_kernel.c.o
 .debug_abbrev  0x00000a1f      0x14f build/os/tpl_os_event_kernel.c.o
 .debug_abbrev  0x00000b6e      0x169 build/os/tpl_os_alarm_kernel.c.o
 .debug_abbrev  0x00000cd7      0x133 build/blink.c.o
 .debug_abbrev  0x00000e0a      0x1c4 build/blink/tpl_app_config.c.o
 .debug_abbrev  0x00000fce       0x80 build/blink/tpl_dispatch_table.c.o
 .debug_abbrev  0x0000104e       0x14 build/blink/tpl_invoque.S.o
 .debug_abbrev  0x00001062       0x14 build/blink/tpl_primary_irq.S.o
 .debug_abbrev  0x00001076       0x92 build/blink/tpl_vectors.c.o
 .debug_abbrev  0x00001108       0xaa build/blink/tpl_external_interrupts.c.o
 .debug_abbrev  0x000011b2       0x44 build/blink/tpl_app_interrupts.c.o
 .debug_abbrev  0x000011f6      0x2e5 build/machines/cortex/tpl_machine_cortex.c.o
 .debug_abbrev  0x000014db       0x14 build/machines/cortex/tpl_sc_handler.S.o
 .debug_abbrev  0x000014ef       0x14 build/machines/cortex/tpl_startup.S.o
 .debug_abbrev  0x00001503       0x14 build/machines/cortex/armv7em/tpl_ctx_switch.S.o
 .debug_abbrev  0x00001517       0x14 build/machines/cortex/armv7em/tpl_ctx_switch_under_it.S.o
 .debug_abbrev  0x0000152b       0x14 build/machines/cortex/armv7em/tpl_interrupts.S.o
 .debug_abbrev  0x0000153f      0x17b build/machines/cortex/armv7em/stm32f407/tpl_machine_stm32f407.c.o
 .debug_abbrev  0x000016ba      0x145 build/machines/cortex/armv7em/stm32f407/startup_stm32f4xx.c.o
 .debug_abbrev  0x000017ff      0x165 build/machines/cortex/armv7em/stm32f407/system_stm32f4xx.c.o
 .debug_abbrev  0x00001964      0x11f build/machines/cortex/armv7em/stm32f407/handlers_stm32f4xx.c.o
 .debug_abbrev  0x00001a83      0x1dc build/machines/cortex/armv7em/stm32f407/STM32F4xx_StdPeriph_Driver/stm32f4xx_gpio.c.o
 .debug_abbrev  0x00001c5f      0x1d1 build/machines/cortex/armv7em/stm32f407/STM32F4xx_StdPeriph_Driver/stm32f4xx_rcc.c.o
 .debug_abbrev  0x00001e30      0x1e0 build/machines/cortex/armv7em/stm32f407/STM32F4xx_StdPeriph_Driver/stm32f4xx_exti.c.o
 .debug_abbrev  0x00002010      0x13e build/machines/cortex/armv7em/stm32f407/STM32F4xx_StdPeriph_Driver/stm32f4xx_syscfg.c.o
 .debug_abbrev  0x0000214e      0x170 build/machines/cortex/armv7em/stm32f407/STM32F4xx_StdPeriph_Driver/misc.c.o
 .debug_abbrev  0x000022be      0x1c5 build/machines/cortex/armv7em/stm32f407/stm32f4discovery/stm32f4_discovery.c.o
 .debug_abbrev  0x00002483      0x117 build/machines/cortex/armv7em/stm32f407/stm32f4discovery/tp.c.o

.debug_aranges  0x00000000      0x9f8
 .debug_aranges
                0x00000000       0xd8 build/os/tpl_os_kernel.c.o
 .debug_aranges
                0x000000d8       0x40 build/os/tpl_os_timeobj_kernel.c.o
 .debug_aranges
                0x00000118       0x30 build/os/tpl_os_action.c.o
 .debug_aranges
                0x00000148       0x38 build/os/tpl_os_os_kernel.c.o
 .debug_aranges
                0x00000180       0x20 build/os/tpl_os_os.c.o
 .debug_aranges
                0x000001a0       0x68 build/os/tpl_os_interrupt_kernel.c.o
 .debug_aranges
                0x00000208       0x48 build/os/tpl_os_task_kernel.c.o
 .debug_aranges
                0x00000250       0x30 build/os/tpl_os_resource_kernel.c.o
 .debug_aranges
                0x00000280       0x38 build/os/tpl_os_event_kernel.c.o
 .debug_aranges
                0x000002b8       0x48 build/os/tpl_os_alarm_kernel.c.o
 .debug_aranges
                0x00000300       0x60 build/blink.c.o
 .debug_aranges
                0x00000360       0x28 build/blink/tpl_app_config.c.o
 .debug_aranges
                0x00000388       0x18 build/blink/tpl_dispatch_table.c.o
 .debug_aranges
                0x000003a0       0x20 build/blink/tpl_invoque.S.o
 .debug_aranges
                0x000003c0       0x20 build/blink/tpl_primary_irq.S.o
 .debug_aranges
                0x000003e0       0x18 build/blink/tpl_vectors.c.o
 .debug_aranges
                0x000003f8       0x20 build/blink/tpl_external_interrupts.c.o
 .debug_aranges
                0x00000418       0x30 build/blink/tpl_app_interrupts.c.o
 .debug_aranges
                0x00000448       0x58 build/machines/cortex/tpl_machine_cortex.c.o
 .debug_aranges
                0x000004a0       0x20 build/machines/cortex/tpl_sc_handler.S.o
 .debug_aranges
                0x000004c0       0x20 build/machines/cortex/tpl_startup.S.o
 .debug_aranges
                0x000004e0       0x20 build/machines/cortex/armv7em/tpl_ctx_switch.S.o
 .debug_aranges
                0x00000500       0x20 build/machines/cortex/armv7em/tpl_ctx_switch_under_it.S.o
 .debug_aranges
                0x00000520       0x20 build/machines/cortex/armv7em/tpl_interrupts.S.o
 .debug_aranges
                0x00000540       0x30 build/machines/cortex/armv7em/stm32f407/tpl_machine_stm32f407.c.o
 .debug_aranges
                0x00000570       0x38 build/machines/cortex/armv7em/stm32f407/startup_stm32f4xx.c.o
 .debug_aranges
                0x000005a8       0x30 build/machines/cortex/armv7em/stm32f407/system_stm32f4xx.c.o
 .debug_aranges
                0x000005d8       0x60 build/machines/cortex/armv7em/stm32f407/handlers_stm32f4xx.c.o
 .debug_aranges
                0x00000638       0x88 build/machines/cortex/armv7em/stm32f407/STM32F4xx_StdPeriph_Driver/stm32f4xx_gpio.c.o
 .debug_aranges
                0x000006c0      0x1c0 build/machines/cortex/armv7em/stm32f407/STM32F4xx_StdPeriph_Driver/stm32f4xx_rcc.c.o
 .debug_aranges
                0x00000880       0x58 build/machines/cortex/armv7em/stm32f407/STM32F4xx_StdPeriph_Driver/stm32f4xx_exti.c.o
 .debug_aranges
                0x000008d8       0x50 build/machines/cortex/armv7em/stm32f407/STM32F4xx_StdPeriph_Driver/stm32f4xx_syscfg.c.o
 .debug_aranges
                0x00000928       0x40 build/machines/cortex/armv7em/stm32f407/STM32F4xx_StdPeriph_Driver/misc.c.o
 .debug_aranges
                0x00000968       0x48 build/machines/cortex/armv7em/stm32f407/stm32f4discovery/stm32f4_discovery.c.o
 .debug_aranges
                0x000009b0       0x48 build/machines/cortex/armv7em/stm32f407/stm32f4discovery/tp.c.o

.debug_ranges   0x00000000      0x760
 .debug_ranges  0x00000000       0xe0 build/os/tpl_os_kernel.c.o
 .debug_ranges  0x000000e0       0x30 build/os/tpl_os_timeobj_kernel.c.o
 .debug_ranges  0x00000110       0x20 build/os/tpl_os_action.c.o
 .debug_ranges  0x00000130       0x28 build/os/tpl_os_os_kernel.c.o
 .debug_ranges  0x00000158       0x10 build/os/tpl_os_os.c.o
 .debug_ranges  0x00000168       0x58 build/os/tpl_os_interrupt_kernel.c.o
 .debug_ranges  0x000001c0       0x38 build/os/tpl_os_task_kernel.c.o
 .debug_ranges  0x000001f8       0x20 build/os/tpl_os_resource_kernel.c.o
 .debug_ranges  0x00000218       0x28 build/os/tpl_os_event_kernel.c.o
 .debug_ranges  0x00000240       0x38 build/os/tpl_os_alarm_kernel.c.o
 .debug_ranges  0x00000278       0x50 build/blink.c.o
 .debug_ranges  0x000002c8       0x18 build/blink/tpl_app_config.c.o
 .debug_ranges  0x000002e0       0x10 build/blink/tpl_external_interrupts.c.o
 .debug_ranges  0x000002f0       0x20 build/blink/tpl_app_interrupts.c.o
 .debug_ranges  0x00000310       0x48 build/machines/cortex/tpl_machine_cortex.c.o
 .debug_ranges  0x00000358       0x20 build/machines/cortex/armv7em/stm32f407/tpl_machine_stm32f407.c.o
 .debug_ranges  0x00000378       0x28 build/machines/cortex/armv7em/stm32f407/startup_stm32f4xx.c.o
 .debug_ranges  0x000003a0       0x20 build/machines/cortex/armv7em/stm32f407/system_stm32f4xx.c.o
 .debug_ranges  0x000003c0       0x50 build/machines/cortex/armv7em/stm32f407/handlers_stm32f4xx.c.o
 .debug_ranges  0x00000410       0x78 build/machines/cortex/armv7em/stm32f407/STM32F4xx_StdPeriph_Driver/stm32f4xx_gpio.c.o
 .debug_ranges  0x00000488      0x1b0 build/machines/cortex/armv7em/stm32f407/STM32F4xx_StdPeriph_Driver/stm32f4xx_rcc.c.o
 .debug_ranges  0x00000638       0x48 build/machines/cortex/armv7em/stm32f407/STM32F4xx_StdPeriph_Driver/stm32f4xx_exti.c.o
 .debug_ranges  0x00000680       0x40 build/machines/cortex/armv7em/stm32f407/STM32F4xx_StdPeriph_Driver/stm32f4xx_syscfg.c.o
 .debug_ranges  0x000006c0       0x30 build/machines/cortex/armv7em/stm32f407/STM32F4xx_StdPeriph_Driver/misc.c.o
 .debug_ranges  0x000006f0       0x38 build/machines/cortex/armv7em/stm32f407/stm32f4discovery/stm32f4_discovery.c.o
 .debug_ranges  0x00000728       0x38 build/machines/cortex/armv7em/stm32f407/stm32f4discovery/tp.c.o

.debug_line     0x00000000     0x6075
 .debug_line    0x00000000      0x664 build/os/tpl_os_kernel.c.o
 .debug_line    0x00000664      0x2ef build/os/tpl_os_timeobj_kernel.c.o
 .debug_line    0x00000953      0x111 build/os/tpl_os_action.c.o
 .debug_line    0x00000a64       0xfc build/os/tpl_os_os_kernel.c.o
 .debug_line    0x00000b60       0xc5 build/os/tpl_os_os.c.o
 .debug_line    0x00000c25      0x1fc build/os/tpl_os_interrupt_kernel.c.o
 .debug_line    0x00000e21      0x29c build/os/tpl_os_task_kernel.c.o
 .debug_line    0x000010bd      0x24e build/os/tpl_os_resource_kernel.c.o
 .debug_line    0x0000130b      0x268 build/os/tpl_os_event_kernel.c.o
 .debug_line    0x00001573      0x2e4 build/os/tpl_os_alarm_kernel.c.o
 .debug_line    0x00001857      0x2e0 build/blink.c.o
 .debug_line    0x00001b37      0x1eb build/blink/tpl_app_config.c.o
 .debug_line    0x00001d22       0x68 build/blink/tpl_dispatch_table.c.o
 .debug_line    0x00001d8a      0x184 build/blink/tpl_invoque.S.o
 .debug_line    0x00001f0e       0x5c build/blink/tpl_primary_irq.S.o
 .debug_line    0x00001f6a       0x99 build/blink/tpl_vectors.c.o
 .debug_line    0x00002003      0x1a3 build/blink/tpl_external_interrupts.c.o
 .debug_line    0x000021a6       0x51 build/blink/tpl_app_interrupts.c.o
 .debug_line    0x000021f7      0x414 build/machines/cortex/tpl_machine_cortex.c.o
 .debug_line    0x0000260b       0x98 build/machines/cortex/tpl_sc_handler.S.o
 .debug_line    0x000026a3       0x66 build/machines/cortex/tpl_startup.S.o
 .debug_line    0x00002709       0x88 build/machines/cortex/armv7em/tpl_ctx_switch.S.o
 .debug_line    0x00002791       0x8d build/machines/cortex/armv7em/tpl_ctx_switch_under_it.S.o
 .debug_line    0x0000281e       0x7f build/machines/cortex/armv7em/tpl_interrupts.S.o
 .debug_line    0x0000289d      0x2d4 build/machines/cortex/armv7em/stm32f407/tpl_machine_stm32f407.c.o
 .debug_line    0x00002b71      0x1df build/machines/cortex/armv7em/stm32f407/startup_stm32f4xx.c.o
 .debug_line    0x00002d50      0x383 build/machines/cortex/armv7em/stm32f407/system_stm32f4xx.c.o
 .debug_line    0x000030d3      0x347 build/machines/cortex/armv7em/stm32f407/handlers_stm32f4xx.c.o
 .debug_line    0x0000341a      0xa83 build/machines/cortex/armv7em/stm32f407/STM32F4xx_StdPeriph_Driver/stm32f4xx_gpio.c.o
 .debug_line    0x00003e9d     0x1024 build/machines/cortex/armv7em/stm32f407/STM32F4xx_StdPeriph_Driver/stm32f4xx_rcc.c.o
 .debug_line    0x00004ec1      0x4cd build/machines/cortex/armv7em/stm32f407/STM32F4xx_StdPeriph_Driver/stm32f4xx_exti.c.o
 .debug_line    0x0000538e      0x383 build/machines/cortex/armv7em/stm32f407/STM32F4xx_StdPeriph_Driver/stm32f4xx_syscfg.c.o
 .debug_line    0x00005711      0x397 build/machines/cortex/armv7em/stm32f407/STM32F4xx_StdPeriph_Driver/misc.c.o
 .debug_line    0x00005aa8      0x34f build/machines/cortex/armv7em/stm32f407/stm32f4discovery/stm32f4_discovery.c.o
 .debug_line    0x00005df7      0x27e build/machines/cortex/armv7em/stm32f407/stm32f4discovery/tp.c.o

.debug_str      0x00000000     0x376d
 .debug_str     0x00000000      0x892 build/os/tpl_os_kernel.c.o
                                0x99a (size before relaxing)
 .debug_str     0x00000892      0x100 build/os/tpl_os_timeobj_kernel.c.o
                                0x3ea (size before relaxing)
 .debug_str     0x00000992      0x139 build/os/tpl_os_action.c.o
                                0x368 (size before relaxing)
 .debug_str     0x00000acb       0x98 build/os/tpl_os_os_kernel.c.o
                                0x2bc (size before relaxing)
 .debug_str     0x00000b63       0x35 build/os/tpl_os_os.c.o
                                0x21e (size before relaxing)
 .debug_str     0x00000b98      0x1d0 build/os/tpl_os_interrupt_kernel.c.o
                                0x633 (size before relaxing)
 .debug_str     0x00000d68       0xbe build/os/tpl_os_task_kernel.c.o
                                0x561 (size before relaxing)
 .debug_str     0x00000e26       0xc6 build/os/tpl_os_resource_kernel.c.o
                                0x58f (size before relaxing)
 .debug_str     0x00000eec       0x86 build/os/tpl_os_event_kernel.c.o
                                0x58d (size before relaxing)
 .debug_str     0x00000f72      0x16c build/os/tpl_os_alarm_kernel.c.o
                                0x4d2 (size before relaxing)
 .debug_str     0x000010de      0x126 build/blink.c.o
                                0x348 (size before relaxing)
 .debug_str     0x00001204      0x454 build/blink/tpl_app_config.c.o
                                0xc5d (size before relaxing)
 .debug_str     0x00001658       0x3e build/blink/tpl_dispatch_table.c.o
                                0x207 (size before relaxing)
 .debug_str     0x00001696       0x22 build/blink/tpl_invoque.S.o
                                 0xb2 (size before relaxing)
 .debug_str     0x000016b8       0x18 build/blink/tpl_primary_irq.S.o
                                 0xb6 (size before relaxing)
 .debug_str     0x000016d0       0x3a build/blink/tpl_vectors.c.o
                                0x203 (size before relaxing)
 .debug_str     0x0000170a      0x159 build/blink/tpl_external_interrupts.c.o
                                0x33b (size before relaxing)
 .debug_str     0x00001863       0x63 build/blink/tpl_app_interrupts.c.o
                                0x22c (size before relaxing)
 .debug_str     0x000018c6      0x6a9 build/machines/cortex/tpl_machine_cortex.c.o
                                0xaf2 (size before relaxing)
 .debug_str     0x00001f6f       0x33 build/machines/cortex/tpl_sc_handler.S.o
                                 0xd1 (size before relaxing)
 .debug_str     0x00001fa2       0x30 build/machines/cortex/tpl_startup.S.o
                                 0xce (size before relaxing)
 .debug_str     0x00001fd2       0x3b build/machines/cortex/armv7em/tpl_ctx_switch.S.o
                                 0xd9 (size before relaxing)
 .debug_str     0x0000200d       0x44 build/machines/cortex/armv7em/tpl_ctx_switch_under_it.S.o
                                 0xe2 (size before relaxing)
 .debug_str     0x00002051       0x3b build/machines/cortex/armv7em/tpl_interrupts.S.o
                                 0xd9 (size before relaxing)
 .debug_str     0x0000208c       0xab build/machines/cortex/armv7em/stm32f407/tpl_machine_stm32f407.c.o
                                0x87e (size before relaxing)
 .debug_str     0x00002137      0x17c build/machines/cortex/armv7em/stm32f407/startup_stm32f4xx.c.o
                                0x35c (size before relaxing)
 .debug_str     0x000022b3       0xe2 build/machines/cortex/armv7em/stm32f407/system_stm32f4xx.c.o
                                0x478 (size before relaxing)
 .debug_str     0x00002395      0x1ce build/machines/cortex/armv7em/stm32f407/handlers_stm32f4xx.c.o
                                0x478 (size before relaxing)
 .debug_str     0x00002563      0x349 build/machines/cortex/armv7em/stm32f407/STM32F4xx_StdPeriph_Driver/stm32f4xx_gpio.c.o
                                0x557 (size before relaxing)
 .debug_str     0x000028ac      0x6ec build/machines/cortex/armv7em/stm32f407/STM32F4xx_StdPeriph_Driver/stm32f4xx_rcc.c.o
                                0xa79 (size before relaxing)
 .debug_str     0x00002f98      0x1e3 build/machines/cortex/armv7em/stm32f407/STM32F4xx_StdPeriph_Driver/stm32f4xx_exti.c.o
                                0x429 (size before relaxing)
 .debug_str     0x0000317b      0x193 build/machines/cortex/armv7em/stm32f407/STM32F4xx_StdPeriph_Driver/stm32f4xx_syscfg.c.o
                                0x3c5 (size before relaxing)
 .debug_str     0x0000330e      0x19a build/machines/cortex/armv7em/stm32f407/STM32F4xx_StdPeriph_Driver/misc.c.o
                                0x485 (size before relaxing)
 .debug_str     0x000034a8      0x1e1 build/machines/cortex/armv7em/stm32f407/stm32f4discovery/stm32f4_discovery.c.o
                                0xbe0 (size before relaxing)
 .debug_str     0x00003689       0xe4 build/machines/cortex/armv7em/stm32f407/stm32f4discovery/tp.c.o
                                0x33f (size before relaxing)

.comment        0x00000000       0x4d
 .comment       0x00000000       0x4d build/os/tpl_os_kernel.c.o
                                 0x4e (size before relaxing)
 .comment       0x0000004d       0x4e build/os/tpl_os_timeobj_kernel.c.o
 .comment       0x0000004d       0x4e build/os/tpl_os_action.c.o
 .comment       0x0000004d       0x4e build/os/tpl_os_os_kernel.c.o
 .comment       0x0000004d       0x4e build/os/tpl_os_os.c.o
 .comment       0x0000004d       0x4e build/os/tpl_os_interrupt_kernel.c.o
 .comment       0x0000004d       0x4e build/os/tpl_os_task_kernel.c.o
 .comment       0x0000004d       0x4e build/os/tpl_os_resource_kernel.c.o
 .comment       0x0000004d       0x4e build/os/tpl_os_event_kernel.c.o
 .comment       0x0000004d       0x4e build/os/tpl_os_alarm_kernel.c.o
 .comment       0x0000004d       0x4e build/blink.c.o
 .comment       0x0000004d       0x4e build/blink/tpl_app_config.c.o
 .comment       0x0000004d       0x4e build/blink/tpl_dispatch_table.c.o
 .comment       0x0000004d       0x4e build/blink/tpl_vectors.c.o
 .comment       0x0000004d       0x4e build/blink/tpl_external_interrupts.c.o
 .comment       0x0000004d       0x4e build/blink/tpl_app_interrupts.c.o
 .comment       0x0000004d       0x4e build/machines/cortex/tpl_machine_cortex.c.o
 .comment       0x0000004d       0x4e build/machines/cortex/armv7em/stm32f407/tpl_machine_stm32f407.c.o
 .comment       0x0000004d       0x4e build/machines/cortex/armv7em/stm32f407/startup_stm32f4xx.c.o
 .comment       0x0000004d       0x4e build/machines/cortex/armv7em/stm32f407/system_stm32f4xx.c.o
 .comment       0x0000004d       0x4e build/machines/cortex/armv7em/stm32f407/handlers_stm32f4xx.c.o
 .comment       0x0000004d       0x4e build/machines/cortex/armv7em/stm32f407/STM32F4xx_StdPeriph_Driver/stm32f4xx_gpio.c.o
 .comment       0x0000004d       0x4e build/machines/cortex/armv7em/stm32f407/STM32F4xx_StdPeriph_Driver/stm32f4xx_rcc.c.o
 .comment       0x0000004d       0x4e build/machines/cortex/armv7em/stm32f407/STM32F4xx_StdPeriph_Driver/stm32f4xx_exti.c.o
 .comment       0x0000004d       0x4e build/machines/cortex/armv7em/stm32f407/STM32F4xx_StdPeriph_Driver/stm32f4xx_syscfg.c.o
 .comment       0x0000004d       0x4e build/machines/cortex/armv7em/stm32f407/STM32F4xx_StdPeriph_Driver/misc.c.o
 .comment       0x0000004d       0x4e build/machines/cortex/armv7em/stm32f407/stm32f4discovery/stm32f4_discovery.c.o
 .comment       0x0000004d       0x4e build/machines/cortex/armv7em/stm32f407/stm32f4discovery/tp.c.o

.debug_frame    0x00000000     0x1dd0
 .debug_frame   0x00000000      0x364 build/os/tpl_os_kernel.c.o
 .debug_frame   0x00000364       0xcc build/os/tpl_os_timeobj_kernel.c.o
 .debug_frame   0x00000430       0x7c build/os/tpl_os_action.c.o
 .debug_frame   0x000004ac       0xa0 build/os/tpl_os_os_kernel.c.o
 .debug_frame   0x0000054c       0x34 build/os/tpl_os_os.c.o
 .debug_frame   0x00000580      0x14c build/os/tpl_os_interrupt_kernel.c.o
 .debug_frame   0x000006cc       0xe8 build/os/tpl_os_task_kernel.c.o
 .debug_frame   0x000007b4       0x80 build/os/tpl_os_resource_kernel.c.o
 .debug_frame   0x00000834       0xa0 build/os/tpl_os_event_kernel.c.o
 .debug_frame   0x000008d4       0xe8 build/os/tpl_os_alarm_kernel.c.o
 .debug_frame   0x000009bc      0x124 build/blink.c.o
 .debug_frame   0x00000ae0       0x48 build/blink/tpl_app_config.c.o
 .debug_frame   0x00000b28       0x30 build/blink/tpl_external_interrupts.c.o
 .debug_frame   0x00000b58       0x70 build/blink/tpl_app_interrupts.c.o
 .debug_frame   0x00000bc8      0x118 build/machines/cortex/tpl_machine_cortex.c.o
 .debug_frame   0x00000ce0       0x78 build/machines/cortex/armv7em/stm32f407/tpl_machine_stm32f407.c.o
 .debug_frame   0x00000d58       0xa0 build/machines/cortex/armv7em/stm32f407/startup_stm32f4xx.c.o
 .debug_frame   0x00000df8       0x7c build/machines/cortex/armv7em/stm32f407/system_stm32f4xx.c.o
 .debug_frame   0x00000e74       0xf8 build/machines/cortex/armv7em/stm32f407/handlers_stm32f4xx.c.o
 .debug_frame   0x00000f6c      0x214 build/machines/cortex/armv7em/stm32f407/STM32F4xx_StdPeriph_Driver/stm32f4xx_gpio.c.o
 .debug_frame   0x00001180      0x77c build/machines/cortex/armv7em/stm32f407/STM32F4xx_StdPeriph_Driver/stm32f4xx_rcc.c.o
 .debug_frame   0x000018fc      0x130 build/machines/cortex/armv7em/stm32f407/STM32F4xx_StdPeriph_Driver/stm32f4xx_exti.c.o
 .debug_frame   0x00001a2c      0x108 build/machines/cortex/armv7em/stm32f407/STM32F4xx_StdPeriph_Driver/stm32f4xx_syscfg.c.o
 .debug_frame   0x00001b34       0xc4 build/machines/cortex/armv7em/stm32f407/STM32F4xx_StdPeriph_Driver/misc.c.o
 .debug_frame   0x00001bf8       0xf4 build/machines/cortex/armv7em/stm32f407/stm32f4discovery/stm32f4_discovery.c.o
 .debug_frame   0x00001cec       0xe4 build/machines/cortex/armv7em/stm32f407/stm32f4discovery/tp.c.o
